<!doctype html public "-//w3c//dtd html 4.0 transitional//en">
<html><head>
<title>Static Call Graph - [.\Objects\PID.axf]</title></head>
<body><HR>
<H1>Static Call Graph for image .\Objects\PID.axf</H1><HR>
<BR><P>#&#060CALLGRAPH&#062# ARM Linker, 5060750: Last Updated: Fri Nov 06 01:32:54 2020
<BR><P>
<H3>Maximum Stack Usage =        120 bytes + Unknown(Functions without stacksize, Cycles, Untraceable Function Pointers)</H3><H3>
Call chain for Maximum Stack Depth:</H3>
UARTIntHandler &rArr; UARTprintf &rArr; UARTvprintf &rArr; UARTwrite
<P>
<H3>
Functions with no stack information
</H3><UL>
 <LI><a href="#[c]">Reset_Handler</a>
 <LI><a href="#[21]">__user_initial_stackheap</a>
 <LI><a href="#[3]">NmiSR</a>
 <LI><a href="#[4]">FaultISR</a>
 <LI><a href="#[5]">IntDefaultHandler</a>
</UL>
</UL>
<P>
<H3>
Mutually Recursive functions
</H3> <LI><a href="#[3]">NmiSR</a>&nbsp;&nbsp;&nbsp;&rArr;&nbsp;&nbsp;&nbsp;<a href="#[3]">NmiSR</a><BR>
 <LI><a href="#[4]">FaultISR</a>&nbsp;&nbsp;&nbsp;&rArr;&nbsp;&nbsp;&nbsp;<a href="#[4]">FaultISR</a><BR>
 <LI><a href="#[5]">IntDefaultHandler</a>&nbsp;&nbsp;&nbsp;&rArr;&nbsp;&nbsp;&nbsp;<a href="#[5]">IntDefaultHandler</a><BR>
 <LI><a href="#[1f]">SysCtlDelay</a>&nbsp;&nbsp;&nbsp;&rArr;&nbsp;&nbsp;&nbsp;<a href="#[1f]">SysCtlDelay</a><BR>
</UL>
<P>
<H3>
Function Pointers
</H3><UL>
 <LI><a href="#[4]">FaultISR</a> from startup_rvmdk.o(RESET) referenced from startup_rvmdk.o(RESET)
 <LI><a href="#[5]">IntDefaultHandler</a> from startup_rvmdk.o(RESET) referenced 109 times from startup_rvmdk.o(RESET)
 <LI><a href="#[3]">NmiSR</a> from startup_rvmdk.o(RESET) referenced from startup_rvmdk.o(RESET)
 <LI><a href="#[7]">PWMGen0IntHandler</a> from pwmlib.o(i.PWMGen0IntHandler) referenced from startup_rvmdk.o(RESET)
 <LI><a href="#[8]">PWMGen2IntHandler</a> from pwmlib.o(i.PWMGen2IntHandler) referenced from startup_rvmdk.o(RESET)
 <LI><a href="#[c]">Reset_Handler</a> from startup_rvmdk.o(RESET) referenced from startup_rvmdk.o(RESET)
 <LI><a href="#[b]">SysCtlClockGet</a> from sysctl.o(i.SysCtlClockGet) referenced from main.o(i.hardware_setup)
 <LI><a href="#[9]">Timer0IntHandler</a> from timer0lib.o(i.Timer0IntHandler) referenced from startup_rvmdk.o(RESET)
 <LI><a href="#[a]">Timer1IntHandler</a> from timer1lib.o(i.Timer1IntHandler) referenced from startup_rvmdk.o(RESET)
 <LI><a href="#[6]">UARTIntHandler</a> from uartlib.o(i.UARTIntHandler) referenced from startup_rvmdk.o(RESET)
</UL>
<P>
<H3>
Global Symbols
</H3>
<P><STRONG><a name="[c]"></a>Reset_Handler</STRONG> (Thumb, 0 bytes, Stack size unknown bytes, startup_rvmdk.o(RESET))
<BR><BR>[Calls]<UL><LI><a href="#[d]">&gt;&gt;</a>&nbsp;&nbsp;&nbsp;__main
</UL>

<P><STRONG><a name="[d]"></a>__main</STRONG> (Thumb, 8 bytes, Stack size 0 bytes, __main.o(!!!main))
<BR><BR>[Calls]<UL><LI><a href="#[e]">&gt;&gt;</a>&nbsp;&nbsp;&nbsp;__scatterload
<LI><a href="#[f]">&gt;&gt;</a>&nbsp;&nbsp;&nbsp;__rt_entry
</UL>
<BR>[Called By]<UL><LI><a href="#[c]">&gt;&gt;</a>&nbsp;&nbsp;&nbsp;Reset_Handler
</UL>

<P><STRONG><a name="[e]"></a>__scatterload</STRONG> (Thumb, 0 bytes, Stack size unknown bytes, __scatter.o(!!!scatter))
<BR><BR>[Called By]<UL><LI><a href="#[d]">&gt;&gt;</a>&nbsp;&nbsp;&nbsp;__main
</UL>

<P><STRONG><a name="[10]"></a>__scatterload_rt2</STRONG> (Thumb, 44 bytes, Stack size unknown bytes, __scatter.o(!!!scatter), UNUSED)
<BR><BR>[Calls]<UL><LI><a href="#[f]">&gt;&gt;</a>&nbsp;&nbsp;&nbsp;__rt_entry
</UL>

<P><STRONG><a name="[4d]"></a>__scatterload_rt2_thumb_only</STRONG> (Thumb, 0 bytes, Stack size unknown bytes, __scatter.o(!!!scatter), UNUSED)

<P><STRONG><a name="[4e]"></a>__scatterload_null</STRONG> (Thumb, 0 bytes, Stack size unknown bytes, __scatter.o(!!!scatter), UNUSED)

<P><STRONG><a name="[11]"></a>__scatterload_copy</STRONG> (Thumb, 26 bytes, Stack size unknown bytes, __scatter_copy.o(!!handler_copy), UNUSED)
<BR><BR>[Calls]<UL><LI><a href="#[11]">&gt;&gt;</a>&nbsp;&nbsp;&nbsp;__scatterload_copy
</UL>
<BR>[Called By]<UL><LI><a href="#[11]">&gt;&gt;</a>&nbsp;&nbsp;&nbsp;__scatterload_copy
</UL>

<P><STRONG><a name="[4f]"></a>__scatterload_zeroinit</STRONG> (Thumb, 28 bytes, Stack size unknown bytes, __scatter_zi.o(!!handler_zi), UNUSED)

<P><STRONG><a name="[17]"></a>__rt_lib_init</STRONG> (Thumb, 0 bytes, Stack size unknown bytes, libinit.o(.ARM.Collect$$libinit$$00000000))
<BR><BR>[Called By]<UL><LI><a href="#[16]">&gt;&gt;</a>&nbsp;&nbsp;&nbsp;__rt_entry_li
</UL>

<P><STRONG><a name="[12]"></a>__rt_lib_init_fp_1</STRONG> (Thumb, 0 bytes, Stack size unknown bytes, libinit2.o(.ARM.Collect$$libinit$$00000001))
<BR><BR>[Calls]<UL><LI><a href="#[13]">&gt;&gt;</a>&nbsp;&nbsp;&nbsp;_fp_init
</UL>

<P><STRONG><a name="[50]"></a>__rt_lib_init_alloca_1</STRONG> (Thumb, 0 bytes, Stack size unknown bytes, libinit2.o(.ARM.Collect$$libinit$$0000002E))

<P><STRONG><a name="[51]"></a>__rt_lib_init_argv_1</STRONG> (Thumb, 0 bytes, Stack size unknown bytes, libinit2.o(.ARM.Collect$$libinit$$0000002C))

<P><STRONG><a name="[52]"></a>__rt_lib_init_atexit_1</STRONG> (Thumb, 0 bytes, Stack size unknown bytes, libinit2.o(.ARM.Collect$$libinit$$0000001B))

<P><STRONG><a name="[53]"></a>__rt_lib_init_clock_1</STRONG> (Thumb, 0 bytes, Stack size unknown bytes, libinit2.o(.ARM.Collect$$libinit$$00000021))

<P><STRONG><a name="[54]"></a>__rt_lib_init_cpp_1</STRONG> (Thumb, 0 bytes, Stack size unknown bytes, libinit2.o(.ARM.Collect$$libinit$$00000032))

<P><STRONG><a name="[55]"></a>__rt_lib_init_exceptions_1</STRONG> (Thumb, 0 bytes, Stack size unknown bytes, libinit2.o(.ARM.Collect$$libinit$$00000030))

<P><STRONG><a name="[56]"></a>__rt_lib_init_fp_trap_1</STRONG> (Thumb, 0 bytes, Stack size unknown bytes, libinit2.o(.ARM.Collect$$libinit$$0000001F))

<P><STRONG><a name="[57]"></a>__rt_lib_init_getenv_1</STRONG> (Thumb, 0 bytes, Stack size unknown bytes, libinit2.o(.ARM.Collect$$libinit$$00000023))

<P><STRONG><a name="[58]"></a>__rt_lib_init_heap_1</STRONG> (Thumb, 0 bytes, Stack size unknown bytes, libinit2.o(.ARM.Collect$$libinit$$0000000A))

<P><STRONG><a name="[59]"></a>__rt_lib_init_lc_collate_1</STRONG> (Thumb, 0 bytes, Stack size unknown bytes, libinit2.o(.ARM.Collect$$libinit$$00000011))

<P><STRONG><a name="[5a]"></a>__rt_lib_init_lc_ctype_1</STRONG> (Thumb, 0 bytes, Stack size unknown bytes, libinit2.o(.ARM.Collect$$libinit$$00000013))

<P><STRONG><a name="[5b]"></a>__rt_lib_init_lc_monetary_1</STRONG> (Thumb, 0 bytes, Stack size unknown bytes, libinit2.o(.ARM.Collect$$libinit$$00000015))

<P><STRONG><a name="[5c]"></a>__rt_lib_init_lc_numeric_1</STRONG> (Thumb, 0 bytes, Stack size unknown bytes, libinit2.o(.ARM.Collect$$libinit$$00000017))

<P><STRONG><a name="[5d]"></a>__rt_lib_init_lc_time_1</STRONG> (Thumb, 0 bytes, Stack size unknown bytes, libinit2.o(.ARM.Collect$$libinit$$00000019))

<P><STRONG><a name="[5e]"></a>__rt_lib_init_preinit_1</STRONG> (Thumb, 0 bytes, Stack size unknown bytes, libinit2.o(.ARM.Collect$$libinit$$00000004))

<P><STRONG><a name="[5f]"></a>__rt_lib_init_rand_1</STRONG> (Thumb, 0 bytes, Stack size unknown bytes, libinit2.o(.ARM.Collect$$libinit$$0000000E))

<P><STRONG><a name="[60]"></a>__rt_lib_init_return</STRONG> (Thumb, 0 bytes, Stack size unknown bytes, libinit2.o(.ARM.Collect$$libinit$$00000033))

<P><STRONG><a name="[61]"></a>__rt_lib_init_signal_1</STRONG> (Thumb, 0 bytes, Stack size unknown bytes, libinit2.o(.ARM.Collect$$libinit$$0000001D))

<P><STRONG><a name="[62]"></a>__rt_lib_init_stdio_1</STRONG> (Thumb, 0 bytes, Stack size unknown bytes, libinit2.o(.ARM.Collect$$libinit$$00000025))

<P><STRONG><a name="[63]"></a>__rt_lib_init_user_alloc_1</STRONG> (Thumb, 0 bytes, Stack size unknown bytes, libinit2.o(.ARM.Collect$$libinit$$0000000C))

<P><STRONG><a name="[1c]"></a>__rt_lib_shutdown</STRONG> (Thumb, 0 bytes, Stack size unknown bytes, libshutdown.o(.ARM.Collect$$libshutdown$$00000000))
<BR><BR>[Called By]<UL><LI><a href="#[1b]">&gt;&gt;</a>&nbsp;&nbsp;&nbsp;__rt_exit_ls
</UL>

<P><STRONG><a name="[64]"></a>__rt_lib_shutdown_cpp_1</STRONG> (Thumb, 0 bytes, Stack size unknown bytes, libshutdown2.o(.ARM.Collect$$libshutdown$$00000002))

<P><STRONG><a name="[65]"></a>__rt_lib_shutdown_fp_trap_1</STRONG> (Thumb, 0 bytes, Stack size unknown bytes, libshutdown2.o(.ARM.Collect$$libshutdown$$00000007))

<P><STRONG><a name="[66]"></a>__rt_lib_shutdown_heap_1</STRONG> (Thumb, 0 bytes, Stack size unknown bytes, libshutdown2.o(.ARM.Collect$$libshutdown$$0000000F))

<P><STRONG><a name="[67]"></a>__rt_lib_shutdown_return</STRONG> (Thumb, 0 bytes, Stack size unknown bytes, libshutdown2.o(.ARM.Collect$$libshutdown$$00000010))

<P><STRONG><a name="[68]"></a>__rt_lib_shutdown_signal_1</STRONG> (Thumb, 0 bytes, Stack size unknown bytes, libshutdown2.o(.ARM.Collect$$libshutdown$$0000000A))

<P><STRONG><a name="[69]"></a>__rt_lib_shutdown_stdio_1</STRONG> (Thumb, 0 bytes, Stack size unknown bytes, libshutdown2.o(.ARM.Collect$$libshutdown$$00000004))

<P><STRONG><a name="[6a]"></a>__rt_lib_shutdown_user_alloc_1</STRONG> (Thumb, 0 bytes, Stack size unknown bytes, libshutdown2.o(.ARM.Collect$$libshutdown$$0000000C))

<P><STRONG><a name="[f]"></a>__rt_entry</STRONG> (Thumb, 0 bytes, Stack size unknown bytes, __rtentry.o(.ARM.Collect$$rtentry$$00000000))
<BR><BR>[Called By]<UL><LI><a href="#[10]">&gt;&gt;</a>&nbsp;&nbsp;&nbsp;__scatterload_rt2
<LI><a href="#[d]">&gt;&gt;</a>&nbsp;&nbsp;&nbsp;__main
</UL>

<P><STRONG><a name="[6b]"></a>__rt_entry_presh_1</STRONG> (Thumb, 0 bytes, Stack size unknown bytes, __rtentry2.o(.ARM.Collect$$rtentry$$00000002))

<P><STRONG><a name="[14]"></a>__rt_entry_sh</STRONG> (Thumb, 0 bytes, Stack size unknown bytes, __rtentry4.o(.ARM.Collect$$rtentry$$00000004))
<BR><BR>[Stack]<UL><LI>Max Depth = 8 + Unknown Stack Size
<LI>Call Chain = __rt_entry_sh &rArr; __user_setup_stackheap
</UL>
<BR>[Calls]<UL><LI><a href="#[15]">&gt;&gt;</a>&nbsp;&nbsp;&nbsp;__user_setup_stackheap
</UL>

<P><STRONG><a name="[16]"></a>__rt_entry_li</STRONG> (Thumb, 0 bytes, Stack size unknown bytes, __rtentry2.o(.ARM.Collect$$rtentry$$0000000A))
<BR><BR>[Calls]<UL><LI><a href="#[17]">&gt;&gt;</a>&nbsp;&nbsp;&nbsp;__rt_lib_init
</UL>

<P><STRONG><a name="[6c]"></a>__rt_entry_postsh_1</STRONG> (Thumb, 0 bytes, Stack size unknown bytes, __rtentry2.o(.ARM.Collect$$rtentry$$00000009))

<P><STRONG><a name="[18]"></a>__rt_entry_main</STRONG> (Thumb, 0 bytes, Stack size unknown bytes, __rtentry2.o(.ARM.Collect$$rtentry$$0000000D))
<BR><BR>[Stack]<UL><LI>Max Depth = 68 + Unknown Stack Size
<LI>Call Chain = __rt_entry_main &rArr; main &rArr; hardware_setup &rArr; qei_module1_config &rArr; GPIOPinTypeQEI &rArr; GPIOPadConfigSet
</UL>
<BR>[Calls]<UL><LI><a href="#[19]">&gt;&gt;</a>&nbsp;&nbsp;&nbsp;main
<LI><a href="#[1a]">&gt;&gt;</a>&nbsp;&nbsp;&nbsp;exit
</UL>

<P><STRONG><a name="[6d]"></a>__rt_entry_postli_1</STRONG> (Thumb, 0 bytes, Stack size unknown bytes, __rtentry2.o(.ARM.Collect$$rtentry$$0000000C))

<P><STRONG><a name="[22]"></a>__rt_exit</STRONG> (Thumb, 0 bytes, Stack size unknown bytes, rtexit.o(.ARM.Collect$$rtexit$$00000000))
<BR><BR>[Called By]<UL><LI><a href="#[1a]">&gt;&gt;</a>&nbsp;&nbsp;&nbsp;exit
</UL>

<P><STRONG><a name="[1b]"></a>__rt_exit_ls</STRONG> (Thumb, 0 bytes, Stack size unknown bytes, rtexit2.o(.ARM.Collect$$rtexit$$00000003))
<BR><BR>[Calls]<UL><LI><a href="#[1c]">&gt;&gt;</a>&nbsp;&nbsp;&nbsp;__rt_lib_shutdown
</UL>

<P><STRONG><a name="[6e]"></a>__rt_exit_prels_1</STRONG> (Thumb, 0 bytes, Stack size unknown bytes, rtexit2.o(.ARM.Collect$$rtexit$$00000002))

<P><STRONG><a name="[1d]"></a>__rt_exit_exit</STRONG> (Thumb, 0 bytes, Stack size unknown bytes, rtexit2.o(.ARM.Collect$$rtexit$$00000004))
<BR><BR>[Calls]<UL><LI><a href="#[1e]">&gt;&gt;</a>&nbsp;&nbsp;&nbsp;_sys_exit
</UL>

<P><STRONG><a name="[1f]"></a>SysCtlDelay</STRONG> (Thumb, 6 bytes, Stack size 0 bytes, sysctl.o(.emb_text))
<BR><BR>[Calls]<UL><LI><a href="#[1f]">&gt;&gt;</a>&nbsp;&nbsp;&nbsp;SysCtlDelay
</UL>
<BR>[Called By]<UL><LI><a href="#[1f]">&gt;&gt;</a>&nbsp;&nbsp;&nbsp;SysCtlDelay
<LI><a href="#[2a]">&gt;&gt;</a>&nbsp;&nbsp;&nbsp;SysCtlClockSet
<LI><a href="#[38]">&gt;&gt;</a>&nbsp;&nbsp;&nbsp;hardware_setup
</UL>

<P><STRONG><a name="[21]"></a>__user_initial_stackheap</STRONG> (Thumb, 0 bytes, Stack size unknown bytes, startup_rvmdk.o(.text))
<BR><BR>[Called By]<UL><LI><a href="#[15]">&gt;&gt;</a>&nbsp;&nbsp;&nbsp;__user_setup_stackheap
</UL>

<P><STRONG><a name="[6f]"></a>__use_two_region_memory</STRONG> (Thumb, 2 bytes, Stack size 0 bytes, heapauxi.o(.text), UNUSED)

<P><STRONG><a name="[70]"></a>__rt_heap_escrow$2region</STRONG> (Thumb, 2 bytes, Stack size 0 bytes, heapauxi.o(.text), UNUSED)

<P><STRONG><a name="[71]"></a>__rt_heap_expand$2region</STRONG> (Thumb, 2 bytes, Stack size 0 bytes, heapauxi.o(.text), UNUSED)

<P><STRONG><a name="[15]"></a>__user_setup_stackheap</STRONG> (Thumb, 74 bytes, Stack size 8 bytes, sys_stackheap_outer.o(.text))
<BR><BR>[Stack]<UL><LI>Max Depth = 8 + Unknown Stack Size
<LI>Call Chain = __user_setup_stackheap
</UL>
<BR>[Calls]<UL><LI><a href="#[21]">&gt;&gt;</a>&nbsp;&nbsp;&nbsp;__user_initial_stackheap
<LI><a href="#[20]">&gt;&gt;</a>&nbsp;&nbsp;&nbsp;__user_perproc_libspace
</UL>
<BR>[Called By]<UL><LI><a href="#[14]">&gt;&gt;</a>&nbsp;&nbsp;&nbsp;__rt_entry_sh
</UL>

<P><STRONG><a name="[1a]"></a>exit</STRONG> (Thumb, 18 bytes, Stack size 8 bytes, exit.o(.text))
<BR><BR>[Stack]<UL><LI>Max Depth = 8 + Unknown Stack Size
<LI>Call Chain = exit
</UL>
<BR>[Calls]<UL><LI><a href="#[22]">&gt;&gt;</a>&nbsp;&nbsp;&nbsp;__rt_exit
</UL>
<BR>[Called By]<UL><LI><a href="#[18]">&gt;&gt;</a>&nbsp;&nbsp;&nbsp;__rt_entry_main
</UL>

<P><STRONG><a name="[72]"></a>__user_libspace</STRONG> (Thumb, 8 bytes, Stack size 0 bytes, libspace.o(.text), UNUSED)

<P><STRONG><a name="[20]"></a>__user_perproc_libspace</STRONG> (Thumb, 0 bytes, Stack size 0 bytes, libspace.o(.text))
<BR><BR>[Called By]<UL><LI><a href="#[15]">&gt;&gt;</a>&nbsp;&nbsp;&nbsp;__user_setup_stackheap
</UL>

<P><STRONG><a name="[73]"></a>__user_perthread_libspace</STRONG> (Thumb, 0 bytes, Stack size 0 bytes, libspace.o(.text), UNUSED)

<P><STRONG><a name="[1e]"></a>_sys_exit</STRONG> (Thumb, 8 bytes, Stack size 0 bytes, sys_exit.o(.text))
<BR><BR>[Called By]<UL><LI><a href="#[1d]">&gt;&gt;</a>&nbsp;&nbsp;&nbsp;__rt_exit_exit
</UL>

<P><STRONG><a name="[74]"></a>__I$use$semihosting</STRONG> (Thumb, 0 bytes, Stack size 0 bytes, use_no_semi.o(.text), UNUSED)

<P><STRONG><a name="[75]"></a>__use_no_semihosting_swi</STRONG> (Thumb, 2 bytes, Stack size 0 bytes, use_no_semi.o(.text), UNUSED)

<P><STRONG><a name="[76]"></a>__semihosting_library_function</STRONG> (Thumb, 0 bytes, Stack size 0 bytes, indicate_semi.o(.text), UNUSED)

<P><STRONG><a name="[2c]"></a>arm_pid_init_f32</STRONG> (Thumb, 58 bytes, Stack size 0 bytes, arm_pid_init_f32.o(.text.arm_pid_init_f32))
<BR><BR>[Called By]<UL><LI><a href="#[a]">&gt;&gt;</a>&nbsp;&nbsp;&nbsp;Timer1IntHandler
<LI><a href="#[31]">&gt;&gt;</a>&nbsp;&nbsp;&nbsp;pid2Config
<LI><a href="#[30]">&gt;&gt;</a>&nbsp;&nbsp;&nbsp;pid1Config
</UL>

<P><STRONG><a name="[2b]"></a>arm_pid_reset_f32</STRONG> (Thumb, 10 bytes, Stack size 0 bytes, arm_pid_reset_f32.o(.text.arm_pid_reset_f32))
<BR><BR>[Called By]<UL><LI><a href="#[a]">&gt;&gt;</a>&nbsp;&nbsp;&nbsp;Timer1IntHandler
</UL>

<P><STRONG><a name="[24]"></a>GPIODirModeSet</STRONG> (Thumb, 40 bytes, Stack size 0 bytes, gpio.o(i.GPIODirModeSet))
<BR><BR>[Called By]<UL><LI><a href="#[23]">&gt;&gt;</a>&nbsp;&nbsp;&nbsp;GPIOPinTypePWM
<LI><a href="#[27]">&gt;&gt;</a>&nbsp;&nbsp;&nbsp;GPIOPinTypeUART
<LI><a href="#[26]">&gt;&gt;</a>&nbsp;&nbsp;&nbsp;GPIOPinTypeQEI
</UL>

<P><STRONG><a name="[25]"></a>GPIOPadConfigSet</STRONG> (Thumb, 312 bytes, Stack size 24 bytes, gpio.o(i.GPIOPadConfigSet))
<BR><BR>[Stack]<UL><LI>Max Depth = 24<LI>Call Chain = GPIOPadConfigSet
</UL>
<BR>[Called By]<UL><LI><a href="#[23]">&gt;&gt;</a>&nbsp;&nbsp;&nbsp;GPIOPinTypePWM
<LI><a href="#[27]">&gt;&gt;</a>&nbsp;&nbsp;&nbsp;GPIOPinTypeUART
<LI><a href="#[26]">&gt;&gt;</a>&nbsp;&nbsp;&nbsp;GPIOPinTypeQEI
</UL>

<P><STRONG><a name="[41]"></a>GPIOPinConfigure</STRONG> (Thumb, 60 bytes, Stack size 0 bytes, gpio.o(i.GPIOPinConfigure))
<BR><BR>[Called By]<UL><LI><a href="#[3c]">&gt;&gt;</a>&nbsp;&nbsp;&nbsp;qei_module1_config
<LI><a href="#[3b]">&gt;&gt;</a>&nbsp;&nbsp;&nbsp;qei_module0_config
<LI><a href="#[3e]">&gt;&gt;</a>&nbsp;&nbsp;&nbsp;motor2_configure
<LI><a href="#[3d]">&gt;&gt;</a>&nbsp;&nbsp;&nbsp;motor1_configure
</UL>

<P><STRONG><a name="[23]"></a>GPIOPinTypePWM</STRONG> (Thumb, 28 bytes, Stack size 12 bytes, gpio.o(i.GPIOPinTypePWM))
<BR><BR>[Stack]<UL><LI>Max Depth = 36<LI>Call Chain = GPIOPinTypePWM &rArr; GPIOPadConfigSet
</UL>
<BR>[Calls]<UL><LI><a href="#[25]">&gt;&gt;</a>&nbsp;&nbsp;&nbsp;GPIOPadConfigSet
<LI><a href="#[24]">&gt;&gt;</a>&nbsp;&nbsp;&nbsp;GPIODirModeSet
</UL>
<BR>[Called By]<UL><LI><a href="#[3e]">&gt;&gt;</a>&nbsp;&nbsp;&nbsp;motor2_configure
<LI><a href="#[3d]">&gt;&gt;</a>&nbsp;&nbsp;&nbsp;motor1_configure
</UL>

<P><STRONG><a name="[26]"></a>GPIOPinTypeQEI</STRONG> (Thumb, 28 bytes, Stack size 12 bytes, gpio.o(i.GPIOPinTypeQEI))
<BR><BR>[Stack]<UL><LI>Max Depth = 36<LI>Call Chain = GPIOPinTypeQEI &rArr; GPIOPadConfigSet
</UL>
<BR>[Calls]<UL><LI><a href="#[25]">&gt;&gt;</a>&nbsp;&nbsp;&nbsp;GPIOPadConfigSet
<LI><a href="#[24]">&gt;&gt;</a>&nbsp;&nbsp;&nbsp;GPIODirModeSet
</UL>
<BR>[Called By]<UL><LI><a href="#[3c]">&gt;&gt;</a>&nbsp;&nbsp;&nbsp;qei_module1_config
<LI><a href="#[3b]">&gt;&gt;</a>&nbsp;&nbsp;&nbsp;qei_module0_config
</UL>

<P><STRONG><a name="[27]"></a>GPIOPinTypeUART</STRONG> (Thumb, 28 bytes, Stack size 12 bytes, gpio.o(i.GPIOPinTypeUART))
<BR><BR>[Stack]<UL><LI>Max Depth = 36<LI>Call Chain = GPIOPinTypeUART &rArr; GPIOPadConfigSet
</UL>
<BR>[Calls]<UL><LI><a href="#[25]">&gt;&gt;</a>&nbsp;&nbsp;&nbsp;GPIOPadConfigSet
<LI><a href="#[24]">&gt;&gt;</a>&nbsp;&nbsp;&nbsp;GPIODirModeSet
</UL>
<BR>[Called By]<UL><LI><a href="#[38]">&gt;&gt;</a>&nbsp;&nbsp;&nbsp;hardware_setup
</UL>

<P><STRONG><a name="[7]"></a>PWMGen0IntHandler</STRONG> (Thumb, 288 bytes, Stack size 16 bytes, pwmlib.o(i.PWMGen0IntHandler))
<BR><BR>[Stack]<UL><LI>Max Depth = 16<LI>Call Chain = PWMGen0IntHandler
</UL>
<BR>[Calls]<UL><LI><a href="#[29]">&gt;&gt;</a>&nbsp;&nbsp;&nbsp;PWMPulseWidthSet
<LI><a href="#[28]">&gt;&gt;</a>&nbsp;&nbsp;&nbsp;PWMOutputState
</UL>
<BR>[Address Reference Count : 1]<UL><LI> startup_rvmdk.o(RESET)
</UL>
<P><STRONG><a name="[8]"></a>PWMGen2IntHandler</STRONG> (Thumb, 284 bytes, Stack size 16 bytes, pwmlib.o(i.PWMGen2IntHandler))
<BR><BR>[Stack]<UL><LI>Max Depth = 16<LI>Call Chain = PWMGen2IntHandler
</UL>
<BR>[Calls]<UL><LI><a href="#[29]">&gt;&gt;</a>&nbsp;&nbsp;&nbsp;PWMPulseWidthSet
<LI><a href="#[28]">&gt;&gt;</a>&nbsp;&nbsp;&nbsp;PWMOutputState
</UL>
<BR>[Address Reference Count : 1]<UL><LI> startup_rvmdk.o(RESET)
</UL>
<P><STRONG><a name="[42]"></a>PWMGenConfigure</STRONG> (Thumb, 38 bytes, Stack size 0 bytes, pwm.o(i.PWMGenConfigure))
<BR><BR>[Called By]<UL><LI><a href="#[3e]">&gt;&gt;</a>&nbsp;&nbsp;&nbsp;motor2_configure
<LI><a href="#[3d]">&gt;&gt;</a>&nbsp;&nbsp;&nbsp;motor1_configure
</UL>

<P><STRONG><a name="[44]"></a>PWMGenEnable</STRONG> (Thumb, 10 bytes, Stack size 0 bytes, pwm.o(i.PWMGenEnable))
<BR><BR>[Called By]<UL><LI><a href="#[3e]">&gt;&gt;</a>&nbsp;&nbsp;&nbsp;motor2_configure
<LI><a href="#[3d]">&gt;&gt;</a>&nbsp;&nbsp;&nbsp;motor1_configure
</UL>

<P><STRONG><a name="[43]"></a>PWMGenPeriodSet</STRONG> (Thumb, 18 bytes, Stack size 0 bytes, pwm.o(i.PWMGenPeriodSet))
<BR><BR>[Called By]<UL><LI><a href="#[3e]">&gt;&gt;</a>&nbsp;&nbsp;&nbsp;motor2_configure
<LI><a href="#[3d]">&gt;&gt;</a>&nbsp;&nbsp;&nbsp;motor1_configure
</UL>

<P><STRONG><a name="[28]"></a>PWMOutputState</STRONG> (Thumb, 16 bytes, Stack size 0 bytes, pwm.o(i.PWMOutputState))
<BR><BR>[Called By]<UL><LI><a href="#[8]">&gt;&gt;</a>&nbsp;&nbsp;&nbsp;PWMGen2IntHandler
<LI><a href="#[7]">&gt;&gt;</a>&nbsp;&nbsp;&nbsp;PWMGen0IntHandler
<LI><a href="#[3e]">&gt;&gt;</a>&nbsp;&nbsp;&nbsp;motor2_configure
<LI><a href="#[3d]">&gt;&gt;</a>&nbsp;&nbsp;&nbsp;motor1_configure
</UL>

<P><STRONG><a name="[29]"></a>PWMPulseWidthSet</STRONG> (Thumb, 32 bytes, Stack size 0 bytes, pwm.o(i.PWMPulseWidthSet))
<BR><BR>[Called By]<UL><LI><a href="#[8]">&gt;&gt;</a>&nbsp;&nbsp;&nbsp;PWMGen2IntHandler
<LI><a href="#[7]">&gt;&gt;</a>&nbsp;&nbsp;&nbsp;PWMGen0IntHandler
</UL>

<P><STRONG><a name="[47]"></a>QEIConfigure</STRONG> (Thumb, 14 bytes, Stack size 0 bytes, qei.o(i.QEIConfigure))
<BR><BR>[Called By]<UL><LI><a href="#[3c]">&gt;&gt;</a>&nbsp;&nbsp;&nbsp;qei_module1_config
<LI><a href="#[3b]">&gt;&gt;</a>&nbsp;&nbsp;&nbsp;qei_module0_config
</UL>

<P><STRONG><a name="[45]"></a>QEIDisable</STRONG> (Thumb, 10 bytes, Stack size 0 bytes, qei.o(i.QEIDisable))
<BR><BR>[Called By]<UL><LI><a href="#[3c]">&gt;&gt;</a>&nbsp;&nbsp;&nbsp;qei_module1_config
<LI><a href="#[3b]">&gt;&gt;</a>&nbsp;&nbsp;&nbsp;qei_module0_config
</UL>

<P><STRONG><a name="[48]"></a>QEIEnable</STRONG> (Thumb, 10 bytes, Stack size 0 bytes, qei.o(i.QEIEnable))
<BR><BR>[Called By]<UL><LI><a href="#[3c]">&gt;&gt;</a>&nbsp;&nbsp;&nbsp;qei_module1_config
<LI><a href="#[3b]">&gt;&gt;</a>&nbsp;&nbsp;&nbsp;qei_module0_config
</UL>

<P><STRONG><a name="[4b]"></a>QEIFilterConfigure</STRONG> (Thumb, 12 bytes, Stack size 0 bytes, qei.o(i.QEIFilterConfigure))
<BR><BR>[Called By]<UL><LI><a href="#[3c]">&gt;&gt;</a>&nbsp;&nbsp;&nbsp;qei_module1_config
<LI><a href="#[3b]">&gt;&gt;</a>&nbsp;&nbsp;&nbsp;qei_module0_config
</UL>

<P><STRONG><a name="[4a]"></a>QEIFilterDisable</STRONG> (Thumb, 10 bytes, Stack size 0 bytes, qei.o(i.QEIFilterDisable))
<BR><BR>[Called By]<UL><LI><a href="#[3c]">&gt;&gt;</a>&nbsp;&nbsp;&nbsp;qei_module1_config
<LI><a href="#[3b]">&gt;&gt;</a>&nbsp;&nbsp;&nbsp;qei_module0_config
</UL>

<P><STRONG><a name="[4c]"></a>QEIFilterEnable</STRONG> (Thumb, 10 bytes, Stack size 0 bytes, qei.o(i.QEIFilterEnable))
<BR><BR>[Called By]<UL><LI><a href="#[3c]">&gt;&gt;</a>&nbsp;&nbsp;&nbsp;qei_module1_config
<LI><a href="#[3b]">&gt;&gt;</a>&nbsp;&nbsp;&nbsp;qei_module0_config
</UL>

<P><STRONG><a name="[46]"></a>QEIIntDisable</STRONG> (Thumb, 10 bytes, Stack size 0 bytes, qei.o(i.QEIIntDisable))
<BR><BR>[Called By]<UL><LI><a href="#[3c]">&gt;&gt;</a>&nbsp;&nbsp;&nbsp;qei_module1_config
<LI><a href="#[3b]">&gt;&gt;</a>&nbsp;&nbsp;&nbsp;qei_module0_config
</UL>

<P><STRONG><a name="[37]"></a>QEIPositionGet</STRONG> (Thumb, 4 bytes, Stack size 0 bytes, qei.o(i.QEIPositionGet))
<BR><BR>[Called By]<UL><LI><a href="#[36]">&gt;&gt;</a>&nbsp;&nbsp;&nbsp;get_position_in_degrees
</UL>

<P><STRONG><a name="[49]"></a>QEIPositionSet</STRONG> (Thumb, 4 bytes, Stack size 0 bytes, qei.o(i.QEIPositionSet))
<BR><BR>[Called By]<UL><LI><a href="#[3c]">&gt;&gt;</a>&nbsp;&nbsp;&nbsp;qei_module1_config
<LI><a href="#[3b]">&gt;&gt;</a>&nbsp;&nbsp;&nbsp;qei_module0_config
</UL>

<P><STRONG><a name="[b]"></a>SysCtlClockGet</STRONG> (Thumb, 304 bytes, Stack size 12 bytes, sysctl.o(i.SysCtlClockGet))
<BR><BR>[Stack]<UL><LI>Max Depth = 12<LI>Call Chain = SysCtlClockGet
</UL>
<BR>[Called By]<UL><LI><a href="#[3e]">&gt;&gt;</a>&nbsp;&nbsp;&nbsp;motor2_configure
<LI><a href="#[3d]">&gt;&gt;</a>&nbsp;&nbsp;&nbsp;motor1_configure
<LI><a href="#[38]">&gt;&gt;</a>&nbsp;&nbsp;&nbsp;hardware_setup
</UL>
<BR>[Address Reference Count : 1]<UL><LI> main.o(i.hardware_setup)
</UL>
<P><STRONG><a name="[2a]"></a>SysCtlClockSet</STRONG> (Thumb, 270 bytes, Stack size 8 bytes, sysctl.o(i.SysCtlClockSet))
<BR><BR>[Stack]<UL><LI>Max Depth = 8<LI>Call Chain = SysCtlClockSet
</UL>
<BR>[Calls]<UL><LI><a href="#[1f]">&gt;&gt;</a>&nbsp;&nbsp;&nbsp;SysCtlDelay
</UL>
<BR>[Called By]<UL><LI><a href="#[38]">&gt;&gt;</a>&nbsp;&nbsp;&nbsp;hardware_setup
</UL>

<P><STRONG><a name="[3f]"></a>SysCtlPWMClockSet</STRONG> (Thumb, 14 bytes, Stack size 0 bytes, sysctl.o(i.SysCtlPWMClockSet))
<BR><BR>[Called By]<UL><LI><a href="#[3e]">&gt;&gt;</a>&nbsp;&nbsp;&nbsp;motor2_configure
<LI><a href="#[3d]">&gt;&gt;</a>&nbsp;&nbsp;&nbsp;motor1_configure
</UL>

<P><STRONG><a name="[39]"></a>SysCtlPeripheralEnable</STRONG> (Thumb, 36 bytes, Stack size 0 bytes, sysctl.o(i.SysCtlPeripheralEnable))
<BR><BR>[Called By]<UL><LI><a href="#[3c]">&gt;&gt;</a>&nbsp;&nbsp;&nbsp;qei_module1_config
<LI><a href="#[3b]">&gt;&gt;</a>&nbsp;&nbsp;&nbsp;qei_module0_config
<LI><a href="#[3e]">&gt;&gt;</a>&nbsp;&nbsp;&nbsp;motor2_configure
<LI><a href="#[3d]">&gt;&gt;</a>&nbsp;&nbsp;&nbsp;motor1_configure
<LI><a href="#[38]">&gt;&gt;</a>&nbsp;&nbsp;&nbsp;hardware_setup
</UL>

<P><STRONG><a name="[40]"></a>SysCtlPeripheralReady</STRONG> (Thumb, 40 bytes, Stack size 0 bytes, sysctl.o(i.SysCtlPeripheralReady))
<BR><BR>[Called By]<UL><LI><a href="#[3c]">&gt;&gt;</a>&nbsp;&nbsp;&nbsp;qei_module1_config
<LI><a href="#[3b]">&gt;&gt;</a>&nbsp;&nbsp;&nbsp;qei_module0_config
<LI><a href="#[3e]">&gt;&gt;</a>&nbsp;&nbsp;&nbsp;motor2_configure
<LI><a href="#[3d]">&gt;&gt;</a>&nbsp;&nbsp;&nbsp;motor1_configure
</UL>

<P><STRONG><a name="[2e]"></a>Timer0Configure</STRONG> (Thumb, 102 bytes, Stack size 8 bytes, timer0lib.o(i.Timer0Configure))
<BR><BR>[Stack]<UL><LI>Max Depth = 8<LI>Call Chain = Timer0Configure
</UL>
<BR>[Called By]<UL><LI><a href="#[6]">&gt;&gt;</a>&nbsp;&nbsp;&nbsp;UARTIntHandler
</UL>

<P><STRONG><a name="[9]"></a>Timer0IntHandler</STRONG> (Thumb, 244 bytes, Stack size 8 bytes, timer0lib.o(i.Timer0IntHandler))
<BR><BR>[Stack]<UL><LI>Max Depth = 8<LI>Call Chain = Timer0IntHandler
</UL>
<BR>[Address Reference Count : 1]<UL><LI> startup_rvmdk.o(RESET)
</UL>
<P><STRONG><a name="[2f]"></a>Timer1Configure</STRONG> (Thumb, 102 bytes, Stack size 8 bytes, timer1lib.o(i.Timer1Configure))
<BR><BR>[Stack]<UL><LI>Max Depth = 8<LI>Call Chain = Timer1Configure
</UL>
<BR>[Called By]<UL><LI><a href="#[6]">&gt;&gt;</a>&nbsp;&nbsp;&nbsp;UARTIntHandler
</UL>

<P><STRONG><a name="[a]"></a>Timer1IntHandler</STRONG> (Thumb, 340 bytes, Stack size 8 bytes, timer1lib.o(i.Timer1IntHandler))
<BR><BR>[Stack]<UL><LI>Max Depth = 8<LI>Call Chain = Timer1IntHandler
</UL>
<BR>[Calls]<UL><LI><a href="#[2b]">&gt;&gt;</a>&nbsp;&nbsp;&nbsp;arm_pid_reset_f32
<LI><a href="#[2c]">&gt;&gt;</a>&nbsp;&nbsp;&nbsp;arm_pid_init_f32
</UL>
<BR>[Address Reference Count : 1]<UL><LI> startup_rvmdk.o(RESET)
</UL>
<P><STRONG><a name="[2d]"></a>UARTIntClear</STRONG> (Thumb, 4 bytes, Stack size 0 bytes, uart.o(i.UARTIntClear))
<BR><BR>[Called By]<UL><LI><a href="#[6]">&gt;&gt;</a>&nbsp;&nbsp;&nbsp;UARTIntHandler
</UL>

<P><STRONG><a name="[6]"></a>UARTIntHandler</STRONG> (Thumb, 118 bytes, Stack size 16 bytes, uartlib.o(i.UARTIntHandler))
<BR><BR>[Stack]<UL><LI>Max Depth = 120<LI>Call Chain = UARTIntHandler &rArr; UARTprintf &rArr; UARTvprintf &rArr; UARTwrite
</UL>
<BR>[Calls]<UL><LI><a href="#[33]">&gt;&gt;</a>&nbsp;&nbsp;&nbsp;UARTprintf
<LI><a href="#[32]">&gt;&gt;</a>&nbsp;&nbsp;&nbsp;UARTgetc
<LI><a href="#[2d]">&gt;&gt;</a>&nbsp;&nbsp;&nbsp;UARTIntClear
<LI><a href="#[2f]">&gt;&gt;</a>&nbsp;&nbsp;&nbsp;Timer1Configure
<LI><a href="#[2e]">&gt;&gt;</a>&nbsp;&nbsp;&nbsp;Timer0Configure
<LI><a href="#[31]">&gt;&gt;</a>&nbsp;&nbsp;&nbsp;pid2Config
<LI><a href="#[30]">&gt;&gt;</a>&nbsp;&nbsp;&nbsp;pid1Config
</UL>
<BR>[Address Reference Count : 1]<UL><LI> startup_rvmdk.o(RESET)
</UL>
<P><STRONG><a name="[3a]"></a>UARTStdioConfig</STRONG> (Thumb, 96 bytes, Stack size 24 bytes, uartstdio.o(i.UARTStdioConfig))
<BR><BR>[Stack]<UL><LI>Max Depth = 24<LI>Call Chain = UARTStdioConfig
</UL>
<BR>[Called By]<UL><LI><a href="#[38]">&gt;&gt;</a>&nbsp;&nbsp;&nbsp;hardware_setup
</UL>

<P><STRONG><a name="[32]"></a>UARTgetc</STRONG> (Thumb, 20 bytes, Stack size 8 bytes, uartstdio.o(i.UARTgetc))
<BR><BR>[Stack]<UL><LI>Max Depth = 8<LI>Call Chain = UARTgetc
</UL>
<BR>[Called By]<UL><LI><a href="#[6]">&gt;&gt;</a>&nbsp;&nbsp;&nbsp;UARTIntHandler
</UL>

<P><STRONG><a name="[33]"></a>UARTprintf</STRONG> (Thumb, 26 bytes, Stack size 24 bytes, uartstdio.o(i.UARTprintf))
<BR><BR>[Stack]<UL><LI>Max Depth = 104<LI>Call Chain = UARTprintf &rArr; UARTvprintf &rArr; UARTwrite
</UL>
<BR>[Calls]<UL><LI><a href="#[34]">&gt;&gt;</a>&nbsp;&nbsp;&nbsp;UARTvprintf
</UL>
<BR>[Called By]<UL><LI><a href="#[6]">&gt;&gt;</a>&nbsp;&nbsp;&nbsp;UARTIntHandler
</UL>

<P><STRONG><a name="[34]"></a>UARTvprintf</STRONG> (Thumb, 574 bytes, Stack size 64 bytes, uartstdio.o(i.UARTvprintf))
<BR><BR>[Stack]<UL><LI>Max Depth = 80<LI>Call Chain = UARTvprintf &rArr; UARTwrite
</UL>
<BR>[Calls]<UL><LI><a href="#[35]">&gt;&gt;</a>&nbsp;&nbsp;&nbsp;UARTwrite
</UL>
<BR>[Called By]<UL><LI><a href="#[33]">&gt;&gt;</a>&nbsp;&nbsp;&nbsp;UARTprintf
</UL>

<P><STRONG><a name="[35]"></a>UARTwrite</STRONG> (Thumb, 58 bytes, Stack size 16 bytes, uartstdio.o(i.UARTwrite))
<BR><BR>[Stack]<UL><LI>Max Depth = 16<LI>Call Chain = UARTwrite
</UL>
<BR>[Called By]<UL><LI><a href="#[34]">&gt;&gt;</a>&nbsp;&nbsp;&nbsp;UARTvprintf
</UL>

<P><STRONG><a name="[36]"></a>get_position_in_degrees</STRONG> (Thumb, 64 bytes, Stack size 24 bytes, encoder.o(i.get_position_in_degrees))
<BR><BR>[Stack]<UL><LI>Max Depth = 24<LI>Call Chain = get_position_in_degrees
</UL>
<BR>[Calls]<UL><LI><a href="#[37]">&gt;&gt;</a>&nbsp;&nbsp;&nbsp;QEIPositionGet
</UL>
<BR>[Called By]<UL><LI><a href="#[19]">&gt;&gt;</a>&nbsp;&nbsp;&nbsp;main
</UL>

<P><STRONG><a name="[38]"></a>hardware_setup</STRONG> (Thumb, 86 bytes, Stack size 8 bytes, main.o(i.hardware_setup))
<BR><BR>[Stack]<UL><LI>Max Depth = 68<LI>Call Chain = hardware_setup &rArr; qei_module1_config &rArr; GPIOPinTypeQEI &rArr; GPIOPadConfigSet
</UL>
<BR>[Calls]<UL><LI><a href="#[3c]">&gt;&gt;</a>&nbsp;&nbsp;&nbsp;qei_module1_config
<LI><a href="#[3b]">&gt;&gt;</a>&nbsp;&nbsp;&nbsp;qei_module0_config
<LI><a href="#[3e]">&gt;&gt;</a>&nbsp;&nbsp;&nbsp;motor2_configure
<LI><a href="#[3d]">&gt;&gt;</a>&nbsp;&nbsp;&nbsp;motor1_configure
<LI><a href="#[3a]">&gt;&gt;</a>&nbsp;&nbsp;&nbsp;UARTStdioConfig
<LI><a href="#[39]">&gt;&gt;</a>&nbsp;&nbsp;&nbsp;SysCtlPeripheralEnable
<LI><a href="#[1f]">&gt;&gt;</a>&nbsp;&nbsp;&nbsp;SysCtlDelay
<LI><a href="#[2a]">&gt;&gt;</a>&nbsp;&nbsp;&nbsp;SysCtlClockSet
<LI><a href="#[b]">&gt;&gt;</a>&nbsp;&nbsp;&nbsp;SysCtlClockGet
<LI><a href="#[27]">&gt;&gt;</a>&nbsp;&nbsp;&nbsp;GPIOPinTypeUART
</UL>
<BR>[Called By]<UL><LI><a href="#[19]">&gt;&gt;</a>&nbsp;&nbsp;&nbsp;main
</UL>

<P><STRONG><a name="[19]"></a>main</STRONG> (Thumb, 28 bytes, Stack size 0 bytes, main.o(i.main))
<BR><BR>[Stack]<UL><LI>Max Depth = 68<LI>Call Chain = main &rArr; hardware_setup &rArr; qei_module1_config &rArr; GPIOPinTypeQEI &rArr; GPIOPadConfigSet
</UL>
<BR>[Calls]<UL><LI><a href="#[36]">&gt;&gt;</a>&nbsp;&nbsp;&nbsp;get_position_in_degrees
<LI><a href="#[38]">&gt;&gt;</a>&nbsp;&nbsp;&nbsp;hardware_setup
</UL>
<BR>[Called By]<UL><LI><a href="#[18]">&gt;&gt;</a>&nbsp;&nbsp;&nbsp;__rt_entry_main
</UL>

<P><STRONG><a name="[3d]"></a>motor1_configure</STRONG> (Thumb, 112 bytes, Stack size 16 bytes, motor.o(i.motor1_configure))
<BR><BR>[Stack]<UL><LI>Max Depth = 52<LI>Call Chain = motor1_configure &rArr; GPIOPinTypePWM &rArr; GPIOPadConfigSet
</UL>
<BR>[Calls]<UL><LI><a href="#[3f]">&gt;&gt;</a>&nbsp;&nbsp;&nbsp;SysCtlPWMClockSet
<LI><a href="#[28]">&gt;&gt;</a>&nbsp;&nbsp;&nbsp;PWMOutputState
<LI><a href="#[43]">&gt;&gt;</a>&nbsp;&nbsp;&nbsp;PWMGenPeriodSet
<LI><a href="#[44]">&gt;&gt;</a>&nbsp;&nbsp;&nbsp;PWMGenEnable
<LI><a href="#[42]">&gt;&gt;</a>&nbsp;&nbsp;&nbsp;PWMGenConfigure
<LI><a href="#[23]">&gt;&gt;</a>&nbsp;&nbsp;&nbsp;GPIOPinTypePWM
<LI><a href="#[40]">&gt;&gt;</a>&nbsp;&nbsp;&nbsp;SysCtlPeripheralReady
<LI><a href="#[39]">&gt;&gt;</a>&nbsp;&nbsp;&nbsp;SysCtlPeripheralEnable
<LI><a href="#[b]">&gt;&gt;</a>&nbsp;&nbsp;&nbsp;SysCtlClockGet
<LI><a href="#[41]">&gt;&gt;</a>&nbsp;&nbsp;&nbsp;GPIOPinConfigure
</UL>
<BR>[Called By]<UL><LI><a href="#[38]">&gt;&gt;</a>&nbsp;&nbsp;&nbsp;hardware_setup
</UL>

<P><STRONG><a name="[3e]"></a>motor2_configure</STRONG> (Thumb, 112 bytes, Stack size 16 bytes, motor.o(i.motor2_configure))
<BR><BR>[Stack]<UL><LI>Max Depth = 52<LI>Call Chain = motor2_configure &rArr; GPIOPinTypePWM &rArr; GPIOPadConfigSet
</UL>
<BR>[Calls]<UL><LI><a href="#[3f]">&gt;&gt;</a>&nbsp;&nbsp;&nbsp;SysCtlPWMClockSet
<LI><a href="#[28]">&gt;&gt;</a>&nbsp;&nbsp;&nbsp;PWMOutputState
<LI><a href="#[43]">&gt;&gt;</a>&nbsp;&nbsp;&nbsp;PWMGenPeriodSet
<LI><a href="#[44]">&gt;&gt;</a>&nbsp;&nbsp;&nbsp;PWMGenEnable
<LI><a href="#[42]">&gt;&gt;</a>&nbsp;&nbsp;&nbsp;PWMGenConfigure
<LI><a href="#[23]">&gt;&gt;</a>&nbsp;&nbsp;&nbsp;GPIOPinTypePWM
<LI><a href="#[40]">&gt;&gt;</a>&nbsp;&nbsp;&nbsp;SysCtlPeripheralReady
<LI><a href="#[39]">&gt;&gt;</a>&nbsp;&nbsp;&nbsp;SysCtlPeripheralEnable
<LI><a href="#[b]">&gt;&gt;</a>&nbsp;&nbsp;&nbsp;SysCtlClockGet
<LI><a href="#[41]">&gt;&gt;</a>&nbsp;&nbsp;&nbsp;GPIOPinConfigure
</UL>
<BR>[Called By]<UL><LI><a href="#[38]">&gt;&gt;</a>&nbsp;&nbsp;&nbsp;hardware_setup
</UL>

<P><STRONG><a name="[30]"></a>pid1Config</STRONG> (Thumb, 46 bytes, Stack size 8 bytes, pidlib.o(i.pid1Config))
<BR><BR>[Stack]<UL><LI>Max Depth = 8<LI>Call Chain = pid1Config
</UL>
<BR>[Calls]<UL><LI><a href="#[2c]">&gt;&gt;</a>&nbsp;&nbsp;&nbsp;arm_pid_init_f32
</UL>
<BR>[Called By]<UL><LI><a href="#[6]">&gt;&gt;</a>&nbsp;&nbsp;&nbsp;UARTIntHandler
</UL>

<P><STRONG><a name="[31]"></a>pid2Config</STRONG> (Thumb, 46 bytes, Stack size 8 bytes, pidlib.o(i.pid2Config))
<BR><BR>[Stack]<UL><LI>Max Depth = 8<LI>Call Chain = pid2Config
</UL>
<BR>[Calls]<UL><LI><a href="#[2c]">&gt;&gt;</a>&nbsp;&nbsp;&nbsp;arm_pid_init_f32
</UL>
<BR>[Called By]<UL><LI><a href="#[6]">&gt;&gt;</a>&nbsp;&nbsp;&nbsp;UARTIntHandler
</UL>

<P><STRONG><a name="[3b]"></a>qei_module0_config</STRONG> (Thumb, 158 bytes, Stack size 24 bytes, encoder.o(i.qei_module0_config))
<BR><BR>[Stack]<UL><LI>Max Depth = 60<LI>Call Chain = qei_module0_config &rArr; GPIOPinTypeQEI &rArr; GPIOPadConfigSet
</UL>
<BR>[Calls]<UL><LI><a href="#[40]">&gt;&gt;</a>&nbsp;&nbsp;&nbsp;SysCtlPeripheralReady
<LI><a href="#[39]">&gt;&gt;</a>&nbsp;&nbsp;&nbsp;SysCtlPeripheralEnable
<LI><a href="#[49]">&gt;&gt;</a>&nbsp;&nbsp;&nbsp;QEIPositionSet
<LI><a href="#[46]">&gt;&gt;</a>&nbsp;&nbsp;&nbsp;QEIIntDisable
<LI><a href="#[4c]">&gt;&gt;</a>&nbsp;&nbsp;&nbsp;QEIFilterEnable
<LI><a href="#[4a]">&gt;&gt;</a>&nbsp;&nbsp;&nbsp;QEIFilterDisable
<LI><a href="#[4b]">&gt;&gt;</a>&nbsp;&nbsp;&nbsp;QEIFilterConfigure
<LI><a href="#[48]">&gt;&gt;</a>&nbsp;&nbsp;&nbsp;QEIEnable
<LI><a href="#[45]">&gt;&gt;</a>&nbsp;&nbsp;&nbsp;QEIDisable
<LI><a href="#[47]">&gt;&gt;</a>&nbsp;&nbsp;&nbsp;QEIConfigure
<LI><a href="#[26]">&gt;&gt;</a>&nbsp;&nbsp;&nbsp;GPIOPinTypeQEI
<LI><a href="#[41]">&gt;&gt;</a>&nbsp;&nbsp;&nbsp;GPIOPinConfigure
</UL>
<BR>[Called By]<UL><LI><a href="#[38]">&gt;&gt;</a>&nbsp;&nbsp;&nbsp;hardware_setup
</UL>

<P><STRONG><a name="[3c]"></a>qei_module1_config</STRONG> (Thumb, 134 bytes, Stack size 24 bytes, encoder.o(i.qei_module1_config))
<BR><BR>[Stack]<UL><LI>Max Depth = 60<LI>Call Chain = qei_module1_config &rArr; GPIOPinTypeQEI &rArr; GPIOPadConfigSet
</UL>
<BR>[Calls]<UL><LI><a href="#[40]">&gt;&gt;</a>&nbsp;&nbsp;&nbsp;SysCtlPeripheralReady
<LI><a href="#[39]">&gt;&gt;</a>&nbsp;&nbsp;&nbsp;SysCtlPeripheralEnable
<LI><a href="#[49]">&gt;&gt;</a>&nbsp;&nbsp;&nbsp;QEIPositionSet
<LI><a href="#[46]">&gt;&gt;</a>&nbsp;&nbsp;&nbsp;QEIIntDisable
<LI><a href="#[4c]">&gt;&gt;</a>&nbsp;&nbsp;&nbsp;QEIFilterEnable
<LI><a href="#[4a]">&gt;&gt;</a>&nbsp;&nbsp;&nbsp;QEIFilterDisable
<LI><a href="#[4b]">&gt;&gt;</a>&nbsp;&nbsp;&nbsp;QEIFilterConfigure
<LI><a href="#[48]">&gt;&gt;</a>&nbsp;&nbsp;&nbsp;QEIEnable
<LI><a href="#[45]">&gt;&gt;</a>&nbsp;&nbsp;&nbsp;QEIDisable
<LI><a href="#[47]">&gt;&gt;</a>&nbsp;&nbsp;&nbsp;QEIConfigure
<LI><a href="#[26]">&gt;&gt;</a>&nbsp;&nbsp;&nbsp;GPIOPinTypeQEI
<LI><a href="#[41]">&gt;&gt;</a>&nbsp;&nbsp;&nbsp;GPIOPinConfigure
</UL>
<BR>[Called By]<UL><LI><a href="#[38]">&gt;&gt;</a>&nbsp;&nbsp;&nbsp;hardware_setup
</UL>

<P><STRONG><a name="[13]"></a>_fp_init</STRONG> (Thumb, 10 bytes, Stack size 0 bytes, fpinit.o(x$fpl$fpinit))
<BR><BR>[Called By]<UL><LI><a href="#[12]">&gt;&gt;</a>&nbsp;&nbsp;&nbsp;__rt_lib_init_fp_1
</UL>

<P><STRONG><a name="[77]"></a>__fplib_config_fpu_vfp</STRONG> (Thumb, 0 bytes, Stack size unknown bytes, fpinit.o(x$fpl$fpinit), UNUSED)

<P><STRONG><a name="[78]"></a>__fplib_config_pureend_doubles</STRONG> (Thumb, 0 bytes, Stack size unknown bytes, fpinit.o(x$fpl$fpinit), UNUSED)
<P>
<H3>
Local Symbols
</H3>
<P><STRONG><a name="[3]"></a>NmiSR</STRONG> (Thumb, 0 bytes, Stack size unknown bytes, startup_rvmdk.o(RESET))
<BR><BR>[Calls]<UL><LI><a href="#[3]">&gt;&gt;</a>&nbsp;&nbsp;&nbsp;NmiSR
</UL>
<BR>[Called By]<UL><LI><a href="#[3]">&gt;&gt;</a>&nbsp;&nbsp;&nbsp;NmiSR
</UL>
<BR>[Address Reference Count : 1]<UL><LI> startup_rvmdk.o(RESET)
</UL>
<P><STRONG><a name="[4]"></a>FaultISR</STRONG> (Thumb, 0 bytes, Stack size unknown bytes, startup_rvmdk.o(RESET))
<BR><BR>[Calls]<UL><LI><a href="#[4]">&gt;&gt;</a>&nbsp;&nbsp;&nbsp;FaultISR
</UL>
<BR>[Called By]<UL><LI><a href="#[4]">&gt;&gt;</a>&nbsp;&nbsp;&nbsp;FaultISR
</UL>
<BR>[Address Reference Count : 1]<UL><LI> startup_rvmdk.o(RESET)
</UL>
<P><STRONG><a name="[5]"></a>IntDefaultHandler</STRONG> (Thumb, 0 bytes, Stack size unknown bytes, startup_rvmdk.o(RESET))
<BR><BR>[Calls]<UL><LI><a href="#[5]">&gt;&gt;</a>&nbsp;&nbsp;&nbsp;IntDefaultHandler
</UL>
<BR>[Called By]<UL><LI><a href="#[5]">&gt;&gt;</a>&nbsp;&nbsp;&nbsp;IntDefaultHandler
</UL>
<BR>[Address Reference Count : 1]<UL><LI> startup_rvmdk.o(RESET)
</UL><P>
<H3>
Undefined Global Symbols
</H3><HR></body></html>
