Component: ARM Compiler 5.06 update 6 (build 750) Tool: armlink [4d35ed]

==============================================================================

Section Cross References

    main.o(i.hardware_setup) refers to sysctl.o(i.SysCtlClockSet) for SysCtlClockSet
    main.o(i.hardware_setup) refers to sysctl.o(.emb_text) for SysCtlDelay
    main.o(i.hardware_setup) refers to uartlib.o(i.uart_configure) for uart_configure
    main.o(i.hardware_setup) refers to encoder.o(i.qei_module0_config) for qei_module0_config
    main.o(i.hardware_setup) refers to encoder.o(i.qei_module1_config) for qei_module1_config
    main.o(i.hardware_setup) refers to motor.o(i.motor1_configure) for motor1_configure
    main.o(i.hardware_setup) refers to motor.o(i.motor2_configure) for motor2_configure
    main.o(i.hardware_setup) refers to timer0lib.o(i.timer0configure) for timer0configure
    main.o(i.hardware_setup) refers to timer1lib.o(i.timer1configure) for timer1configure
    main.o(i.hardware_setup) refers to timer1lib.o(i.is_timer1_done) for is_timer1_done
    main.o(i.hardware_setup) refers to pidlib.o(i.pid_config) for pid_config
    main.o(i.hardware_setup) refers to sysctl.o(i.SysCtlClockGet) for SysCtlClockGet
    main.o(i.hardware_setup) refers to main.o(.data) for timer1_status
    main.o(i.main) refers to main.o(i.hardware_setup) for hardware_setup
    main.o(i.main) refers to uartlib.o(i.is_character_received) for is_character_received
    main.o(i.main) refers to uartlib.o(i.uart_clear) for uart_clear
    main.o(i.main) refers to timer0lib.o(i.is_timer0_done) for is_timer0_done
    main.o(i.main) refers to encoder.o(i.get_position_in_degrees) for get_position_in_degrees
    main.o(i.main) refers to pidlib.o(i.pid_calc) for pid_calc
    main.o(i.main) refers to motor.o(i.motor_velocity_write) for motor_velocity_write
    main.o(i.main) refers to timer0lib.o(i.reset_timer0) for reset_timer0
    main.o(i.main) refers to timer1lib.o(i.is_timer1_done) for is_timer1_done
    main.o(i.main) refers to pidlib.o(i.pid_config) for pid_config
    main.o(i.main) refers to timer1lib.o(i.reset_timer1) for reset_timer1
    main.o(i.main) refers to f2d.o(x$fpl$f2d) for __aeabi_f2d
    main.o(i.main) refers to trunc.o(i.__hardfp_trunc) for __hardfp_trunc
    main.o(i.main) refers to dfix.o(x$fpl$dfix) for __aeabi_d2iz
    main.o(i.main) refers to uartstdio.o(i.UARTprintf) for UARTprintf
    main.o(i.main) refers to main.o(.data) for timer1_status
    startup_rvmdk.o(STACK) refers (Special) to heapauxi.o(.text) for __use_two_region_memory
    startup_rvmdk.o(HEAP) refers (Special) to heapauxi.o(.text) for __use_two_region_memory
    startup_rvmdk.o(RESET) refers (Special) to heapauxi.o(.text) for __use_two_region_memory
    startup_rvmdk.o(RESET) refers to startup_rvmdk.o(STACK) for StackMem
    startup_rvmdk.o(RESET) refers to uartlib.o(i.uart_isr) for uart_isr
    startup_rvmdk.o(RESET) refers to timer0lib.o(i.timer0_isr) for timer0_isr
    startup_rvmdk.o(RESET) refers to timer1lib.o(i.timer1_isr) for timer1_isr
    startup_rvmdk.o(RESET) refers to __main.o(!!!main) for __main
    startup_rvmdk.o(.text) refers (Special) to heapauxi.o(.text) for __use_two_region_memory
    startup_rvmdk.o(.text) refers to startup_rvmdk.o(HEAP) for HeapMem
    startup_rvmdk.o(.text) refers to startup_rvmdk.o(STACK) for StackMem
    timer0lib.o(i.is_timer0_done) refers to timer0lib.o(.data) for timer0_status
    timer0lib.o(i.reset_timer0) refers to timer0lib.o(.data) for timer0_status
    timer0lib.o(i.timer0_isr) refers to timer.o(i.TimerIntClear) for TimerIntClear
    timer0lib.o(i.timer0_isr) refers to interrupt.o(i.IntMasterEnable) for IntMasterEnable
    timer0lib.o(i.timer0_isr) refers to timer0lib.o(.data) for timer0_status
    timer0lib.o(i.timer0configure) refers to sysctl.o(i.SysCtlPeripheralEnable) for SysCtlPeripheralEnable
    timer0lib.o(i.timer0configure) refers to timer.o(i.TimerConfigure) for TimerConfigure
    timer0lib.o(i.timer0configure) refers to sysctl.o(i.SysCtlClockGet) for SysCtlClockGet
    timer0lib.o(i.timer0configure) refers to timer.o(i.TimerLoadSet) for TimerLoadSet
    timer0lib.o(i.timer0configure) refers to interrupt.o(i.IntEnable) for IntEnable
    timer0lib.o(i.timer0configure) refers to timer.o(i.TimerIntEnable) for TimerIntEnable
    timer0lib.o(i.timer0configure) refers to timer.o(i.TimerEnable) for TimerEnable
    timer1lib.o(i.is_timer1_done) refers to timer1lib.o(.data) for timer1_status
    timer1lib.o(i.reset_timer1) refers to timer1lib.o(.data) for timer1_status
    timer1lib.o(i.timer1_isr) refers to timer.o(i.TimerIntClear) for TimerIntClear
    timer1lib.o(i.timer1_isr) refers to interrupt.o(i.IntMasterEnable) for IntMasterEnable
    timer1lib.o(i.timer1_isr) refers to timer1lib.o(.data) for timer1_status
    timer1lib.o(i.timer1configure) refers to sysctl.o(i.SysCtlPeripheralEnable) for SysCtlPeripheralEnable
[...]
    libinit.o(.ARM.Collect$$libinit$$00000000) refers (Special) to libinit2.o(.ARM.Collect$$libinit$$00000013) for __rt_lib_init_lc_ctype_1
    libinit.o(.ARM.Collect$$libinit$$00000000) refers (Special) to libinit2.o(.ARM.Collect$$libinit$$00000015) for __rt_lib_init_lc_monetary_1
    libinit.o(.ARM.Collect$$libinit$$00000000) refers (Special) to libinit2.o(.ARM.Collect$$libinit$$00000017) for __rt_lib_init_lc_numeric_1
    libinit.o(.ARM.Collect$$libinit$$00000000) refers (Special) to libinit2.o(.ARM.Collect$$libinit$$00000019) for __rt_lib_init_lc_time_1
    libinit.o(.ARM.Collect$$libinit$$00000000) refers (Special) to libinit2.o(.ARM.Collect$$libinit$$00000004) for __rt_lib_init_preinit_1
    libinit.o(.ARM.Collect$$libinit$$00000000) refers (Special) to libinit2.o(.ARM.Collect$$libinit$$0000000E) for __rt_lib_init_rand_1
    libinit.o(.ARM.Collect$$libinit$$00000000) refers (Special) to libinit2.o(.ARM.Collect$$libinit$$00000033) for __rt_lib_init_return
    libinit.o(.ARM.Collect$$libinit$$00000000) refers (Special) to libinit2.o(.ARM.Collect$$libinit$$0000001D) for __rt_lib_init_signal_1
    libinit.o(.ARM.Collect$$libinit$$00000000) refers (Special) to libinit2.o(.ARM.Collect$$libinit$$00000025) for __rt_lib_init_stdio_1
    libinit.o(.ARM.Collect$$libinit$$00000000) refers (Special) to libinit2.o(.ARM.Collect$$libinit$$0000000C) for __rt_lib_init_user_alloc_1
    libspace.o(.text) refers to libspace.o(.bss) for __libspace_start
    rtexit.o(.ARM.Collect$$rtexit$$00000000) refers (Special) to rtexit2.o(.ARM.Collect$$rtexit$$00000004) for __rt_exit_exit
    rtexit.o(.ARM.Collect$$rtexit$$00000000) refers (Special) to rtexit2.o(.ARM.Collect$$rtexit$$00000003) for __rt_exit_ls
    rtexit.o(.ARM.Collect$$rtexit$$00000000) refers (Special) to rtexit2.o(.ARM.Collect$$rtexit$$00000002) for __rt_exit_prels_1
    rtexit.o(.ARM.exidx) refers (Special) to rtexit2.o(.ARM.Collect$$rtexit$$00000004) for __rt_exit_exit
    rtexit.o(.ARM.exidx) refers (Special) to rtexit2.o(.ARM.Collect$$rtexit$$00000003) for __rt_exit_ls
    rtexit.o(.ARM.exidx) refers (Special) to rtexit2.o(.ARM.Collect$$rtexit$$00000002) for __rt_exit_prels_1
    rtexit.o(.ARM.exidx) refers to rtexit.o(.ARM.Collect$$rtexit$$00000000) for .ARM.Collect$$rtexit$$00000000
    libinit2.o(.ARM.Collect$$libinit$$00000001) refers to fpinit.o(x$fpl$fpinit) for _fp_init
    libinit2.o(.ARM.Collect$$libinit$$00000010) refers to libinit2.o(.ARM.Collect$$libinit$$0000000F) for .ARM.Collect$$libinit$$0000000F
    libinit2.o(.ARM.Collect$$libinit$$00000012) refers to libinit2.o(.ARM.Collect$$libinit$$0000000F) for .ARM.Collect$$libinit$$0000000F
    libinit2.o(.ARM.Collect$$libinit$$00000014) refers to libinit2.o(.ARM.Collect$$libinit$$0000000F) for .ARM.Collect$$libinit$$0000000F
    libinit2.o(.ARM.Collect$$libinit$$00000016) refers to libinit2.o(.ARM.Collect$$libinit$$0000000F) for .ARM.Collect$$libinit$$0000000F
    libinit2.o(.ARM.Collect$$libinit$$00000018) refers to libinit2.o(.ARM.Collect$$libinit$$0000000F) for .ARM.Collect$$libinit$$0000000F
    libinit2.o(.ARM.Collect$$libinit$$00000026) refers to argv_veneer.o(.emb_text) for __ARM_argv_veneer
    libinit2.o(.ARM.Collect$$libinit$$00000027) refers to argv_veneer.o(.emb_text) for __ARM_argv_veneer
    rtexit2.o(.ARM.Collect$$rtexit$$00000003) refers to libshutdown.o(.ARM.Collect$$libshutdown$$00000000) for __rt_lib_shutdown
    rtexit2.o(.ARM.Collect$$rtexit$$00000004) refers to sys_exit.o(.text) for _sys_exit
    rtexit2.o(.ARM.exidx) refers to rtexit2.o(.ARM.Collect$$rtexit$$00000001) for .ARM.Collect$$rtexit$$00000001
    rtexit2.o(.ARM.exidx) refers to rtexit2.o(.ARM.Collect$$rtexit$$00000003) for .ARM.Collect$$rtexit$$00000003
    rtexit2.o(.ARM.exidx) refers to rtexit2.o(.ARM.Collect$$rtexit$$00000004) for .ARM.Collect$$rtexit$$00000004
    argv_veneer.o(.emb_text) refers to no_argv.o(.text) for __ARM_get_argv
    sys_exit.o(.text) refers (Special) to use_no_semi.o(.text) for __I$use$semihosting
    sys_exit.o(.text) refers (Special) to indicate_semi.o(.text) for __semihosting_library_function
    _get_argv_nomalloc.o(.text) refers (Special) to hrguard.o(.text) for __heap_region$guard
    _get_argv_nomalloc.o(.text) refers to defsig_rtmem_outer.o(.text) for __rt_SIGRTMEM
    _get_argv_nomalloc.o(.text) refers to sys_command.o(.text) for _sys_command_string
    libshutdown.o(.ARM.Collect$$libshutdown$$00000000) refers (Special) to libshutdown2.o(.ARM.Collect$$libshutdown$$00000002) for __rt_lib_shutdown_cpp_1
    libshutdown.o(.ARM.Collect$$libshutdown$$00000000) refers (Special) to libshutdown2.o(.ARM.Collect$$libshutdown$$00000007) for __rt_lib_shutdown_fp_trap_1
    libshutdown.o(.ARM.Collect$$libshutdown$$00000000) refers (Special) to libshutdown2.o(.ARM.Collect$$libshutdown$$0000000F) for __rt_lib_shutdown_heap_1
    libshutdown.o(.ARM.Collect$$libshutdown$$00000000) refers (Special) to libshutdown2.o(.ARM.Collect$$libshutdown$$00000010) for __rt_lib_shutdown_return
    libshutdown.o(.ARM.Collect$$libshutdown$$00000000) refers (Special) to libshutdown2.o(.ARM.Collect$$libshutdown$$0000000A) for __rt_lib_shutdown_signal_1
    libshutdown.o(.ARM.Collect$$libshutdown$$00000000) refers (Special) to libshutdown2.o(.ARM.Collect$$libshutdown$$00000004) for __rt_lib_shutdown_stdio_1
    libshutdown.o(.ARM.Collect$$libshutdown$$00000000) refers (Special) to libshutdown2.o(.ARM.Collect$$libshutdown$$0000000C) for __rt_lib_shutdown_user_alloc_1
    sys_command.o(.text) refers (Special) to use_no_semi.o(.text) for __I$use$semihosting
    sys_command.o(.text) refers (Special) to indicate_semi.o(.text) for __semihosting_library_function
    defsig_rtmem_outer.o(.text) refers to defsig_rtmem_inner.o(.text) for __rt_SIGRTMEM_inner
    defsig_rtmem_outer.o(.text) refers to defsig_exit.o(.text) for __sig_exit
    defsig_rtmem_formal.o(.text) refers to rt_raise.o(.text) for __rt_raise
    rt_raise.o(.text) refers to __raise.o(.text) for __raise
    rt_raise.o(.text) refers to sys_exit.o(.text) for _sys_exit
    defsig_exit.o(.text) refers to sys_exit.o(.text) for _sys_exit
    defsig_rtmem_inner.o(.text) refers to defsig_general.o(.text) for __default_signal_display
    __raise.o(.text) refers to defsig.o(CL$$defsig) for __default_signal_handler
    defsig_general.o(.text) refers to sys_wrch.o(.text) for _ttywrch
    sys_wrch.o(.text) refers (Special) to use_no_semi.o(.text) for __I$use$semihosting
    sys_wrch.o(.text) refers (Special) to indicate_semi.o(.text) for __semihosting_library_function
    defsig.o(CL$$defsig) refers to defsig_rtmem_inner.o(.text) for __rt_SIGRTMEM_inner
    defsig_abrt_inner.o(.text) refers to defsig_general.o(.text) for __default_signal_display
    defsig_fpe_inner.o(.text) refers to defsig_general.o(.text) for __default_signal_display
    defsig_rtred_inner.o(.text) refers to defsig_general.o(.text) for __default_signal_display
    defsig_stak_inner.o(.text) refers to defsig_general.o(.text) for __default_signal_display
    defsig_pvfn_inner.o(.text) refers to defsig_general.o(.text) for __default_signal_display
    defsig_cppl_inner.o(.text) refers to defsig_general.o(.text) for __default_signal_display
    defsig_segv_inner.o(.text) refers to defsig_general.o(.text) for __default_signal_display
    defsig_other.o(.text) refers to defsig_general.o(.text) for __default_signal_display


==============================================================================

Removing Unused input sections from the image.

    Removing uartstdio.o(i.UARTgets), (156 bytes).
    Removing pidlib.o(.rev16_text), (4 bytes).
    Removing pidlib.o(.revsh_text), (4 bytes).
    Removing pidlib.o(.rrx_text), (6 bytes).
    Removing gpio.o(i.GPIOADCTriggerDisable), (14 bytes).
    Removing gpio.o(i.GPIOADCTriggerEnable), (12 bytes).
    Removing gpio.o(i.GPIODMATriggerDisable), (14 bytes).
    Removing gpio.o(i.GPIODMATriggerEnable), (12 bytes).
    Removing gpio.o(i.GPIODirModeGet), (34 bytes).
    Removing gpio.o(i.GPIOIntClear), (6 bytes).
    Removing gpio.o(i.GPIOIntDisable), (14 bytes).
    Removing gpio.o(i.GPIOIntEnable), (12 bytes).
    Removing gpio.o(i.GPIOIntRegister), (26 bytes).
    Removing gpio.o(i.GPIOIntRegisterPin), (30 bytes).
    Removing gpio.o(i.GPIOIntStatus), (14 bytes).
    Removing gpio.o(i.GPIOIntTypeGet), (68 bytes).
    Removing gpio.o(i.GPIOIntTypeSet), (80 bytes).
    Removing gpio.o(i.GPIOIntUnregister), (22 bytes).
    Removing gpio.o(i.GPIOIntUnregisterPin), (26 bytes).
    Removing gpio.o(i.GPIOPadConfigGet), (204 bytes).
    Removing gpio.o(i.GPIOPinRead), (6 bytes).
    Removing gpio.o(i.GPIOPinTypeADC), (28 bytes).
    Removing gpio.o(i.GPIOPinTypeCAN), (28 bytes).
    Removing gpio.o(i.GPIOPinTypeComparator), (28 bytes).
    Removing gpio.o(i.GPIOPinTypeComparatorOutput), (28 bytes).
    Removing gpio.o(i.GPIOPinTypeDIVSCLK), (28 bytes).
    Removing gpio.o(i.GPIOPinTypeEPI), (28 bytes).
    Removing gpio.o(i.GPIOPinTypeEthernetLED), (28 bytes).
    Removing gpio.o(i.GPIOPinTypeEthernetMII), (28 bytes).
    Removing gpio.o(i.GPIOPinTypeGPIOInput), (28 bytes).
    Removing gpio.o(i.GPIOPinTypeGPIOOutput), (28 bytes).
    Removing gpio.o(i.GPIOPinTypeGPIOOutputOD), (28 bytes).
    Removing gpio.o(i.GPIOPinTypeHibernateRTCCLK), (28 bytes).
    Removing gpio.o(i.GPIOPinTypeI2C), (28 bytes).
    Removing gpio.o(i.GPIOPinTypeI2CSCL), (28 bytes).
    Removing gpio.o(i.GPIOPinTypeLCD), (28 bytes).
    Removing gpio.o(i.GPIOPinTypeOneWire), (28 bytes).
    Removing gpio.o(i.GPIOPinTypeSSI), (28 bytes).
    Removing gpio.o(i.GPIOPinTypeTimer), (28 bytes).
    Removing gpio.o(i.GPIOPinTypeTrace), (28 bytes).
    Removing gpio.o(i.GPIOPinTypeUSBAnalog), (28 bytes).
    Removing gpio.o(i.GPIOPinTypeUSBDigital), (28 bytes).
    Removing gpio.o(i.GPIOPinTypeWakeHigh), (30 bytes).
    Removing gpio.o(i.GPIOPinTypeWakeLow), (30 bytes).
    Removing gpio.o(i.GPIOPinWakeStatus), (6 bytes).
    Removing gpio.o(i.GPIOPinWrite), (6 bytes).
    Removing gpio.o(i._GPIOIntNumberGet), (80 bytes).
    Removing interrupt.o(i.IntDisable), (100 bytes).
    Removing interrupt.o(i.IntIsEnabled), (96 bytes).
    Removing interrupt.o(i.IntMasterDisable), (14 bytes).
    Removing interrupt.o(i.IntPendClear), (68 bytes).
    Removing interrupt.o(i.IntPendSet), (84 bytes).
    Removing interrupt.o(i.IntPriorityGet), (28 bytes).
    Removing interrupt.o(i.IntPriorityGroupingGet), (36 bytes).
    Removing interrupt.o(i.IntPriorityGroupingSet), (28 bytes).
    Removing interrupt.o(i.IntPriorityMaskGet), (4 bytes).
    Removing interrupt.o(i.IntPriorityMaskSet), (4 bytes).
    Removing interrupt.o(i.IntPrioritySet), (40 bytes).
    Removing interrupt.o(i.IntRegister), (52 bytes).
    Removing interrupt.o(i.IntTrigger), (12 bytes).
    Removing interrupt.o(i.IntUnregister), (20 bytes).
    Removing interrupt.o(i._IntDefaultHandler), (2 bytes).
    Removing interrupt.o(vtable), (620 bytes).
    Removing pwm.o(i.PWMClockGet), (26 bytes).
    Removing pwm.o(i.PWMClockSet), (20 bytes).
    Removing pwm.o(i.PWMDeadBandDisable), (12 bytes).
    Removing pwm.o(i.PWMDeadBandEnable), (16 bytes).
    Removing pwm.o(i.PWMFaultIntClear), (8 bytes).
    Removing pwm.o(i.PWMFaultIntClearExt), (4 bytes).
    Removing pwm.o(i.PWMFaultIntRegister), (92 bytes).
    Removing pwm.o(i.PWMFaultIntUnregister), (84 bytes).
    Removing pwm.o(i.PWMGenDisable), (10 bytes).
    Removing pwm.o(i.PWMGenFaultClear), (18 bytes).
    Removing pwm.o(i.PWMGenFaultConfigure), (18 bytes).
    Removing pwm.o(i.PWMGenFaultStatus), (18 bytes).
    Removing pwm.o(i.PWMGenFaultTriggerGet), (12 bytes).
    Removing pwm.o(i.PWMGenFaultTriggerSet), (12 bytes).
    Removing pwm.o(i.PWMGenIntClear), (6 bytes).
    Removing pwm.o(i.PWMGenIntRegister), (26 bytes).
    Removing pwm.o(i.PWMGenIntStatus), (12 bytes).
    Removing pwm.o(i.PWMGenIntTrigDisable), (10 bytes).
    Removing pwm.o(i.PWMGenIntTrigEnable), (10 bytes).
    Removing pwm.o(i.PWMGenIntUnregister), (22 bytes).
    Removing pwm.o(i.PWMGenPeriodGet), (18 bytes).
    Removing pwm.o(i.PWMIntDisable), (10 bytes).
    Removing pwm.o(i.PWMIntEnable), (8 bytes).
    Removing pwm.o(i.PWMIntStatus), (10 bytes).
    Removing pwm.o(i.PWMOutputFault), (16 bytes).
    Removing pwm.o(i.PWMOutputFaultLevel), (16 bytes).
    Removing pwm.o(i.PWMOutputInvert), (16 bytes).
    Removing pwm.o(i.PWMOutputUpdateMode), (62 bytes).
    Removing pwm.o(i.PWMPulseWidthGet), (32 bytes).
    Removing pwm.o(i.PWMSyncTimeBase), (4 bytes).
    Removing pwm.o(i.PWMSyncUpdate), (4 bytes).
    Removing pwm.o(i._PWMGenIntNumberGet), (224 bytes).
    Removing qei.o(i.QEIDirectionGet), (16 bytes).
    Removing qei.o(i.QEIErrorGet), (8 bytes).
    Removing qei.o(i.QEIIntClear), (4 bytes).
    Removing qei.o(i.QEIIntEnable), (8 bytes).
    Removing qei.o(i.QEIIntRegister), (88 bytes).
    Removing qei.o(i.QEIIntStatus), (10 bytes).
    Removing qei.o(i.QEIIntUnregister), (84 bytes).
    Removing qei.o(i.QEIVelocityConfigure), (16 bytes).
    Removing qei.o(i.QEIVelocityDisable), (10 bytes).
    Removing qei.o(i.QEIVelocityEnable), (10 bytes).
    Removing qei.o(i.QEIVelocityGet), (4 bytes).
    Removing sysctl.o(i.SysCtlAltClkConfig), (12 bytes).
    Removing sysctl.o(i.SysCtlClockFreqSet), (740 bytes).
    Removing sysctl.o(i.SysCtlClockOutConfig), (20 bytes).
    Removing sysctl.o(i.SysCtlDeepSleep), (32 bytes).
    Removing sysctl.o(i.SysCtlDeepSleepClockConfigSet), (112 bytes).
    Removing sysctl.o(i.SysCtlDeepSleepClockSet), (12 bytes).
    Removing sysctl.o(i.SysCtlDeepSleepPowerSet), (12 bytes).
    Removing sysctl.o(i.SysCtlFlashSectorSizeGet), (56 bytes).
    Removing sysctl.o(i.SysCtlFlashSizeGet), (56 bytes).
    Removing sysctl.o(i.SysCtlGPIOAHBDisable), (28 bytes).
    Removing sysctl.o(i.SysCtlGPIOAHBEnable), (24 bytes).
    Removing sysctl.o(i.SysCtlIntClear), (12 bytes).
    Removing sysctl.o(i.SysCtlIntDisable), (16 bytes).
    Removing sysctl.o(i.SysCtlIntEnable), (16 bytes).
    Removing sysctl.o(i.SysCtlIntRegister), (20 bytes).
    Removing sysctl.o(i.SysCtlIntStatus), (16 bytes).
    Removing sysctl.o(i.SysCtlIntUnregister), (18 bytes).
    Removing sysctl.o(i.SysCtlLDODeepSleepGet), (12 bytes).
    Removing sysctl.o(i.SysCtlLDODeepSleepSet), (12 bytes).
    Removing sysctl.o(i.SysCtlLDOSleepGet), (12 bytes).
    Removing sysctl.o(i.SysCtlLDOSleepSet), (12 bytes).
    Removing sysctl.o(i.SysCtlMOSCConfigSet), (12 bytes).
    Removing sysctl.o(i.SysCtlNMIClear), (16 bytes).
    Removing sysctl.o(i.SysCtlNMIStatus), (12 bytes).
    Removing sysctl.o(i.SysCtlPIOSCCalibrate), (76 bytes).
    Removing sysctl.o(i.SysCtlPWMClockGet), (24 bytes).
    Removing sysctl.o(i.SysCtlPeripheralClockGating), (68 bytes).
    Removing sysctl.o(i.SysCtlPeripheralDeepSleepDisable), (40 bytes).
    Removing sysctl.o(i.SysCtlPeripheralDeepSleepEnable), (40 bytes).
    Removing sysctl.o(i.SysCtlPeripheralDisable), (40 bytes).
    Removing sysctl.o(i.SysCtlPeripheralPowerOff), (40 bytes).
    Removing sysctl.o(i.SysCtlPeripheralPowerOn), (40 bytes).
    Removing sysctl.o(i.SysCtlPeripheralPresent), (44 bytes).
    Removing sysctl.o(i.SysCtlPeripheralReset), (60 bytes).
    Removing sysctl.o(i.SysCtlPeripheralSleepDisable), (40 bytes).
    Removing sysctl.o(i.SysCtlPeripheralSleepEnable), (40 bytes).
    Removing sysctl.o(i.SysCtlReset), (16 bytes).
    Removing sysctl.o(i.SysCtlResetBehaviorGet), (12 bytes).
    Removing sysctl.o(i.SysCtlResetBehaviorSet), (12 bytes).
    Removing sysctl.o(i.SysCtlResetCauseClear), (16 bytes).
    Removing sysctl.o(i.SysCtlResetCauseGet), (12 bytes).
    Removing sysctl.o(i.SysCtlSRAMSizeGet), (16 bytes).
    Removing sysctl.o(i.SysCtlSleep), (4 bytes).
    Removing sysctl.o(i.SysCtlSleepPowerSet), (12 bytes).
    Removing sysctl.o(i.SysCtlUSBPLLDisable), (16 bytes).
    Removing sysctl.o(i.SysCtlUSBPLLEnable), (16 bytes).
    Removing sysctl.o(i.SysCtlVCOGet), (120 bytes).
    Removing sysctl.o(i.SysCtlVoltageEventClear), (16 bytes).
    Removing sysctl.o(i.SysCtlVoltageEventConfig), (12 bytes).
    Removing sysctl.o(i.SysCtlVoltageEventStatus), (12 bytes).
    Removing timer.o(i.TimerADCEventGet), (4 bytes).
    Removing timer.o(i.TimerADCEventSet), (4 bytes).
    Removing timer.o(i.TimerClockSourceGet), (6 bytes).
    Removing timer.o(i.TimerClockSourceSet), (6 bytes).
    Removing timer.o(i.TimerControlEvent), (18 bytes).
    Removing timer.o(i.TimerControlLevel), (22 bytes).
    Removing timer.o(i.TimerControlStall), (22 bytes).
    Removing timer.o(i.TimerControlTrigger), (80 bytes).
    Removing timer.o(i.TimerControlWaitOnTrigger), (48 bytes).
    Removing timer.o(i.TimerDMAEventGet), (4 bytes).
    Removing timer.o(i.TimerDMAEventSet), (4 bytes).
    Removing timer.o(i.TimerDisable), (16 bytes).
    Removing timer.o(i.TimerIntDisable), (10 bytes).
    Removing timer.o(i.TimerIntRegister), (104 bytes).
    Removing timer.o(i.TimerIntStatus), (10 bytes).
    Removing timer.o(i.TimerIntUnregister), (104 bytes).
    Removing timer.o(i.TimerLoadGet), (10 bytes).
    Removing timer.o(i.TimerLoadGet64), (14 bytes).
    Removing timer.o(i.TimerLoadSet64), (6 bytes).
    Removing timer.o(i.TimerMatchGet), (10 bytes).
    Removing timer.o(i.TimerMatchGet64), (14 bytes).
    Removing timer.o(i.TimerMatchSet), (18 bytes).
    Removing timer.o(i.TimerMatchSet64), (6 bytes).
    Removing timer.o(i.TimerPrescaleGet), (10 bytes).
    Removing timer.o(i.TimerPrescaleMatchGet), (10 bytes).
    Removing timer.o(i.TimerPrescaleMatchSet), (18 bytes).
    Removing timer.o(i.TimerPrescaleSet), (18 bytes).
    Removing timer.o(i.TimerRTCDisable), (10 bytes).
    Removing timer.o(i.TimerRTCEnable), (10 bytes).
    Removing timer.o(i.TimerSynchronize), (4 bytes).
    Removing timer.o(i.TimerUpdateMode), (42 bytes).
    Removing timer.o(i.TimerValueGet), (10 bytes).
    Removing timer.o(i.TimerValueGet64), (14 bytes).
    Removing timer.o(.constdata), (160 bytes).
    Removing uart.o(i.UART9BitAddrSend), (38 bytes).
    Removing uart.o(i.UART9BitAddrSet), (10 bytes).
    Removing uart.o(i.UART9BitDisable), (14 bytes).
    Removing uart.o(i.UART9BitEnable), (14 bytes).
    Removing uart.o(i.UARTBreakCtl), (18 bytes).
    Removing uart.o(i.UARTBusy), (8 bytes).
    Removing uart.o(i.UARTCharGet), (12 bytes).
    Removing uart.o(i.UARTCharGetNonBlocking), (16 bytes).
    Removing uart.o(i.UARTCharPut), (12 bytes).
    Removing uart.o(i.UARTCharPutNonBlocking), (16 bytes).
    Removing uart.o(i.UARTClockSourceGet), (6 bytes).
    Removing uart.o(i.UARTClockSourceSet), (6 bytes).
    Removing uart.o(i.UARTConfigGetExpClk), (46 bytes).
    Removing uart.o(i.UARTConfigSetExpClk), (110 bytes).
    Removing uart.o(i.UARTDMADisable), (10 bytes).
    Removing uart.o(i.UARTDMAEnable), (8 bytes).
    Removing uart.o(i.UARTDisable), (30 bytes).
    Removing uart.o(i.UARTDisableSIR), (10 bytes).
    Removing uart.o(i.UARTEnableSIR), (18 bytes).
    Removing uart.o(i.UARTFIFODisable), (10 bytes).
    Removing uart.o(i.UARTFIFOEnable), (10 bytes).
    Removing uart.o(i.UARTFIFOLevelGet), (16 bytes).
    Removing uart.o(i.UARTFIFOLevelSet), (6 bytes).
    Removing uart.o(i.UARTFlowControlGet), (8 bytes).
    Removing uart.o(i.UARTFlowControlSet), (12 bytes).
    Removing uart.o(i.UARTIntDisable), (10 bytes).
    Removing uart.o(i.UARTIntRegister), (88 bytes).
    Removing uart.o(i.UARTIntUnregister), (88 bytes).
    Removing uart.o(i.UARTLoopbackEnable), (10 bytes).
    Removing uart.o(i.UARTModemControlClear), (14 bytes).
    Removing uart.o(i.UARTModemControlGet), (8 bytes).
    Removing uart.o(i.UARTModemControlSet), (12 bytes).
    Removing uart.o(i.UARTModemStatusGet), (10 bytes).
    Removing uart.o(i.UARTParityModeGet), (8 bytes).
    Removing uart.o(i.UARTParityModeSet), (12 bytes).
    Removing uart.o(i.UARTRxErrorClear), (6 bytes).
    Removing uart.o(i.UARTRxErrorGet), (8 bytes).
    Removing uart.o(i.UARTSmartCardDisable), (10 bytes).
    Removing uart.o(i.UARTSmartCardEnable), (22 bytes).
    Removing uart.o(i.UARTSpaceAvail), (10 bytes).
    Removing uart.o(i.UARTTxIntModeGet), (8 bytes).
    Removing uart.o(i.UARTTxIntModeSet), (12 bytes).
    Removing uart.o(.constdata), (128 bytes).
    Removing arm_pid_init_f32.o(.text), (0 bytes).
    Removing arm_pid_init_f32.o(.ARM.exidx.text.arm_pid_init_f32), (8 bytes).
    Removing arm_pid_reset_f32.o(.text), (0 bytes).
    Removing arm_pid_reset_f32.o(.ARM.exidx.text.arm_pid_reset_f32), (8 bytes).

237 unused section(s) (total 7750 bytes) removed from the image.

==============================================================================

Image Symbol Table

    Local Symbols

    Symbol Name                              Value     Ov Type        Size  Object(Section)

    RESET                                    0x00000000   Section      648  startup_rvmdk.o(RESET)
    ../clib/angel/boardlib.s                 0x00000000   Number         0  boardinit3.o ABSOLUTE
    ../clib/angel/boardlib.s                 0x00000000   Number         0  boardinit1.o ABSOLUTE
    ../clib/angel/boardlib.s                 0x00000000   Number         0  boardshut.o ABSOLUTE
    ../clib/angel/boardlib.s                 0x00000000   Number         0  boardinit2.o ABSOLUTE
    ../clib/angel/handlers.s                 0x00000000   Number         0  __scatter_copy.o ABSOLUTE
    ../clib/angel/handlers.s                 0x00000000   Number         0  __scatter_zi.o ABSOLUTE
    ../clib/angel/kernel.s                   0x00000000   Number         0  __rtentry.o ABSOLUTE
    ../clib/angel/kernel.s                   0x00000000   Number         0  rtexit2.o ABSOLUTE
    ../clib/angel/kernel.s                   0x00000000   Number         0  __rtentry2.o ABSOLUTE
    ../clib/angel/kernel.s                   0x00000000   Number         0  __rtentry4.o ABSOLUTE
    ../clib/angel/kernel.s                   0x00000000   Number         0  rtexit.o ABSOLUTE
    ../clib/angel/rt.s                       0x00000000   Number         0  rt_raise.o ABSOLUTE
    ../clib/angel/scatter.s                  0x00000000   Number         0  __scatter.o ABSOLUTE
    ../clib/angel/startup.s                  0x00000000   Number         0  __main.o ABSOLUTE
    ../clib/angel/sys.s                      0x00000000   Number         0  indicate_semi.o ABSOLUTE
    ../clib/angel/sys.s                      0x00000000   Number         0  libspace.o ABSOLUTE
    ../clib/angel/sys.s                      0x00000000   Number         0  sys_stackheap_outer.o ABSOLUTE
    ../clib/angel/sys.s                      0x00000000   Number         0  use_no_semi.o ABSOLUTE
    ../clib/angel/sysapp.c                   0x00000000   Number         0  sys_command.o ABSOLUTE
    ../clib/angel/sysapp.c                   0x00000000   Number         0  sys_exit.o ABSOLUTE
    ../clib/angel/sysapp.c                   0x00000000   Number         0  sys_wrch.o ABSOLUTE
    ../clib/armsys.c                         0x00000000   Number         0  no_argv.o ABSOLUTE
    ../clib/armsys.c                         0x00000000   Number         0  _get_argv_nomalloc.o ABSOLUTE
    ../clib/armsys.c                         0x00000000   Number         0  argv_veneer.o ABSOLUTE
    ../clib/armsys.c                         0x00000000   Number         0  argv_veneer.o ABSOLUTE
    ../clib/heapalloc.c                      0x00000000   Number         0  hrguard.o ABSOLUTE
    ../clib/heapaux.c                        0x00000000   Number         0  heapauxi.o ABSOLUTE
    ../clib/libinit.s                        0x00000000   Number         0  libshutdown2.o ABSOLUTE
    ../clib/libinit.s                        0x00000000   Number         0  libinit2.o ABSOLUTE
    ../clib/libinit.s                        0x00000000   Number         0  libshutdown.o ABSOLUTE
    ../clib/libinit.s                        0x00000000   Number         0  libinit.o ABSOLUTE
    ../clib/signal.c                         0x00000000   Number         0  defsig_rtmem_formal.o ABSOLUTE
    ../clib/signal.c                         0x00000000   Number         0  defsig_rtmem_outer.o ABSOLUTE
    ../clib/signal.c                         0x00000000   Number         0  defsig_segv_inner.o ABSOLUTE
    ../clib/signal.c                         0x00000000   Number         0  defsig_other.o ABSOLUTE
    ../clib/signal.c                         0x00000000   Number         0  __raise.o ABSOLUTE
    ../clib/signal.c                         0x00000000   Number         0  defsig_rtmem_inner.o ABSOLUTE
    ../clib/signal.c                         0x00000000   Number         0  defsig_exit.o ABSOLUTE
    ../clib/signal.c                         0x00000000   Number         0  defsig_cppl_inner.o ABSOLUTE
    ../clib/signal.c                         0x00000000   Number         0  defsig_pvfn_inner.o ABSOLUTE
    ../clib/signal.c                         0x00000000   Number         0  defsig_stak_inner.o ABSOLUTE
    ../clib/signal.c                         0x00000000   Number         0  defsig_rtred_inner.o ABSOLUTE
    ../clib/signal.c                         0x00000000   Number         0  defsig_fpe_inner.o ABSOLUTE
    ../clib/signal.c                         0x00000000   Number         0  defsig_abrt_inner.o ABSOLUTE
    ../clib/signal.c                         0x00000000   Number         0  defsig_general.o ABSOLUTE
    ../clib/signal.s                         0x00000000   Number         0  defsig.o ABSOLUTE
    ../clib/stdlib.c                         0x00000000   Number         0  exit.o ABSOLUTE
    ../fplib/daddsub.s                       0x00000000   Number         0  daddsub_clz.o ABSOLUTE
    ../fplib/dcmpi.s                         0x00000000   Number         0  dcmpi.o ABSOLUTE
    ../fplib/dfix.s                          0x00000000   Number         0  dfix.o ABSOLUTE
    ../fplib/dleqf.s                         0x00000000   Number         0  dleqf.o ABSOLUTE
    ../fplib/dnaninf.s                       0x00000000   Number         0  dnaninf.o ABSOLUTE
    ../fplib/dretinf.s                       0x00000000   Number         0  dretinf.o ABSOLUTE
    ../fplib/drleqf.s                        0x00000000   Number         0  drleqf.o ABSOLUTE
    ../fplib/drnd.s                          0x00000000   Number         0  drnd.o ABSOLUTE
    ../fplib/f2d.s                           0x00000000   Number         0  f2d.o ABSOLUTE
    ../fplib/fnaninf.s                       0x00000000   Number         0  fnaninf.o ABSOLUTE
    ../fplib/fpinit.s                        0x00000000   Number         0  fpinit.o ABSOLUTE
    ../fplib/usenofp.s                       0x00000000   Number         0  usenofp.o ABSOLUTE
    ../mathlib/trunc.c                       0x00000000   Number         0  trunc.o ABSOLUTE
    Libraries\Timer0\timer0lib.c             0x00000000   Number         0  timer0lib.o ABSOLUTE
    Libraries\Timer1\timer1lib.c             0x00000000   Number         0  timer1lib.o ABSOLUTE
    Libraries\Uart\uartlib.c                 0x00000000   Number         0  uartlib.o ABSOLUTE
    Libraries\Uartstdio\uartstdio.c          0x00000000   Number         0  uartstdio.o ABSOLUTE
    Libraries\\pidlib\\pidlib.c              0x00000000   Number         0  pidlib.o ABSOLUTE
    Libraries\encoder\encoder.c              0x00000000   Number         0  encoder.o ABSOLUTE
    Libraries\motor\motor.c                  0x00000000   Number         0  motor.o ABSOLUTE
    Libraries\pidlib\pidlib.c                0x00000000   Number         0  pidlib.o ABSOLUTE
    arm_pid_init_f32.c                       0x00000000   Number         0  arm_pid_init_f32.o ABSOLUTE
    arm_pid_reset_f32.c                      0x00000000   Number         0  arm_pid_reset_f32.o ABSOLUTE
    cpu.c                                    0x00000000   Number         0  cpu.o ABSOLUTE
    cpu.c                                    0x00000000   Number         0  cpu.o ABSOLUTE
    dc.s                                     0x00000000   Number         0  dc.o ABSOLUTE
    gpio.c                                   0x00000000   Number         0  gpio.o ABSOLUTE
    interrupt.c                              0x00000000   Number         0  interrupt.o ABSOLUTE
    main.c                                   0x00000000   Number         0  main.o ABSOLUTE
    pwm.c                                    0x00000000   Number         0  pwm.o ABSOLUTE
    qei.c                                    0x00000000   Number         0  qei.o ABSOLUTE
    startup_rvmdk.S                          0x00000000   Number         0  startup_rvmdk.o ABSOLUTE
    sysctl.c                                 0x00000000   Number         0  sysctl.o ABSOLUTE
    sysctl.c                                 0x00000000   Number         0  sysctl.o ABSOLUTE
    timer.c                                  0x00000000   Number         0  timer.o ABSOLUTE
    uart.c                                   0x00000000   Number         0  uart.o ABSOLUTE
    $v0                                      0x0000026c   Number         0  startup_rvmdk.o(RESET)
    NmiSR                                    0x00000281   Thumb Code     0  startup_rvmdk.o(RESET)
    FaultISR                                 0x00000283   Thumb Code     0  startup_rvmdk.o(RESET)
    IntDefaultHandler                        0x00000285   Thumb Code     0  startup_rvmdk.o(RESET)
    !!!main                                  0x00000288   Section        8  __main.o(!!!main)
    !!!scatter                               0x00000290   Section       52  __scatter.o(!!!scatter)
    !!handler_copy                           0x000002c4   Section       26  __scatter_copy.o(!!handler_copy)
    !!handler_zi                             0x000002e0   Section       28  __scatter_zi.o(!!handler_zi)
    .ARM.Collect$$libinit$$00000000          0x000002fc   Section        2  libinit.o(.ARM.Collect$$libinit$$00000000)
    .ARM.Collect$$libinit$$00000001          0x000002fe   Section        4  libinit2.o(.ARM.Collect$$libinit$$00000001)
    .ARM.Collect$$libinit$$00000004          0x00000302   Section        0  libinit2.o(.ARM.Collect$$libinit$$00000004)
    .ARM.Collect$$libinit$$0000000A          0x00000302   Section        0  libinit2.o(.ARM.Collect$$libinit$$0000000A)
    .ARM.Collect$$libinit$$0000000C          0x00000302   Section        0  libinit2.o(.ARM.Collect$$libinit$$0000000C)
    .ARM.Collect$$libinit$$0000000E          0x00000302   Section        0  libinit2.o(.ARM.Collect$$libinit$$0000000E)
    .ARM.Collect$$libinit$$00000011          0x00000302   Section        0  libinit2.o(.ARM.Collect$$libinit$$00000011)
    .ARM.Collect$$libinit$$00000013          0x00000302   Section        0  libinit2.o(.ARM.Collect$$libinit$$00000013)
    .ARM.Collect$$libinit$$00000015          0x00000302   Section        0  libinit2.o(.ARM.Collect$$libinit$$00000015)
    .ARM.Collect$$libinit$$00000017          0x00000302   Section        0  libinit2.o(.ARM.Collect$$libinit$$00000017)
    .ARM.Collect$$libinit$$00000019          0x00000302   Section        0  libinit2.o(.ARM.Collect$$libinit$$00000019)
    .ARM.Collect$$libinit$$0000001B          0x00000302   Section        0  libinit2.o(.ARM.Collect$$libinit$$0000001B)
    .ARM.Collect$$libinit$$0000001D          0x00000302   Section        0  libinit2.o(.ARM.Collect$$libinit$$0000001D)
    .ARM.Collect$$libinit$$0000001F          0x00000302   Section        0  libinit2.o(.ARM.Collect$$libinit$$0000001F)
    .ARM.Collect$$libinit$$00000021          0x00000302   Section        0  libinit2.o(.ARM.Collect$$libinit$$00000021)
    .ARM.Collect$$libinit$$00000023          0x00000302   Section        0  libinit2.o(.ARM.Collect$$libinit$$00000023)
    .ARM.Collect$$libinit$$00000025          0x00000302   Section        0  libinit2.o(.ARM.Collect$$libinit$$00000025)
    .ARM.Collect$$libinit$$0000002C          0x00000302   Section        0  libinit2.o(.ARM.Collect$$libinit$$0000002C)
    .ARM.Collect$$libinit$$0000002E          0x00000302   Section        0  libinit2.o(.ARM.Collect$$libinit$$0000002E)
    .ARM.Collect$$libinit$$00000030          0x00000302   Section        0  libinit2.o(.ARM.Collect$$libinit$$00000030)
    .ARM.Collect$$libinit$$00000032          0x00000302   Section        0  libinit2.o(.ARM.Collect$$libinit$$00000032)
    .ARM.Collect$$libinit$$00000033          0x00000302   Section        2  libinit2.o(.ARM.Collect$$libinit$$00000033)
    .ARM.Collect$$libshutdown$$00000000      0x00000304   Section        2  libshutdown.o(.ARM.Collect$$libshutdown$$00000000)
    .ARM.Collect$$libshutdown$$00000002      0x00000306   Section        0  libshutdown2.o(.ARM.Collect$$libshutdown$$00000002)
    .ARM.Collect$$libshutdown$$00000004      0x00000306   Section        0  libshutdown2.o(.ARM.Collect$$libshutdown$$00000004)
    .ARM.Collect$$libshutdown$$00000007      0x00000306   Section        0  libshutdown2.o(.ARM.Collect$$libshutdown$$00000007)
    .ARM.Collect$$libshutdown$$0000000A      0x00000306   Section        0  libshutdown2.o(.ARM.Collect$$libshutdown$$0000000A)
    .ARM.Collect$$libshutdown$$0000000C      0x00000306   Section        0  libshutdown2.o(.ARM.Collect$$libshutdown$$0000000C)
    .ARM.Collect$$libshutdown$$0000000F      0x00000306   Section        0  libshutdown2.o(.ARM.Collect$$libshutdown$$0000000F)
    .ARM.Collect$$libshutdown$$00000010      0x00000306   Section        2  libshutdown2.o(.ARM.Collect$$libshutdown$$00000010)
    .ARM.Collect$$rtentry$$00000000          0x00000308   Section        0  __rtentry.o(.ARM.Collect$$rtentry$$00000000)
    .ARM.Collect$$rtentry$$00000002          0x00000308   Section        0  __rtentry2.o(.ARM.Collect$$rtentry$$00000002)
    .ARM.Collect$$rtentry$$00000004          0x00000308   Section        6  __rtentry4.o(.ARM.Collect$$rtentry$$00000004)
    .ARM.Collect$$rtentry$$00000009          0x0000030e   Section        0  __rtentry2.o(.ARM.Collect$$rtentry$$00000009)
    .ARM.Collect$$rtentry$$0000000A          0x0000030e   Section        4  __rtentry2.o(.ARM.Collect$$rtentry$$0000000A)
    .ARM.Collect$$rtentry$$0000000C          0x00000312   Section        0  __rtentry2.o(.ARM.Collect$$rtentry$$0000000C)
    .ARM.Collect$$rtentry$$0000000D          0x00000312   Section        8  __rtentry2.o(.ARM.Collect$$rtentry$$0000000D)
    .ARM.Collect$$rtexit$$00000000           0x0000031a   Section        2  rtexit.o(.ARM.Collect$$rtexit$$00000000)
    .ARM.Collect$$rtexit$$00000002           0x0000031c   Section        0  rtexit2.o(.ARM.Collect$$rtexit$$00000002)
    .ARM.Collect$$rtexit$$00000003           0x0000031c   Section        4  rtexit2.o(.ARM.Collect$$rtexit$$00000003)
    .ARM.Collect$$rtexit$$00000004           0x00000320   Section        6  rtexit2.o(.ARM.Collect$$rtexit$$00000004)
    .emb_text                                0x00000328   Section        6  sysctl.o(.emb_text)
    $v0                                      0x00000328   Number         0  sysctl.o(.emb_text)
    .emb_text                                0x00000330   Section       38  cpu.o(.emb_text)
    $v0                                      0x00000330   Number         0  cpu.o(.emb_text)
    .text                                    0x00000358   Section       24  startup_rvmdk.o(.text)
    $v0                                      0x00000358   Number         0  startup_rvmdk.o(.text)
    .text                                    0x00000370   Section        0  heapauxi.o(.text)
    .text                                    0x00000376   Section       74  sys_stackheap_outer.o(.text)
    .text                                    0x000003c0   Section        0  exit.o(.text)
    .text                                    0x000003d4   Section        8  libspace.o(.text)
    .text                                    0x000003dc   Section        0  sys_exit.o(.text)
    .text                                    0x000003e8   Section        2  use_no_semi.o(.text)
    [Anonymous Symbol]                       0x000003ea   Section        0  arm_pid_init_f32.o(.text.arm_pid_init_f32)
    .text                                    0x000003ea   Section        0  indicate_semi.o(.text)
    [Anonymous Symbol]                       0x00000424   Section        0  arm_pid_reset_f32.o(.text.arm_pid_reset_f32)
    i.GPIODirModeSet                         0x0000042e   Section        0  gpio.o(i.GPIODirModeSet)
    i.GPIOPadConfigSet                       0x00000456   Section        0  gpio.o(i.GPIOPadConfigSet)
    i.GPIOPinConfigure                       0x00000590   Section        0  gpio.o(i.GPIOPinConfigure)
    i.GPIOPinTypePWM                         0x000005d4   Section        0  gpio.o(i.GPIOPinTypePWM)
    i.GPIOPinTypeQEI                         0x000005f0   Section        0  gpio.o(i.GPIOPinTypeQEI)
    i.GPIOPinTypeUART                        0x0000060c   Section        0  gpio.o(i.GPIOPinTypeUART)
    i.IntEnable                              0x00000628   Section        0  interrupt.o(i.IntEnable)
    i.IntMasterEnable                        0x0000068c   Section        0  interrupt.o(i.IntMasterEnable)
    i.PWMGenConfigure                        0x0000069a   Section        0  pwm.o(i.PWMGenConfigure)
    i.PWMGenEnable                           0x000006c0   Section        0  pwm.o(i.PWMGenEnable)
    i.PWMGenPeriodSet                        0x000006ca   Section        0  pwm.o(i.PWMGenPeriodSet)
    i.PWMOutputState                         0x000006dc   Section        0  pwm.o(i.PWMOutputState)
    i.PWMPulseWidthSet                       0x000006ec   Section        0  pwm.o(i.PWMPulseWidthSet)
    i.QEIConfigure                           0x0000070c   Section        0  qei.o(i.QEIConfigure)
    i.QEIDisable                             0x0000071a   Section        0  qei.o(i.QEIDisable)
    i.QEIEnable                              0x00000724   Section        0  qei.o(i.QEIEnable)
    i.QEIFilterConfigure                     0x0000072e   Section        0  qei.o(i.QEIFilterConfigure)
    i.QEIFilterDisable                       0x0000073a   Section        0  qei.o(i.QEIFilterDisable)
    i.QEIFilterEnable                        0x00000744   Section        0  qei.o(i.QEIFilterEnable)
    i.QEIIntDisable                          0x0000074e   Section        0  qei.o(i.QEIIntDisable)
    i.QEIPositionGet                         0x00000758   Section        0  qei.o(i.QEIPositionGet)
    i.QEIPositionSet                         0x0000075c   Section        0  qei.o(i.QEIPositionSet)
    i.SysCtlClockGet                         0x00000760   Section        0  sysctl.o(i.SysCtlClockGet)
    i.SysCtlClockSet                         0x000008b4   Section        0  sysctl.o(i.SysCtlClockSet)
    i.SysCtlPWMClockSet                      0x000009d4   Section        0  sysctl.o(i.SysCtlPWMClockSet)
    i.SysCtlPeripheralEnable                 0x000009e8   Section        0  sysctl.o(i.SysCtlPeripheralEnable)
    i.SysCtlPeripheralReady                  0x00000a10   Section        0  sysctl.o(i.SysCtlPeripheralReady)
    i.TimerConfigure                         0x00000a3c   Section        0  timer.o(i.TimerConfigure)
    i.TimerEnable                            0x00000a9c   Section        0  timer.o(i.TimerEnable)
    i.TimerIntClear                          0x00000aaa   Section        0  timer.o(i.TimerIntClear)
    i.TimerIntEnable                         0x00000aae   Section        0  timer.o(i.TimerIntEnable)
    i.TimerLoadSet                           0x00000ab6   Section        0  timer.o(i.TimerLoadSet)
    i.UARTCharsAvail                         0x00000ac8   Section        0  uart.o(i.UARTCharsAvail)
    i.UARTEnable                             0x00000ad2   Section        0  uart.o(i.UARTEnable)
    i.UARTIntClear                           0x00000ae6   Section        0  uart.o(i.UARTIntClear)
    i.UARTIntEnable                          0x00000aea   Section        0  uart.o(i.UARTIntEnable)
    i.UARTIntStatus                          0x00000af2   Section        0  uart.o(i.UARTIntStatus)
    i.UARTStdioConfig                        0x00000afc   Section        0  uartstdio.o(i.UARTStdioConfig)
    i.UARTgetc                               0x00000b68   Section        0  uartstdio.o(i.UARTgetc)
    i.UARTprintf                             0x00000b80   Section        0  uartstdio.o(i.UARTprintf)
    i.UARTvprintf                            0x00000b9c   Section        0  uartstdio.o(i.UARTvprintf)
    i.UARTwrite                              0x00000dec   Section        0  uartstdio.o(i.UARTwrite)
    i.__hardfp_trunc                         0x00000e30   Section        0  trunc.o(i.__hardfp_trunc)
    i.get_position_in_degrees                0x00000ee0   Section        0  encoder.o(i.get_position_in_degrees)
    i.hardware_setup                         0x00000f24   Section        0  main.o(i.hardware_setup)
    i.is_character_received                  0x00000fd0   Section        0  uartlib.o(i.is_character_received)
    i.is_timer0_done                         0x00000fdc   Section        0  timer0lib.o(i.is_timer0_done)
    i.is_timer1_done                         0x00000fe8   Section        0  timer1lib.o(i.is_timer1_done)
    i.main                                   0x00000ff4   Section        0  main.o(i.main)
    i.motor1_configure                       0x00001420   Section        0  motor.o(i.motor1_configure)
    i.motor2_configure                       0x000014a8   Section        0  motor.o(i.motor2_configure)
    i.motor_velocity_write                   0x00001530   Section        0  motor.o(i.motor_velocity_write)
    i.pid_calc                               0x000015f4   Section        0  pidlib.o(i.pid_calc)
    i.pid_config                             0x00001650   Section        0  pidlib.o(i.pid_config)
    i.qei_module0_config                     0x00001694   Section        0  encoder.o(i.qei_module0_config)
    i.qei_module1_config                     0x00001754   Section        0  encoder.o(i.qei_module1_config)
    i.reset_timer0                           0x000017f4   Section        0  timer0lib.o(i.reset_timer0)
    i.reset_timer1                           0x00001800   Section        0  timer1lib.o(i.reset_timer1)
    i.timer0_isr                             0x0000180c   Section        0  timer0lib.o(i.timer0_isr)
    i.timer0configure                        0x0000185c   Section        0  timer0lib.o(i.timer0configure)
    i.timer1_isr                             0x000018a0   Section        0  timer1lib.o(i.timer1_isr)
    i.timer1configure                        0x000018f0   Section        0  timer1lib.o(i.timer1configure)
    i.uart_clear                             0x00001934   Section        0  uartlib.o(i.uart_clear)
    i.uart_configure                         0x00001940   Section        0  uartlib.o(i.uart_configure)
    i.uart_isr                               0x00001984   Section        0  uartlib.o(i.uart_isr)
    x$fpl$dadd                               0x000019b8   Section      336  daddsub_clz.o(x$fpl$dadd)
    $v0                                      0x000019b8   Number         0  daddsub_clz.o(x$fpl$dadd)
    _dadd1                                   0x000019c9   Thumb Code     0  daddsub_clz.o(x$fpl$dadd)
    x$fpl$dcmpinf                            0x00001b08   Section       24  dcmpi.o(x$fpl$dcmpinf)
    $v0                                      0x00001b08   Number         0  dcmpi.o(x$fpl$dcmpinf)
    x$fpl$dfix                               0x00001b20   Section       94  dfix.o(x$fpl$dfix)
    $v0                                      0x00001b20   Number         0  dfix.o(x$fpl$dfix)
    x$fpl$dleqf                              0x00001b80   Section      120  dleqf.o(x$fpl$dleqf)
    $v0                                      0x00001b80   Number         0  dleqf.o(x$fpl$dleqf)
    x$fpl$dnaninf                            0x00001bf8   Section      156  dnaninf.o(x$fpl$dnaninf)
    $v0                                      0x00001bf8   Number         0  dnaninf.o(x$fpl$dnaninf)
    x$fpl$dretinf                            0x00001c94   Section       12  dretinf.o(x$fpl$dretinf)
    $v0                                      0x00001c94   Number         0  dretinf.o(x$fpl$dretinf)
    x$fpl$drleqf                             0x00001ca0   Section      108  drleqf.o(x$fpl$drleqf)
    $v0                                      0x00001ca0   Number         0  drleqf.o(x$fpl$drleqf)
    x$fpl$drnd                               0x00001d0c   Section      180  drnd.o(x$fpl$drnd)
    $v0                                      0x00001d0c   Number         0  drnd.o(x$fpl$drnd)
    x$fpl$dsub                               0x00001dc0   Section      468  daddsub_clz.o(x$fpl$dsub)
    $v0                                      0x00001dc0   Number         0  daddsub_clz.o(x$fpl$dsub)
    _dsub1                                   0x00001dd1   Thumb Code     0  daddsub_clz.o(x$fpl$dsub)
    x$fpl$f2d                                0x00001f94   Section       86  f2d.o(x$fpl$f2d)
    $v0                                      0x00001f94   Number         0  f2d.o(x$fpl$f2d)
    x$fpl$fnaninf                            0x00001fea   Section      140  fnaninf.o(x$fpl$fnaninf)
    $v0                                      0x00001fea   Number         0  fnaninf.o(x$fpl$fnaninf)
    x$fpl$fpinit                             0x00002076   Section       10  fpinit.o(x$fpl$fpinit)
    $v0                                      0x00002076   Number         0  fpinit.o(x$fpl$fpinit)
    .constdata                               0x00002080   Section       28  uartstdio.o(.constdata)
    x$fpl$usenofp                            0x00002080   Section        0  usenofp.o(x$fpl$usenofp)
    g_pcHex                                  0x00002080   Data           4  uartstdio.o(.constdata)
    g_ui32UARTBase                           0x00002084   Data          12  uartstdio.o(.constdata)
    g_ui32UARTPeriph                         0x00002090   Data          12  uartstdio.o(.constdata)
    .constdata                               0x0000209c   Section      552  gpio.o(.constdata)
    g_ppui32GPIOIntMapBlizzard               0x0000209c   Data         192  gpio.o(.constdata)
    g_ppui32GPIOIntMapSnowflake              0x0000215c   Data         216  gpio.o(.constdata)
    g_pui32GPIOBaseAddrs                     0x00002234   Data         144  gpio.o(.constdata)
    .constdata                               0x000022c4   Section      268  interrupt.o(.constdata)
    g_pui32Priority                          0x000022c4   Data          32  interrupt.o(.constdata)
    g_pui32Regs                              0x000022e4   Data         156  interrupt.o(.constdata)
    g_pui32EnRegs                            0x00002380   Data          20  interrupt.o(.constdata)
    g_pui32Dii16Regs                         0x00002394   Data          20  interrupt.o(.constdata)
    g_pui32PendRegs                          0x000023a8   Data          20  interrupt.o(.constdata)
    g_pui32UnpendRegs                        0x000023bc   Data          20  interrupt.o(.constdata)
    .constdata                               0x000023d0   Section      596  sysctl.o(.constdata)
    g_pui32VCOFrequencies                    0x000023d0   Data           8  sysctl.o(.constdata)
    g_pui32Xtals                             0x000023d8   Data         108  sysctl.o(.constdata)
    g_pppui32XTALtoVCO                       0x00002444   Data         432  sysctl.o(.constdata)
    g_sXTALtoMEMTIM                          0x000025f4   Data          48  sysctl.o(.constdata)
    .conststring                             0x00002624   Section       17  uartstdio.o(.conststring)
    .data                                    0x20000000   Section       56  main.o(.data)
    timer1_status                            0x20000004   Data           1  main.o(.data)
    KP_POS_0_0                               0x20000008   Data           4  main.o(.data)
    KI_POS_0_0                               0x2000000c   Data           4  main.o(.data)
    KD_POS_0_0                               0x20000010   Data           4  main.o(.data)
    KP_POS_0_1                               0x20000014   Data           4  main.o(.data)
    KI_POS_0_1                               0x20000018   Data           4  main.o(.data)
    KD_POS_0_1                               0x2000001c   Data           4  main.o(.data)
    KP_POS_1_0                               0x20000020   Data           4  main.o(.data)
    KI_POS_1_0                               0x20000024   Data           4  main.o(.data)
    KD_POS_1_0                               0x20000028   Data           4  main.o(.data)
    KP_POS_1_1                               0x2000002c   Data           4  main.o(.data)
    KI_POS_1_1                               0x20000030   Data           4  main.o(.data)
    KD_POS_1_1                               0x20000034   Data           4  main.o(.data)
    .data                                    0x20000038   Section        1  timer0lib.o(.data)
    timer0_status                            0x20000038   Data           1  timer0lib.o(.data)
    .data                                    0x20000039   Section        1  timer1lib.o(.data)
    timer1_status                            0x20000039   Data           1  timer1lib.o(.data)
    .data                                    0x2000003a   Section        1  uartlib.o(.data)
    character_received                       0x2000003a   Data           1  uartlib.o(.data)
    .data                                    0x2000003c   Section        5  uartstdio.o(.data)
    g_ui32Base                               0x2000003c   Data           4  uartstdio.o(.data)
    bLastWasCR                               0x20000040   Data           1  uartstdio.o(.data)
    .bss                                     0x20000044   Section       72  pidlib.o(.bss)
    PID_0                                    0x20000044   Data          36  pidlib.o(.bss)
    PID_1                                    0x20000068   Data          36  pidlib.o(.bss)
    .bss                                     0x2000008c   Section       96  libspace.o(.bss)
    HEAP                                     0x200000f0   Section        0  startup_rvmdk.o(HEAP)
    STACK                                    0x200000f0   Section      256  startup_rvmdk.o(STACK)
    HeapMem                                  0x200000f0   Data           0  startup_rvmdk.o(HEAP)
    StackMem                                 0x200000f0   Data           0  startup_rvmdk.o(STACK)

    Global Symbols

    Symbol Name                              Value     Ov Type        Size  Object(Section)

    BuildAttributes$$THM_ISAv4$E$P$D$K$B$S$7EM$VFPi3$EXTD16$VFPS$VFMA$PE$A:L22UL41UL21$X:L11$S22US41US21$IEEE1$IW$USESV6$~STKCKD$USESV7$~SHL$OTIME$ROPI$IEEEJ$EBA8$UX$STANDARDLIB$REQ8$PRES8$EABIv2 0x00000000   Number         0  anon$$obj.o ABSOLUTE
    __ARM_use_no_argv                        0x00000000   Number         0  main.o ABSOLUTE
    __Vectors                                0x00000000   Data           0  startup_rvmdk.o(RESET)
    __ARM_exceptions_init                     - Undefined Weak Reference
    __alloca_initialize                       - Undefined Weak Reference
    __arm_preinit_                            - Undefined Weak Reference
    __cpp_initialize__aeabi_                  - Undefined Weak Reference
    __cxa_finalize                            - Undefined Weak Reference
    __rt_locale                               - Undefined Weak Reference
    __sigvec_lookup                           - Undefined Weak Reference
    _atexit_init                              - Undefined Weak Reference
    _call_atexit_fns                          - Undefined Weak Reference
    _clock_init                               - Undefined Weak Reference
    _fp_trap_init                             - Undefined Weak Reference
    _fp_trap_shutdown                         - Undefined Weak Reference
    _get_lc_collate                           - Undefined Weak Reference
    _get_lc_ctype                             - Undefined Weak Reference
    _get_lc_monetary                          - Undefined Weak Reference
    _get_lc_numeric                           - Undefined Weak Reference
    _get_lc_time                              - Undefined Weak Reference
    _getenv_init                              - Undefined Weak Reference
    _handle_redirection                       - Undefined Weak Reference
    _init_alloc                               - Undefined Weak Reference
    _init_user_alloc                          - Undefined Weak Reference
    _initio                                   - Undefined Weak Reference
    _rand_init                                - Undefined Weak Reference
    _signal_finish                            - Undefined Weak Reference
    _signal_init                              - Undefined Weak Reference
    _terminate_alloc                          - Undefined Weak Reference
    _terminate_user_alloc                     - Undefined Weak Reference
    _terminateio                              - Undefined Weak Reference
    Reset_Handler                            0x0000026d   Thumb Code     0  startup_rvmdk.o(RESET)
    __main                                   0x00000289   Thumb Code     8  __main.o(!!!main)
    __scatterload                            0x00000291   Thumb Code     0  __scatter.o(!!!scatter)
    __scatterload_rt2                        0x00000291   Thumb Code    44  __scatter.o(!!!scatter)
    __scatterload_rt2_thumb_only             0x00000291   Thumb Code     0  __scatter.o(!!!scatter)
    __scatterload_null                       0x0000029f   Thumb Code     0  __scatter.o(!!!scatter)
    __scatterload_copy                       0x000002c5   Thumb Code    26  __scatter_copy.o(!!handler_copy)
    __scatterload_zeroinit                   0x000002e1   Thumb Code    28  __scatter_zi.o(!!handler_zi)
    __rt_lib_init                            0x000002fd   Thumb Code     0  libinit.o(.ARM.Collect$$libinit$$00000000)
    __rt_lib_init_fp_1                       0x000002ff   Thumb Code     0  libinit2.o(.ARM.Collect$$libinit$$00000001)
    __rt_lib_init_alloca_1                   0x00000303   Thumb Code     0  libinit2.o(.ARM.Collect$$libinit$$0000002E)
    __rt_lib_init_argv_1                     0x00000303   Thumb Code     0  libinit2.o(.ARM.Collect$$libinit$$0000002C)
    __rt_lib_init_atexit_1                   0x00000303   Thumb Code     0  libinit2.o(.ARM.Collect$$libinit$$0000001B)
    __rt_lib_init_clock_1                    0x00000303   Thumb Code     0  libinit2.o(.ARM.Collect$$libinit$$00000021)
    __rt_lib_init_cpp_1                      0x00000303   Thumb Code     0  libinit2.o(.ARM.Collect$$libinit$$00000032)
    __rt_lib_init_exceptions_1               0x00000303   Thumb Code     0  libinit2.o(.ARM.Collect$$libinit$$00000030)
    __rt_lib_init_fp_trap_1                  0x00000303   Thumb Code     0  libinit2.o(.ARM.Collect$$libinit$$0000001F)
    __rt_lib_init_getenv_1                   0x00000303   Thumb Code     0  libinit2.o(.ARM.Collect$$libinit$$00000023)
    __rt_lib_init_heap_1                     0x00000303   Thumb Code     0  libinit2.o(.ARM.Collect$$libinit$$0000000A)
    __rt_lib_init_lc_collate_1               0x00000303   Thumb Code     0  libinit2.o(.ARM.Collect$$libinit$$00000011)
    __rt_lib_init_lc_ctype_1                 0x00000303   Thumb Code     0  libinit2.o(.ARM.Collect$$libinit$$00000013)
    __rt_lib_init_lc_monetary_1              0x00000303   Thumb Code     0  libinit2.o(.ARM.Collect$$libinit$$00000015)
    __rt_lib_init_lc_numeric_1               0x00000303   Thumb Code     0  libinit2.o(.ARM.Collect$$libinit$$00000017)
    __rt_lib_init_lc_time_1                  0x00000303   Thumb Code     0  libinit2.o(.ARM.Collect$$libinit$$00000019)
    __rt_lib_init_preinit_1                  0x00000303   Thumb Code     0  libinit2.o(.ARM.Collect$$libinit$$00000004)
    __rt_lib_init_rand_1                     0x00000303   Thumb Code     0  libinit2.o(.ARM.Collect$$libinit$$0000000E)
    __rt_lib_init_return                     0x00000303   Thumb Code     0  libinit2.o(.ARM.Collect$$libinit$$00000033)
    __rt_lib_init_signal_1                   0x00000303   Thumb Code     0  libinit2.o(.ARM.Collect$$libinit$$0000001D)
    __rt_lib_init_stdio_1                    0x00000303   Thumb Code     0  libinit2.o(.ARM.Collect$$libinit$$00000025)
    __rt_lib_init_user_alloc_1               0x00000303   Thumb Code     0  libinit2.o(.ARM.Collect$$libinit$$0000000C)
    __rt_lib_shutdown                        0x00000305   Thumb Code     0  libshutdown.o(.ARM.Collect$$libshutdown$$00000000)
    __rt_lib_shutdown_cpp_1                  0x00000307   Thumb Code     0  libshutdown2.o(.ARM.Collect$$libshutdown$$00000002)
    __rt_lib_shutdown_fp_trap_1              0x00000307   Thumb Code     0  libshutdown2.o(.ARM.Collect$$libshutdown$$00000007)
    __rt_lib_shutdown_heap_1                 0x00000307   Thumb Code     0  libshutdown2.o(.ARM.Collect$$libshutdown$$0000000F)
    __rt_lib_shutdown_return                 0x00000307   Thumb Code     0  libshutdown2.o(.ARM.Collect$$libshutdown$$00000010)
    __rt_lib_shutdown_signal_1               0x00000307   Thumb Code     0  libshutdown2.o(.ARM.Collect$$libshutdown$$0000000A)
    __rt_lib_shutdown_stdio_1                0x00000307   Thumb Code     0  libshutdown2.o(.ARM.Collect$$libshutdown$$00000004)
    __rt_lib_shutdown_user_alloc_1           0x00000307   Thumb Code     0  libshutdown2.o(.ARM.Collect$$libshutdown$$0000000C)
    __rt_entry                               0x00000309   Thumb Code     0  __rtentry.o(.ARM.Collect$$rtentry$$00000000)
    __rt_entry_presh_1                       0x00000309   Thumb Code     0  __rtentry2.o(.ARM.Collect$$rtentry$$00000002)
    __rt_entry_sh                            0x00000309   Thumb Code     0  __rtentry4.o(.ARM.Collect$$rtentry$$00000004)
    __rt_entry_li                            0x0000030f   Thumb Code     0  __rtentry2.o(.ARM.Collect$$rtentry$$0000000A)
    __rt_entry_postsh_1                      0x0000030f   Thumb Code     0  __rtentry2.o(.ARM.Collect$$rtentry$$00000009)
    __rt_entry_main                          0x00000313   Thumb Code     0  __rtentry2.o(.ARM.Collect$$rtentry$$0000000D)
    __rt_entry_postli_1                      0x00000313   Thumb Code     0  __rtentry2.o(.ARM.Collect$$rtentry$$0000000C)
    __rt_exit                                0x0000031b   Thumb Code     0  rtexit.o(.ARM.Collect$$rtexit$$00000000)
    __rt_exit_ls                             0x0000031d   Thumb Code     0  rtexit2.o(.ARM.Collect$$rtexit$$00000003)
    __rt_exit_prels_1                        0x0000031d   Thumb Code     0  rtexit2.o(.ARM.Collect$$rtexit$$00000002)
    __rt_exit_exit                           0x00000321   Thumb Code     0  rtexit2.o(.ARM.Collect$$rtexit$$00000004)
    SysCtlDelay                              0x00000329   Thumb Code     6  sysctl.o(.emb_text)
    CPUcpsid                                 0x00000331   Thumb Code     8  cpu.o(.emb_text)
    CPUprimask                               0x00000339   Thumb Code     6  cpu.o(.emb_text)
    CPUcpsie                                 0x0000033f   Thumb Code     8  cpu.o(.emb_text)
    CPUwfi                                   0x00000347   Thumb Code     4  cpu.o(.emb_text)
    CPUbasepriSet                            0x0000034b   Thumb Code     6  cpu.o(.emb_text)
    CPUbasepriGet                            0x00000351   Thumb Code     6  cpu.o(.emb_text)
    __user_initial_stackheap                 0x00000359   Thumb Code     0  startup_rvmdk.o(.text)
    __use_two_region_memory                  0x00000371   Thumb Code     2  heapauxi.o(.text)
    __rt_heap_escrow$2region                 0x00000373   Thumb Code     2  heapauxi.o(.text)
    __rt_heap_expand$2region                 0x00000375   Thumb Code     2  heapauxi.o(.text)
    __user_setup_stackheap                   0x00000377   Thumb Code    74  sys_stackheap_outer.o(.text)
    exit                                     0x000003c1   Thumb Code    18  exit.o(.text)
    __user_libspace                          0x000003d5   Thumb Code     8  libspace.o(.text)
    __user_perproc_libspace                  0x000003d5   Thumb Code     0  libspace.o(.text)
    __user_perthread_libspace                0x000003d5   Thumb Code     0  libspace.o(.text)
    _sys_exit                                0x000003dd   Thumb Code     8  sys_exit.o(.text)
    __I$use$semihosting                      0x000003e9   Thumb Code     0  use_no_semi.o(.text)
    __use_no_semihosting_swi                 0x000003e9   Thumb Code     2  use_no_semi.o(.text)
    __semihosting_library_function           0x000003eb   Thumb Code     0  indicate_semi.o(.text)
    arm_pid_init_f32                         0x000003eb   Thumb Code    58  arm_pid_init_f32.o(.text.arm_pid_init_f32)
    arm_pid_reset_f32                        0x00000425   Thumb Code    10  arm_pid_reset_f32.o(.text.arm_pid_reset_f32)
    GPIODirModeSet                           0x0000042f   Thumb Code    40  gpio.o(i.GPIODirModeSet)
    GPIOPadConfigSet                         0x00000457   Thumb Code   312  gpio.o(i.GPIOPadConfigSet)
    GPIOPinConfigure                         0x00000591   Thumb Code    60  gpio.o(i.GPIOPinConfigure)
    GPIOPinTypePWM                           0x000005d5   Thumb Code    28  gpio.o(i.GPIOPinTypePWM)
    GPIOPinTypeQEI                           0x000005f1   Thumb Code    28  gpio.o(i.GPIOPinTypeQEI)
    GPIOPinTypeUART                          0x0000060d   Thumb Code    28  gpio.o(i.GPIOPinTypeUART)
    IntEnable                                0x00000629   Thumb Code    92  interrupt.o(i.IntEnable)
    IntMasterEnable                          0x0000068d   Thumb Code    14  interrupt.o(i.IntMasterEnable)
    PWMGenConfigure                          0x0000069b   Thumb Code    38  pwm.o(i.PWMGenConfigure)
    PWMGenEnable                             0x000006c1   Thumb Code    10  pwm.o(i.PWMGenEnable)
    PWMGenPeriodSet                          0x000006cb   Thumb Code    18  pwm.o(i.PWMGenPeriodSet)
    PWMOutputState                           0x000006dd   Thumb Code    16  pwm.o(i.PWMOutputState)
    PWMPulseWidthSet                         0x000006ed   Thumb Code    32  pwm.o(i.PWMPulseWidthSet)
    QEIConfigure                             0x0000070d   Thumb Code    14  qei.o(i.QEIConfigure)
    QEIDisable                               0x0000071b   Thumb Code    10  qei.o(i.QEIDisable)
    QEIEnable                                0x00000725   Thumb Code    10  qei.o(i.QEIEnable)
    QEIFilterConfigure                       0x0000072f   Thumb Code    12  qei.o(i.QEIFilterConfigure)
    QEIFilterDisable                         0x0000073b   Thumb Code    10  qei.o(i.QEIFilterDisable)
    QEIFilterEnable                          0x00000745   Thumb Code    10  qei.o(i.QEIFilterEnable)
    QEIIntDisable                            0x0000074f   Thumb Code    10  qei.o(i.QEIIntDisable)
    QEIPositionGet                           0x00000759   Thumb Code     4  qei.o(i.QEIPositionGet)
    QEIPositionSet                           0x0000075d   Thumb Code     4  qei.o(i.QEIPositionSet)
    SysCtlClockGet                           0x00000761   Thumb Code   304  sysctl.o(i.SysCtlClockGet)
    SysCtlClockSet                           0x000008b5   Thumb Code   270  sysctl.o(i.SysCtlClockSet)
    SysCtlPWMClockSet                        0x000009d5   Thumb Code    14  sysctl.o(i.SysCtlPWMClockSet)
    SysCtlPeripheralEnable                   0x000009e9   Thumb Code    36  sysctl.o(i.SysCtlPeripheralEnable)
    SysCtlPeripheralReady                    0x00000a11   Thumb Code    40  sysctl.o(i.SysCtlPeripheralReady)
    TimerConfigure                           0x00000a3d   Thumb Code    88  timer.o(i.TimerConfigure)
    TimerEnable                              0x00000a9d   Thumb Code    14  timer.o(i.TimerEnable)
    TimerIntClear                            0x00000aab   Thumb Code     4  timer.o(i.TimerIntClear)
    TimerIntEnable                           0x00000aaf   Thumb Code     8  timer.o(i.TimerIntEnable)
    TimerLoadSet                             0x00000ab7   Thumb Code    18  timer.o(i.TimerLoadSet)
    UARTCharsAvail                           0x00000ac9   Thumb Code    10  uart.o(i.UARTCharsAvail)
    UARTEnable                               0x00000ad3   Thumb Code    20  uart.o(i.UARTEnable)
    UARTIntClear                             0x00000ae7   Thumb Code     4  uart.o(i.UARTIntClear)
    UARTIntEnable                            0x00000aeb   Thumb Code     8  uart.o(i.UARTIntEnable)
    UARTIntStatus                            0x00000af3   Thumb Code    10  uart.o(i.UARTIntStatus)
    UARTStdioConfig                          0x00000afd   Thumb Code    96  uartstdio.o(i.UARTStdioConfig)
    UARTgetc                                 0x00000b69   Thumb Code    20  uartstdio.o(i.UARTgetc)
    UARTprintf                               0x00000b81   Thumb Code    26  uartstdio.o(i.UARTprintf)
    UARTvprintf                              0x00000b9d   Thumb Code   574  uartstdio.o(i.UARTvprintf)
    UARTwrite                                0x00000ded   Thumb Code    58  uartstdio.o(i.UARTwrite)
    __hardfp_trunc                           0x00000e31   Thumb Code   154  trunc.o(i.__hardfp_trunc)
    get_position_in_degrees                  0x00000ee1   Thumb Code    64  encoder.o(i.get_position_in_degrees)
    hardware_setup                           0x00000f25   Thumb Code   134  main.o(i.hardware_setup)
    is_character_received                    0x00000fd1   Thumb Code     6  uartlib.o(i.is_character_received)
    is_timer0_done                           0x00000fdd   Thumb Code     6  timer0lib.o(i.is_timer0_done)
    is_timer1_done                           0x00000fe9   Thumb Code     6  timer1lib.o(i.is_timer1_done)
    main                                     0x00000ff5   Thumb Code   882  main.o(i.main)
    motor1_configure                         0x00001421   Thumb Code   112  motor.o(i.motor1_configure)
    motor2_configure                         0x000014a9   Thumb Code   112  motor.o(i.motor2_configure)
    motor_velocity_write                     0x00001531   Thumb Code   196  motor.o(i.motor_velocity_write)
    pid_calc                                 0x000015f5   Thumb Code    84  pidlib.o(i.pid_calc)
    pid_config                               0x00001651   Thumb Code    60  pidlib.o(i.pid_config)
    qei_module0_config                       0x00001695   Thumb Code   158  encoder.o(i.qei_module0_config)
    qei_module1_config                       0x00001755   Thumb Code   134  encoder.o(i.qei_module1_config)
    reset_timer0                             0x000017f5   Thumb Code     8  timer0lib.o(i.reset_timer0)
    reset_timer1                             0x00001801   Thumb Code     8  timer1lib.o(i.reset_timer1)
    timer0_isr                               0x0000180d   Thumb Code    70  timer0lib.o(i.timer0_isr)
    timer0configure                          0x0000185d   Thumb Code    60  timer0lib.o(i.timer0configure)
    timer1_isr                               0x000018a1   Thumb Code    70  timer1lib.o(i.timer1_isr)
    timer1configure                          0x000018f1   Thumb Code    60  timer1lib.o(i.timer1configure)
    uart_clear                               0x00001935   Thumb Code     8  uartlib.o(i.uart_clear)
    uart_configure                           0x00001941   Thumb Code    58  uartlib.o(i.uart_configure)
    uart_isr                                 0x00001985   Thumb Code    44  uartlib.o(i.uart_isr)
    __aeabi_dadd                             0x000019b9   Thumb Code     0  daddsub_clz.o(x$fpl$dadd)
    _dadd                                    0x000019b9   Thumb Code   332  daddsub_clz.o(x$fpl$dadd)
    __fpl_dcmp_Inf                           0x00001b09   Thumb Code    24  dcmpi.o(x$fpl$dcmpinf)
    __aeabi_d2iz                             0x00001b21   Thumb Code     0  dfix.o(x$fpl$dfix)
    _dfix                                    0x00001b21   Thumb Code    94  dfix.o(x$fpl$dfix)
    __aeabi_cdcmple                          0x00001b81   Thumb Code     0  dleqf.o(x$fpl$dleqf)
    _dcmple                                  0x00001b81   Thumb Code   120  dleqf.o(x$fpl$dleqf)
    __fpl_dcmple_InfNaN                      0x00001be3   Thumb Code     0  dleqf.o(x$fpl$dleqf)
    __fpl_dnaninf                            0x00001bf9   Thumb Code   156  dnaninf.o(x$fpl$dnaninf)
    __fpl_dretinf                            0x00001c95   Thumb Code    12  dretinf.o(x$fpl$dretinf)
    __aeabi_cdrcmple                         0x00001ca1   Thumb Code     0  drleqf.o(x$fpl$drleqf)
    _drcmple                                 0x00001ca1   Thumb Code   108  drleqf.o(x$fpl$drleqf)
    _drnd                                    0x00001d0d   Thumb Code   180  drnd.o(x$fpl$drnd)
    __aeabi_dsub                             0x00001dc1   Thumb Code     0  daddsub_clz.o(x$fpl$dsub)
    _dsub                                    0x00001dc1   Thumb Code   464  daddsub_clz.o(x$fpl$dsub)
    __aeabi_f2d                              0x00001f95   Thumb Code     0  f2d.o(x$fpl$f2d)
    _f2d                                     0x00001f95   Thumb Code    86  f2d.o(x$fpl$f2d)
    __fpl_fnaninf                            0x00001feb   Thumb Code   140  fnaninf.o(x$fpl$fnaninf)
    _fp_init                                 0x00002077   Thumb Code    10  fpinit.o(x$fpl$fpinit)
    __fplib_config_fpu_vfp                   0x0000207f   Thumb Code     0  fpinit.o(x$fpl$fpinit)
    __fplib_config_pureend_doubles           0x0000207f   Thumb Code     0  fpinit.o(x$fpl$fpinit)
    __I$use$fp                               0x00002080   Number         0  usenofp.o(x$fpl$usenofp)
    Region$$Table$$Base                      0x00002638   Number         0  anon$$obj.o(Region$$Table)
    Region$$Table$$Limit                     0x00002658   Number         0  anon$$obj.o(Region$$Table)
    g_ui32Flags                              0x20000000   Data           4  main.o(.data)
    __libspace_start                         0x2000008c   Data          96  libspace.o(.bss)
    __temporary_stack_top$libspace           0x200000ec   Data           0  libspace.o(.bss)



==============================================================================

Memory Map of the image

  Image Entry point : 0x0000026d

  Load Region LR_IROM1 (Base: 0x00000000, Size: 0x0000269c, Max: 0x00040000, ABSOLUTE)

    Execution Region ER_IROM1 (Exec base: 0x00000000, Load base: 0x00000000, Size: 0x00002658, Max: 0x00040000, ABSOLUTE)

    Exec Addr    Load Addr    Size         Type   Attr      Idx    E Section Name        Object

    0x00000000   0x00000000   0x00000288   Code   RO           73  * RESET               startup_rvmdk.o
    0x00000288   0x00000288   0x00000008   Code   RO         2107  * !!!main             c_w.l(__main.o)
    0x00000290   0x00000290   0x00000034   Code   RO         2295    !!!scatter          c_w.l(__scatter.o)
    0x000002c4   0x000002c4   0x0000001a   Code   RO         2297    !!handler_copy      c_w.l(__scatter_copy.o)
    0x000002de   0x000002de   0x00000002   PAD
    0x000002e0   0x000002e0   0x0000001c   Code   RO         2299    !!handler_zi        c_w.l(__scatter_zi.o)
    0x000002fc   0x000002fc   0x00000002   Code   RO         2165    .ARM.Collect$$libinit$$00000000  c_w.l(libinit.o)
    0x000002fe   0x000002fe   0x00000004   Code   RO         2171    .ARM.Collect$$libinit$$00000001  c_w.l(libinit2.o)
    0x00000302   0x00000302   0x00000000   Code   RO         2174    .ARM.Collect$$libinit$$00000004  c_w.l(libinit2.o)
    0x00000302   0x00000302   0x00000000   Code   RO         2177    .ARM.Collect$$libinit$$0000000A  c_w.l(libinit2.o)
    0x00000302   0x00000302   0x00000000   Code   RO         2179    .ARM.Collect$$libinit$$0000000C  c_w.l(libinit2.o)
    0x00000302   0x00000302   0x00000000   Code   RO         2181    .ARM.Collect$$libinit$$0000000E  c_w.l(libinit2.o)
    0x00000302   0x00000302   0x00000000   Code   RO         2184    .ARM.Collect$$libinit$$00000011  c_w.l(libinit2.o)
    0x00000302   0x00000302   0x00000000   Code   RO         2186    .ARM.Collect$$libinit$$00000013  c_w.l(libinit2.o)
    0x00000302   0x00000302   0x00000000   Code   RO         2188    .ARM.Collect$$libinit$$00000015  c_w.l(libinit2.o)
    0x00000302   0x00000302   0x00000000   Code   RO         2190    .ARM.Collect$$libinit$$00000017  c_w.l(libinit2.o)
    0x00000302   0x00000302   0x00000000   Code   RO         2192    .ARM.Collect$$libinit$$00000019  c_w.l(libinit2.o)
    0x00000302   0x00000302   0x00000000   Code   RO         2194    .ARM.Collect$$libinit$$0000001B  c_w.l(libinit2.o)
    0x00000302   0x00000302   0x00000000   Code   RO         2196    .ARM.Collect$$libinit$$0000001D  c_w.l(libinit2.o)
    0x00000302   0x00000302   0x00000000   Code   RO         2198    .ARM.Collect$$libinit$$0000001F  c_w.l(libinit2.o)
    0x00000302   0x00000302   0x00000000   Code   RO         2200    .ARM.Collect$$libinit$$00000021  c_w.l(libinit2.o)
    0x00000302   0x00000302   0x00000000   Code   RO         2202    .ARM.Collect$$libinit$$00000023  c_w.l(libinit2.o)
    0x00000302   0x00000302   0x00000000   Code   RO         2204    .ARM.Collect$$libinit$$00000025  c_w.l(libinit2.o)
    0x00000302   0x00000302   0x00000000   Code   RO         2208    .ARM.Collect$$libinit$$0000002C  c_w.l(libinit2.o)
    0x00000302   0x00000302   0x00000000   Code   RO         2210    .ARM.Collect$$libinit$$0000002E  c_w.l(libinit2.o)
    0x00000302   0x00000302   0x00000000   Code   RO         2212    .ARM.Collect$$libinit$$00000030  c_w.l(libinit2.o)
    0x00000302   0x00000302   0x00000000   Code   RO         2214    .ARM.Collect$$libinit$$00000032  c_w.l(libinit2.o)
    0x00000302   0x00000302   0x00000002   Code   RO         2215    .ARM.Collect$$libinit$$00000033  c_w.l(libinit2.o)
    0x00000304   0x00000304   0x00000002   Code   RO         2235    .ARM.Collect$$libshutdown$$00000000  c_w.l(libshutdown.o)
    0x00000306   0x00000306   0x00000000   Code   RO         2248    .ARM.Collect$$libshutdown$$00000002  c_w.l(libshutdown2.o)
    0x00000306   0x00000306   0x00000000   Code   RO         2250    .ARM.Collect$$libshutdown$$00000004  c_w.l(libshutdown2.o)
    0x00000306   0x00000306   0x00000000   Code   RO         2253    .ARM.Collect$$libshutdown$$00000007  c_w.l(libshutdown2.o)
    0x00000306   0x00000306   0x00000000   Code   RO         2256    .ARM.Collect$$libshutdown$$0000000A  c_w.l(libshutdown2.o)
    0x00000306   0x00000306   0x00000000   Code   RO         2258    .ARM.Collect$$libshutdown$$0000000C  c_w.l(libshutdown2.o)
    0x00000306   0x00000306   0x00000000   Code   RO         2261    .ARM.Collect$$libshutdown$$0000000F  c_w.l(libshutdown2.o)
    0x00000306   0x00000306   0x00000002   Code   RO         2262    .ARM.Collect$$libshutdown$$00000010  c_w.l(libshutdown2.o)
    0x00000308   0x00000308   0x00000000   Code   RO         2119    .ARM.Collect$$rtentry$$00000000  c_w.l(__rtentry.o)
    0x00000308   0x00000308   0x00000000   Code   RO         2140    .ARM.Collect$$rtentry$$00000002  c_w.l(__rtentry2.o)
    0x00000308   0x00000308   0x00000006   Code   RO         2152    .ARM.Collect$$rtentry$$00000004  c_w.l(__rtentry4.o)
    0x0000030e   0x0000030e   0x00000000   Code   RO         2142    .ARM.Collect$$rtentry$$00000009  c_w.l(__rtentry2.o)
    0x0000030e   0x0000030e   0x00000004   Code   RO         2143    .ARM.Collect$$rtentry$$0000000A  c_w.l(__rtentry2.o)
    0x00000312   0x00000312   0x00000000   Code   RO         2145    .ARM.Collect$$rtentry$$0000000C  c_w.l(__rtentry2.o)
    0x00000312   0x00000312   0x00000008   Code   RO         2146    .ARM.Collect$$rtentry$$0000000D  c_w.l(__rtentry2.o)
    0x0000031a   0x0000031a   0x00000002   Code   RO         2169    .ARM.Collect$$rtexit$$00000000  c_w.l(rtexit.o)
    0x0000031c   0x0000031c   0x00000000   Code   RO         2217    .ARM.Collect$$rtexit$$00000002  c_w.l(rtexit2.o)
    0x0000031c   0x0000031c   0x00000004   Code   RO         2218    .ARM.Collect$$rtexit$$00000003  c_w.l(rtexit2.o)
    0x00000320   0x00000320   0x00000006   Code   RO         2219    .ARM.Collect$$rtexit$$00000004  c_w.l(rtexit2.o)
    0x00000326   0x00000326   0x00000002   PAD
    0x00000328   0x00000328   0x00000006   Code   RO         1189    .emb_text           driverlib.lib(sysctl.o)
    0x0000032e   0x0000032e   0x00000002   PAD
    0x00000330   0x00000330   0x00000026   Code   RO         2093    .emb_text           driverlib.lib(cpu.o)
    0x00000356   0x00000356   0x00000002   PAD
    0x00000358   0x00000358   0x00000018   Code   RO           74    .text               startup_rvmdk.o
    0x00000370   0x00000370   0x00000006   Code   RO         2105    .text               c_w.l(heapauxi.o)
    0x00000376   0x00000376   0x0000004a   Code   RO         2156    .text               c_w.l(sys_stackheap_outer.o)
    0x000003c0   0x000003c0   0x00000012   Code   RO         2158    .text               c_w.l(exit.o)
    0x000003d2   0x000003d2   0x00000002   PAD
    0x000003d4   0x000003d4   0x00000008   Code   RO         2166    .text               c_w.l(libspace.o)
    0x000003dc   0x000003dc   0x0000000c   Code   RO         2227    .text               c_w.l(sys_exit.o)
    0x000003e8   0x000003e8   0x00000002   Code   RO         2238    .text               c_w.l(use_no_semi.o)
    0x000003ea   0x000003ea   0x00000000   Code   RO         2240    .text               c_w.l(indicate_semi.o)
    0x000003ea   0x000003ea   0x0000003a   Code   RO         2075    .text.arm_pid_init_f32  arm_cortexM4lf_math.lib(arm_pid_init_f32.o)
    0x00000424   0x00000424   0x0000000a   Code   RO         2085    .text.arm_pid_reset_f32  arm_cortexM4lf_math.lib(arm_pid_reset_f32.o)
    0x0000042e   0x0000042e   0x00000028   Code   RO          382    i.GPIODirModeSet    driverlib.lib(gpio.o)
    0x00000456   0x00000456   0x00000138   Code   RO          394    i.GPIOPadConfigSet  driverlib.lib(gpio.o)
    0x0000058e   0x0000058e   0x00000002   PAD
    0x00000590   0x00000590   0x00000044   Code   RO          395    i.GPIOPinConfigure  driverlib.lib(gpio.o)
    0x000005d4   0x000005d4   0x0000001c   Code   RO          413    i.GPIOPinTypePWM    driverlib.lib(gpio.o)
    0x000005f0   0x000005f0   0x0000001c   Code   RO          414    i.GPIOPinTypeQEI    driverlib.lib(gpio.o)
    0x0000060c   0x0000060c   0x0000001c   Code   RO          418    i.GPIOPinTypeUART   driverlib.lib(gpio.o)
    0x00000628   0x00000628   0x00000064   Code   RO          709    i.IntEnable         driverlib.lib(interrupt.o)
    0x0000068c   0x0000068c   0x0000000e   Code   RO          712    i.IntMasterEnable   driverlib.lib(interrupt.o)
    0x0000069a   0x0000069a   0x00000026   Code   RO          832    i.PWMGenConfigure   driverlib.lib(pwm.o)
    0x000006c0   0x000006c0   0x0000000a   Code   RO          834    i.PWMGenEnable      driverlib.lib(pwm.o)
    0x000006ca   0x000006ca   0x00000012   Code   RO          847    i.PWMGenPeriodSet   driverlib.lib(pwm.o)
    0x000006dc   0x000006dc   0x00000010   Code   RO          854    i.PWMOutputState    driverlib.lib(pwm.o)
    0x000006ec   0x000006ec   0x00000020   Code   RO          857    i.PWMPulseWidthSet  driverlib.lib(pwm.o)
    0x0000070c   0x0000070c   0x0000000e   Code   RO         1057    i.QEIConfigure      driverlib.lib(qei.o)
    0x0000071a   0x0000071a   0x0000000a   Code   RO         1059    i.QEIDisable        driverlib.lib(qei.o)
    0x00000724   0x00000724   0x0000000a   Code   RO         1060    i.QEIEnable         driverlib.lib(qei.o)
    0x0000072e   0x0000072e   0x0000000c   Code   RO         1062    i.QEIFilterConfigure  driverlib.lib(qei.o)
    0x0000073a   0x0000073a   0x0000000a   Code   RO         1063    i.QEIFilterDisable  driverlib.lib(qei.o)
    0x00000744   0x00000744   0x0000000a   Code   RO         1064    i.QEIFilterEnable   driverlib.lib(qei.o)
    0x0000074e   0x0000074e   0x0000000a   Code   RO         1066    i.QEIIntDisable     driverlib.lib(qei.o)
    0x00000758   0x00000758   0x00000004   Code   RO         1071    i.QEIPositionGet    driverlib.lib(qei.o)
    0x0000075c   0x0000075c   0x00000004   Code   RO         1072    i.QEIPositionSet    driverlib.lib(qei.o)
    0x00000760   0x00000760   0x00000154   Code   RO         1192    i.SysCtlClockGet    driverlib.lib(sysctl.o)
    0x000008b4   0x000008b4   0x00000120   Code   RO         1194    i.SysCtlClockSet    driverlib.lib(sysctl.o)
    0x000009d4   0x000009d4   0x00000014   Code   RO         1218    i.SysCtlPWMClockSet  driverlib.lib(sysctl.o)
    0x000009e8   0x000009e8   0x00000028   Code   RO         1223    i.SysCtlPeripheralEnable  driverlib.lib(sysctl.o)
    0x00000a10   0x00000a10   0x0000002c   Code   RO         1227    i.SysCtlPeripheralReady  driverlib.lib(sysctl.o)
    0x00000a3c   0x00000a3c   0x00000060   Code   RO         1541    i.TimerConfigure    driverlib.lib(timer.o)
    0x00000a9c   0x00000a9c   0x0000000e   Code   RO         1550    i.TimerEnable       driverlib.lib(timer.o)
    0x00000aaa   0x00000aaa   0x00000004   Code   RO         1551    i.TimerIntClear     driverlib.lib(timer.o)
    0x00000aae   0x00000aae   0x00000008   Code   RO         1553    i.TimerIntEnable    driverlib.lib(timer.o)
    0x00000ab6   0x00000ab6   0x00000012   Code   RO         1559    i.TimerLoadSet      driverlib.lib(timer.o)
    0x00000ac8   0x00000ac8   0x0000000a   Code   RO         1789    i.UARTCharsAvail    driverlib.lib(uart.o)
    0x00000ad2   0x00000ad2   0x00000014   Code   RO         1798    i.UARTEnable        driverlib.lib(uart.o)
    0x00000ae6   0x00000ae6   0x00000004   Code   RO         1806    i.UARTIntClear      driverlib.lib(uart.o)
    0x00000aea   0x00000aea   0x00000008   Code   RO         1808    i.UARTIntEnable     driverlib.lib(uart.o)
    0x00000af2   0x00000af2   0x0000000a   Code   RO         1810    i.UARTIntStatus     driverlib.lib(uart.o)
    0x00000afc   0x00000afc   0x0000006c   Code   RO          206    i.UARTStdioConfig   uartstdio.o
    0x00000b68   0x00000b68   0x00000018   Code   RO          207    i.UARTgetc          uartstdio.o
    0x00000b80   0x00000b80   0x0000001a   Code   RO          209    i.UARTprintf        uartstdio.o
    0x00000b9a   0x00000b9a   0x00000002   PAD
    0x00000b9c   0x00000b9c   0x00000250   Code   RO          210    i.UARTvprintf       uartstdio.o
    0x00000dec   0x00000dec   0x00000040   Code   RO          211    i.UARTwrite         uartstdio.o
    0x00000e2c   0x00000e2c   0x00000004   PAD
    0x00000e30   0x00000e30   0x000000b0   Code   RO         2115    i.__hardfp_trunc    m_wm.l(trunc.o)
    0x00000ee0   0x00000ee0   0x00000044   Code   RO          294    i.get_position_in_degrees  encoder.o
    0x00000f24   0x00000f24   0x000000ac   Code   RO            1    i.hardware_setup    main.o
    0x00000fd0   0x00000fd0   0x0000000c   Code   RO          162    i.is_character_received  uartlib.o
    0x00000fdc   0x00000fdc   0x0000000c   Code   RO           80    i.is_timer0_done    timer0lib.o
    0x00000fe8   0x00000fe8   0x0000000c   Code   RO          127    i.is_timer1_done    timer1lib.o
    0x00000ff4   0x00000ff4   0x0000042c   Code   RO            2    i.main              main.o
    0x00001420   0x00001420   0x00000088   Code   RO          264    i.motor1_configure  motor.o
    0x000014a8   0x000014a8   0x00000088   Code   RO          265    i.motor2_configure  motor.o
    0x00001530   0x00001530   0x000000c4   Code   RO          266    i.motor_velocity_write  motor.o
    0x000015f4   0x000015f4   0x0000005c   Code   RO          330    i.pid_calc          pidlib.o
    0x00001650   0x00001650   0x00000044   Code   RO          331    i.pid_config        pidlib.o
    0x00001694   0x00001694   0x000000c0   Code   RO          295    i.qei_module0_config  encoder.o
    0x00001754   0x00001754   0x000000a0   Code   RO          296    i.qei_module1_config  encoder.o
    0x000017f4   0x000017f4   0x0000000c   Code   RO           81    i.reset_timer0      timer0lib.o
    0x00001800   0x00001800   0x0000000c   Code   RO          128    i.reset_timer1      timer1lib.o
    0x0000180c   0x0000180c   0x00000050   Code   RO           82    i.timer0_isr        timer0lib.o
    0x0000185c   0x0000185c   0x00000044   Code   RO           83    i.timer0configure   timer0lib.o
    0x000018a0   0x000018a0   0x00000050   Code   RO          129    i.timer1_isr        timer1lib.o
    0x000018f0   0x000018f0   0x00000044   Code   RO          130    i.timer1configure   timer1lib.o
    0x00001934   0x00001934   0x0000000c   Code   RO          163    i.uart_clear        uartlib.o
    0x00001940   0x00001940   0x00000044   Code   RO          164    i.uart_configure    uartlib.o
    0x00001984   0x00001984   0x00000034   Code   RO          165    i.uart_isr          uartlib.o
    0x000019b8   0x000019b8   0x00000150   Code   RO         2120    x$fpl$dadd          fz_wm.l(daddsub_clz.o)
    0x00001b08   0x00001b08   0x00000018   Code   RO         2154    x$fpl$dcmpinf       fz_wm.l(dcmpi.o)
    0x00001b20   0x00001b20   0x0000005e   Code   RO         2109    x$fpl$dfix          fz_wm.l(dfix.o)
    0x00001b7e   0x00001b7e   0x00000002   PAD
    0x00001b80   0x00001b80   0x00000078   Code   RO         2126    x$fpl$dleqf         fz_wm.l(dleqf.o)
    0x00001bf8   0x00001bf8   0x0000009c   Code   RO         2128    x$fpl$dnaninf       fz_wm.l(dnaninf.o)
    0x00001c94   0x00001c94   0x0000000c   Code   RO         2130    x$fpl$dretinf       fz_wm.l(dretinf.o)
    0x00001ca0   0x00001ca0   0x0000006c   Code   RO         2132    x$fpl$drleqf        fz_wm.l(drleqf.o)
    0x00001d0c   0x00001d0c   0x000000b4   Code   RO         2134    x$fpl$drnd          fz_wm.l(drnd.o)
    0x00001dc0   0x00001dc0   0x000001d4   Code   RO         2122    x$fpl$dsub          fz_wm.l(daddsub_clz.o)
    0x00001f94   0x00001f94   0x00000056   Code   RO         2113    x$fpl$f2d           fz_wm.l(f2d.o)
    0x00001fea   0x00001fea   0x0000008c   Code   RO         2136    x$fpl$fnaninf       fz_wm.l(fnaninf.o)
    0x00002076   0x00002076   0x0000000a   Code   RO         2225    x$fpl$fpinit        fz_wm.l(fpinit.o)
    0x00002080   0x00002080   0x00000000   Code   RO         2138    x$fpl$usenofp       fz_wm.l(usenofp.o)
    0x00002080   0x00002080   0x0000001c   Data   RO          212    .constdata          uartstdio.o
    0x0000209c   0x0000209c   0x00000228   Data   RO          426    .constdata          driverlib.lib(gpio.o)
    0x000022c4   0x000022c4   0x0000010c   Data   RO          725    .constdata          driverlib.lib(interrupt.o)
    0x000023d0   0x000023d0   0x00000254   Data   RO         1245    .constdata          driverlib.lib(sysctl.o)
    0x00002624   0x00002624   0x00000011   Data   RO          213    .conststring        uartstdio.o
    0x00002635   0x00002635   0x00000003   PAD
    0x00002638   0x00002638   0x00000020   Data   RO         2293    Region$$Table       anon$$obj.o


    Execution Region RW_IRAM1 (Exec base: 0x20000000, Load base: 0x00002658, Size: 0x000001f0, Max: 0x00008000, ABSOLUTE)

    Exec Addr    Load Addr    Size         Type   Attr      Idx    E Section Name        Object

    0x20000000   0x00002658   0x00000038   Data   RW            3    .data               main.o
    0x20000038   0x00002690   0x00000001   Data   RW           84    .data               timer0lib.o
    0x20000039   0x00002691   0x00000001   Data   RW          131    .data               timer1lib.o
    0x2000003a   0x00002692   0x00000001   Data   RW          166    .data               uartlib.o
    0x2000003b   0x00002693   0x00000001   PAD
    0x2000003c   0x00002694   0x00000005   Data   RW          214    .data               uartstdio.o
    0x20000041   0x00002699   0x00000003   PAD
    0x20000044        -       0x00000048   Zero   RW          332    .bss                pidlib.o
    0x2000008c        -       0x00000060   Zero   RW         2167    .bss                c_w.l(libspace.o)
    0x200000ec   0x00002699   0x00000004   PAD
    0x200000f0        -       0x00000000   Zero   RW           72    HEAP                startup_rvmdk.o
    0x200000f0        -       0x00000100   Zero   RW           71    STACK               startup_rvmdk.o


==============================================================================

Image component sizes


      Code (inc. data)   RO Data    RW Data    ZI Data      Debug   Object Name

       420         64          0          0          0       2600   encoder.o
      1240        224          0         56          0       7770   main.o
       468         48          0          0          0       2629   motor.o
       160         16          0          0         72      15892   pidlib.o
       672        636          0          0        256        676   startup_rvmdk.o
       172         28          0          1          0       2719   timer0lib.o
       172         28          0          1          0       2719   timer1lib.o
       144         28          0          1          0       2645   uartlib.o
       814         40         45          5          0       6263   uartstdio.o

    ----------------------------------------------------------------------
      4268       1116         80         68        328      43913   Object Totals
         0          0         32          0          0          0   (incl. Generated)
         6          4          3          4          0          0   (incl. Padding)

    ----------------------------------------------------------------------

      Code (inc. data)   RO Data    RW Data    ZI Data      Debug   Library Member Name

        58          0          0          0          0       1004   arm_pid_init_f32.o
        10          0          0          0          0        799   arm_pid_reset_f32.o
         8          0          0          0          0         68   __main.o
         0          0          0          0          0          0   __rtentry.o
        12          0          0          0          0          0   __rtentry2.o
         6          0          0          0          0          0   __rtentry4.o
        52          8          0          0          0          0   __scatter.o
        26          0          0          0          0          0   __scatter_copy.o
        28          0          0          0          0          0   __scatter_zi.o
        18          0          0          0          0         80   exit.o
         6          0          0          0          0        152   heapauxi.o
         0          0          0          0          0          0   indicate_semi.o
         2          0          0          0          0          0   libinit.o
         6          0          0          0          0          0   libinit2.o
         2          0          0          0          0          0   libshutdown.o
         2          0          0          0          0          0   libshutdown2.o
         8          4          0          0         96         68   libspace.o
         2          0          0          0          0          0   rtexit.o
        10          0          0          0          0          0   rtexit2.o
        12          4          0          0          0         68   sys_exit.o
        74          0          0          0          0         80   sys_stackheap_outer.o
         2          0          0          0          0         68   use_no_semi.o
        38          0          0          0          0        572   cpu.o
       504          8        552          0          0       7691   gpio.o
       114          8        268          0          0       2042   interrupt.o
       114          0          0          0          0       2639   pwm.o
        84          0          0          0          0       4328   qei.o
       738         68        596          0          0       5403   sysctl.o
       140          8          0          0          0       2591   timer.o
        52          0          0          0          0       3297   uart.o
       804         16          0          0          0        368   daddsub_clz.o
        24          0          0          0          0        116   dcmpi.o
        94          4          0          0          0        140   dfix.o
       120          4          0          0          0        140   dleqf.o
       156          4          0          0          0        140   dnaninf.o
        12          0          0          0          0        116   dretinf.o
       108          0          0          0          0        128   drleqf.o
       180          4          0          0          0        128   drnd.o
        86          4          0          0          0        132   f2d.o
       140          4          0          0          0        132   fnaninf.o
        10          0          0          0          0        116   fpinit.o
         0          0          0          0          0          0   usenofp.o
       176         22          0          0          0        156   trunc.o

    ----------------------------------------------------------------------
      4052        170       1416          0        100      32762   Library Totals
        14          0          0          0          4          0   (incl. Padding)

    ----------------------------------------------------------------------

      Code (inc. data)   RO Data    RW Data    ZI Data      Debug   Library Name

        68          0          0          0          0       1803   arm_cortexM4lf_math.lib
       276         16          0          0         96        584   c_w.l
      1784         92       1416          0          0      28563   driverlib.lib
      1734         40          0          0          0       1656   fz_wm.l
       176         22          0          0          0        156   m_wm.l

    ----------------------------------------------------------------------
      4052        170       1416          0        100      32762   Library Totals

    ----------------------------------------------------------------------

==============================================================================


      Code (inc. data)   RO Data    RW Data    ZI Data      Debug   

      8320       1286       1496         68        428      69703   Grand Totals
      8320       1286       1496         68        428      69703   ELF Image Totals
      8320       1286       1496         68          0          0   ROM Totals

==============================================================================

    Total RO  Size (Code + RO Data)                 9816 (   9.59kB)
    Total RW  Size (RW Data + ZI Data)               496 (   0.48kB)
    Total ROM Size (Code + RO Data + RW Data)       9884 (   9.65kB)

==============================================================================

