Component: ARM Compiler 5.06 update 6 (build 750) Tool: armlink [4d35ed]

==============================================================================

Section Cross References

    main.o(i.hardware_setup) refers to sysctl.o(i.SysCtlClockSet) for SysCtlClockSet
    main.o(i.hardware_setup) refers to sysctl.o(.emb_text) for SysCtlDelay
    main.o(i.hardware_setup) refers to uartlib.o(i.uart_configure) for uart_configure
    main.o(i.hardware_setup) refers to encoder.o(i.qei_module0_config) for qei_module0_config
    main.o(i.hardware_setup) refers to encoder.o(i.qei_module1_config) for qei_module1_config
    main.o(i.hardware_setup) refers to encoder.o(i.qei_velocity_configure) for qei_velocity_configure
    main.o(i.hardware_setup) refers to motor.o(i.motor1_configure) for motor1_configure
    main.o(i.hardware_setup) refers to motor.o(i.motor2_configure) for motor2_configure
    main.o(i.hardware_setup) refers to timer0lib.o(i.timer0configure) for timer0configure
    main.o(i.hardware_setup) refers to timer1lib.o(i.timer1configure) for timer1configure
    main.o(i.hardware_setup) refers to timer1lib.o(i.is_timer1_done) for is_timer1_done
    main.o(i.hardware_setup) refers to pidlib.o(i.pid_config) for pid_config
    main.o(i.hardware_setup) refers to fpu.o(i.FPUEnable) for FPUEnable
    main.o(i.hardware_setup) refers to fpu.o(i.FPULazyStackingEnable) for FPULazyStackingEnable
    main.o(i.hardware_setup) refers to sysctl.o(i.SysCtlClockGet) for SysCtlClockGet
    main.o(i.hardware_setup) refers to main.o(.data) for timer1_status
    main.o(i.main) refers to _printf_pad.o(.text) for _printf_pre_padding
    main.o(i.main) refers to _printf_percent.o(.ARM.Collect$$_printf_percent$$00000000) for _printf_percent
    main.o(i.main) refers to _printf_f.o(.ARM.Collect$$_printf_percent$$00000003) for _printf_f
    main.o(i.main) refers to printf1.o(x$fpl$printf1) for _printf_fp_dec
    main.o(i.main) refers to main.o(i.hardware_setup) for hardware_setup
    main.o(i.main) refers to uartstdio.o(i.UARTprintf) for UARTprintf
    main.o(i.main) refers to timer0lib.o(i.is_timer0_done) for is_timer0_done
    main.o(i.main) refers to encoder.o(i.get_position_in_degrees) for get_position_in_degrees
    main.o(i.main) refers to encoder.o(i.get_velocity_in_degrees) for get_velocity_in_degrees
    main.o(i.main) refers to pidlib.o(i.pid_calc) for pid_calc
    main.o(i.main) refers to motor.o(i.motor1_velocity_write) for motor1_velocity_write
    main.o(i.main) refers to motor.o(i.motor2_velocity_write) for motor2_velocity_write
    main.o(i.main) refers to f2d.o(x$fpl$f2d) for __aeabi_f2d
    main.o(i.main) refers to noretval__2sprintf.o(.text) for __2sprintf
    main.o(i.main) refers to timer0lib.o(i.reset_timer0) for reset_timer0
    main.o(i.main) refers to uartlib.o(i.is_character_received) for is_character_received
    main.o(i.main) refers to uartlib.o(i.uart_clear) for uart_clear
    main.o(i.main) refers to timer1lib.o(i.is_timer1_done) for is_timer1_done
    main.o(i.main) refers to pidlib.o(i.pid_config) for pid_config
    main.o(i.main) refers to timer1lib.o(i.reset_timer1) for reset_timer1
    main.o(i.main) refers to main.o(.data) for timer1_status
    startup_rvmdk.o(STACK) refers (Special) to heapauxi.o(.text) for __use_two_region_memory
    startup_rvmdk.o(HEAP) refers (Special) to heapauxi.o(.text) for __use_two_region_memory
    startup_rvmdk.o(RESET) refers (Special) to heapauxi.o(.text) for __use_two_region_memory
    startup_rvmdk.o(RESET) refers to startup_rvmdk.o(STACK) for StackMem
    startup_rvmdk.o(RESET) refers to uartlib.o(i.uart_isr) for uart_isr
    startup_rvmdk.o(RESET) refers to timer0lib.o(i.timer0_isr) for timer0_isr
    startup_rvmdk.o(RESET) refers to timer1lib.o(i.timer1_isr) for timer1_isr
    startup_rvmdk.o(RESET) refers to timer2lib.o(i.timer2_isr) for timer2_isr
    startup_rvmdk.o(RESET) refers to __main.o(!!!main) for __main
    startup_rvmdk.o(.text) refers (Special) to heapauxi.o(.text) for __use_two_region_memory
    startup_rvmdk.o(.text) refers to startup_rvmdk.o(HEAP) for HeapMem
    startup_rvmdk.o(.text) refers to startup_rvmdk.o(STACK) for StackMem
    timer0lib.o(i.is_timer0_done) refers to timer0lib.o(.data) for timer0_status
    timer0lib.o(i.reset_timer0) refers to timer0lib.o(.data) for timer0_status
    timer0lib.o(i.timer0_isr) refers to timer.o(i.TimerIntClear) for TimerIntClear
    timer0lib.o(i.timer0_isr) refers to interrupt.o(i.IntMasterEnable) for IntMasterEnable
    timer0lib.o(i.timer0_isr) refers to timer0lib.o(.data) for timer0_status
    timer0lib.o(i.timer0configure) refers to sysctl.o(i.SysCtlPeripheralEnable) for SysCtlPeripheralEnable
    timer0lib.o(i.timer0configure) refers to timer.o(i.TimerConfigure) for TimerConfigure
    timer0lib.o(i.timer0configure) refers to sysctl.o(i.SysCtlClockGet) for SysCtlClockGet
    timer0lib.o(i.timer0configure) refers to timer.o(i.TimerLoadSet) for TimerLoadSet
[...]
    Removing sysctl.o(i.SysCtlPeripheralReset), (60 bytes).
    Removing sysctl.o(i.SysCtlPeripheralSleepDisable), (40 bytes).
    Removing sysctl.o(i.SysCtlPeripheralSleepEnable), (40 bytes).
    Removing sysctl.o(i.SysCtlReset), (16 bytes).
    Removing sysctl.o(i.SysCtlResetBehaviorGet), (12 bytes).
    Removing sysctl.o(i.SysCtlResetBehaviorSet), (12 bytes).
    Removing sysctl.o(i.SysCtlResetCauseClear), (16 bytes).
    Removing sysctl.o(i.SysCtlResetCauseGet), (12 bytes).
    Removing sysctl.o(i.SysCtlSRAMSizeGet), (16 bytes).
    Removing sysctl.o(i.SysCtlSleep), (4 bytes).
    Removing sysctl.o(i.SysCtlSleepPowerSet), (12 bytes).
    Removing sysctl.o(i.SysCtlUSBPLLDisable), (16 bytes).
    Removing sysctl.o(i.SysCtlUSBPLLEnable), (16 bytes).
    Removing sysctl.o(i.SysCtlVCOGet), (120 bytes).
    Removing sysctl.o(i.SysCtlVoltageEventClear), (16 bytes).
    Removing sysctl.o(i.SysCtlVoltageEventConfig), (12 bytes).
    Removing sysctl.o(i.SysCtlVoltageEventStatus), (12 bytes).
    Removing timer.o(i.TimerADCEventGet), (4 bytes).
    Removing timer.o(i.TimerADCEventSet), (4 bytes).
    Removing timer.o(i.TimerClockSourceGet), (6 bytes).
    Removing timer.o(i.TimerClockSourceSet), (6 bytes).
    Removing timer.o(i.TimerControlEvent), (18 bytes).
    Removing timer.o(i.TimerControlLevel), (22 bytes).
    Removing timer.o(i.TimerControlStall), (22 bytes).
    Removing timer.o(i.TimerControlTrigger), (80 bytes).
    Removing timer.o(i.TimerControlWaitOnTrigger), (48 bytes).
    Removing timer.o(i.TimerDMAEventGet), (4 bytes).
    Removing timer.o(i.TimerDMAEventSet), (4 bytes).
    Removing timer.o(i.TimerDisable), (16 bytes).
    Removing timer.o(i.TimerIntDisable), (10 bytes).
    Removing timer.o(i.TimerIntRegister), (104 bytes).
    Removing timer.o(i.TimerIntStatus), (10 bytes).
    Removing timer.o(i.TimerIntUnregister), (104 bytes).
    Removing timer.o(i.TimerLoadGet), (10 bytes).
    Removing timer.o(i.TimerLoadGet64), (14 bytes).
    Removing timer.o(i.TimerLoadSet64), (6 bytes).
    Removing timer.o(i.TimerMatchGet), (10 bytes).
    Removing timer.o(i.TimerMatchGet64), (14 bytes).
    Removing timer.o(i.TimerMatchSet), (18 bytes).
    Removing timer.o(i.TimerMatchSet64), (6 bytes).
    Removing timer.o(i.TimerPrescaleGet), (10 bytes).
    Removing timer.o(i.TimerPrescaleMatchGet), (10 bytes).
    Removing timer.o(i.TimerPrescaleMatchSet), (18 bytes).
    Removing timer.o(i.TimerPrescaleSet), (18 bytes).
    Removing timer.o(i.TimerRTCDisable), (10 bytes).
    Removing timer.o(i.TimerRTCEnable), (10 bytes).
    Removing timer.o(i.TimerSynchronize), (4 bytes).
    Removing timer.o(i.TimerUpdateMode), (42 bytes).
    Removing timer.o(i.TimerValueGet), (10 bytes).
    Removing timer.o(i.TimerValueGet64), (14 bytes).
    Removing timer.o(.constdata), (160 bytes).
    Removing uart.o(i.UART9BitAddrSend), (38 bytes).
    Removing uart.o(i.UART9BitAddrSet), (10 bytes).
    Removing uart.o(i.UART9BitDisable), (14 bytes).
    Removing uart.o(i.UART9BitEnable), (14 bytes).
    Removing uart.o(i.UARTBreakCtl), (18 bytes).
    Removing uart.o(i.UARTBusy), (8 bytes).
    Removing uart.o(i.UARTCharGet), (12 bytes).
    Removing uart.o(i.UARTCharGetNonBlocking), (16 bytes).
    Removing uart.o(i.UARTCharPut), (12 bytes).
    Removing uart.o(i.UARTCharPutNonBlocking), (16 bytes).
    Removing uart.o(i.UARTClockSourceGet), (6 bytes).
    Removing uart.o(i.UARTClockSourceSet), (6 bytes).
    Removing uart.o(i.UARTConfigGetExpClk), (46 bytes).
    Removing uart.o(i.UARTConfigSetExpClk), (110 bytes).
    Removing uart.o(i.UARTDMADisable), (10 bytes).
    Removing uart.o(i.UARTDMAEnable), (8 bytes).
    Removing uart.o(i.UARTDisable), (30 bytes).
    Removing uart.o(i.UARTDisableSIR), (10 bytes).
    Removing uart.o(i.UARTEnableSIR), (18 bytes).
    Removing uart.o(i.UARTFIFODisable), (10 bytes).
    Removing uart.o(i.UARTFIFOEnable), (10 bytes).
    Removing uart.o(i.UARTFIFOLevelGet), (16 bytes).
    Removing uart.o(i.UARTFIFOLevelSet), (6 bytes).
    Removing uart.o(i.UARTFlowControlGet), (8 bytes).
    Removing uart.o(i.UARTFlowControlSet), (12 bytes).
    Removing uart.o(i.UARTIntDisable), (10 bytes).
    Removing uart.o(i.UARTIntRegister), (88 bytes).
    Removing uart.o(i.UARTIntUnregister), (88 bytes).
    Removing uart.o(i.UARTLoopbackEnable), (10 bytes).
    Removing uart.o(i.UARTModemControlClear), (14 bytes).
    Removing uart.o(i.UARTModemControlGet), (8 bytes).
    Removing uart.o(i.UARTModemControlSet), (12 bytes).
    Removing uart.o(i.UARTModemStatusGet), (10 bytes).
    Removing uart.o(i.UARTParityModeGet), (8 bytes).
    Removing uart.o(i.UARTParityModeSet), (12 bytes).
    Removing uart.o(i.UARTRxErrorClear), (6 bytes).
    Removing uart.o(i.UARTRxErrorGet), (8 bytes).
    Removing uart.o(i.UARTSmartCardDisable), (10 bytes).
    Removing uart.o(i.UARTSmartCardEnable), (22 bytes).
    Removing uart.o(i.UARTSpaceAvail), (10 bytes).
    Removing uart.o(i.UARTTxIntModeGet), (8 bytes).
    Removing uart.o(i.UARTTxIntModeSet), (12 bytes).
    Removing uart.o(.constdata), (128 bytes).
    Removing arm_pid_init_f32.o(.text), (0 bytes).
    Removing arm_pid_init_f32.o(.ARM.exidx.text.arm_pid_init_f32), (8 bytes).
    Removing arm_pid_reset_f32.o(.text), (0 bytes).
    Removing arm_pid_reset_f32.o(.ARM.exidx.text.arm_pid_reset_f32), (8 bytes).

301 unused section(s) (total 9454 bytes) removed from the image.

==============================================================================

Image Symbol Table

    Local Symbols

    Symbol Name                              Value     Ov Type        Size  Object(Section)

    RESET                                    0x00000000   Section      648  startup_rvmdk.o(RESET)
    ../clib/angel/boardlib.s                 0x00000000   Number         0  boardinit1.o ABSOLUTE
    ../clib/angel/boardlib.s                 0x00000000   Number         0  boardshut.o ABSOLUTE
    ../clib/angel/boardlib.s                 0x00000000   Number         0  boardinit2.o ABSOLUTE
    ../clib/angel/boardlib.s                 0x00000000   Number         0  boardinit3.o ABSOLUTE
    ../clib/angel/handlers.s                 0x00000000   Number         0  __scatter_copy.o ABSOLUTE
    ../clib/angel/handlers.s                 0x00000000   Number         0  __scatter_zi.o ABSOLUTE
    ../clib/angel/kernel.s                   0x00000000   Number         0  rtexit2.o ABSOLUTE
    ../clib/angel/kernel.s                   0x00000000   Number         0  rtexit.o ABSOLUTE
    ../clib/angel/kernel.s                   0x00000000   Number         0  __rtentry4.o ABSOLUTE
    ../clib/angel/kernel.s                   0x00000000   Number         0  __rtentry2.o ABSOLUTE
    ../clib/angel/kernel.s                   0x00000000   Number         0  __rtentry.o ABSOLUTE
    ../clib/angel/rt.s                       0x00000000   Number         0  rt_raise.o ABSOLUTE
    ../clib/angel/rt.s                       0x00000000   Number         0  rt_locale_intlibspace.o ABSOLUTE
    ../clib/angel/rt.s                       0x00000000   Number         0  rt_locale.o ABSOLUTE
    ../clib/angel/scatter.s                  0x00000000   Number         0  __scatter.o ABSOLUTE
    ../clib/angel/startup.s                  0x00000000   Number         0  __main.o ABSOLUTE
    ../clib/angel/sys.s                      0x00000000   Number         0  use_no_semi.o ABSOLUTE
    ../clib/angel/sys.s                      0x00000000   Number         0  indicate_semi.o ABSOLUTE
    ../clib/angel/sys.s                      0x00000000   Number         0  libspace.o ABSOLUTE
    ../clib/angel/sys.s                      0x00000000   Number         0  sys_stackheap_outer.o ABSOLUTE
    ../clib/angel/sysapp.c                   0x00000000   Number         0  sys_command.o ABSOLUTE
    ../clib/angel/sysapp.c                   0x00000000   Number         0  sys_exit.o ABSOLUTE
    ../clib/angel/sysapp.c                   0x00000000   Number         0  sys_wrch.o ABSOLUTE
    ../clib/armsys.c                         0x00000000   Number         0  argv_veneer.o ABSOLUTE
    ../clib/armsys.c                         0x00000000   Number         0  _get_argv_nomalloc.o ABSOLUTE
    ../clib/armsys.c                         0x00000000   Number         0  no_argv.o ABSOLUTE
    ../clib/armsys.c                         0x00000000   Number         0  argv_veneer.o ABSOLUTE
    ../clib/bigflt.c                         0x00000000   Number         0  bigflt0.o ABSOLUTE
    ../clib/btod.s                           0x00000000   Number         0  btod.o ABSOLUTE
    ../clib/heapalloc.c                      0x00000000   Number         0  hrguard.o ABSOLUTE
    ../clib/heapaux.c                        0x00000000   Number         0  heapauxi.o ABSOLUTE
    ../clib/libinit.s                        0x00000000   Number         0  libinit2.o ABSOLUTE
    ../clib/libinit.s                        0x00000000   Number         0  libshutdown2.o ABSOLUTE
    ../clib/libinit.s                        0x00000000   Number         0  libinit.o ABSOLUTE
    ../clib/libinit.s                        0x00000000   Number         0  libshutdown.o ABSOLUTE
    ../clib/locale.s                         0x00000000   Number         0  lc_numeric_c.o ABSOLUTE
    ../clib/longlong.s                       0x00000000   Number         0  lludiv10.o ABSOLUTE
    ../clib/memcpset.s                       0x00000000   Number         0  strcmpv7m.o ABSOLUTE
    ../clib/misc.s                           0x00000000   Number         0  printf_stubs.o ABSOLUTE
    ../clib/printf.c                         0x00000000   Number         0  __printf_nopercent.o ABSOLUTE
    ../clib/printf.c                         0x00000000   Number         0  __2sprintf.o ABSOLUTE
    ../clib/printf.c                         0x00000000   Number         0  _printf_fp_infnan.o ABSOLUTE
    ../clib/printf.c                         0x00000000   Number         0  __printf_flags_ss_wp.o ABSOLUTE
    ../clib/printf.c                         0x00000000   Number         0  noretval__2sprintf.o ABSOLUTE
    ../clib/printf.c                         0x00000000   Number         0  __printf_ss_wp.o ABSOLUTE
    ../clib/printf.c                         0x00000000   Number         0  __printf.o ABSOLUTE
    ../clib/printf.c                         0x00000000   Number         0  __printf_wp.o ABSOLUTE
    ../clib/printf.c                         0x00000000   Number         0  _printf_pad.o ABSOLUTE
    ../clib/printf.c                         0x00000000   Number         0  _sputc.o ABSOLUTE
    ../clib/printf.c                         0x00000000   Number         0  _printf_char_common.o ABSOLUTE
    ../clib/printf.c                         0x00000000   Number         0  _printf_fp_dec.o ABSOLUTE
    ../clib/printf.c                         0x00000000   Number         0  __printf_flags_wp.o ABSOLUTE
    ../clib/printf.c                         0x00000000   Number         0  __printf_flags.o ABSOLUTE
    ../clib/printf.c                         0x00000000   Number         0  __printf_ss.o ABSOLUTE
    ../clib/printf.c                         0x00000000   Number         0  __printf_flags_ss.o ABSOLUTE
    ../clib/printf_percent.s                 0x00000000   Number         0  _printf_f.o ABSOLUTE
    ../clib/printf_percent.s                 0x00000000   Number         0  _printf_percent_end.o ABSOLUTE
    ../clib/printf_percent.s                 0x00000000   Number         0  _printf_percent.o ABSOLUTE
    ../clib/signal.c                         0x00000000   Number         0  defsig_cppl_inner.o ABSOLUTE
    ../clib/signal.c                         0x00000000   Number         0  defsig_pvfn_inner.o ABSOLUTE
    ../clib/signal.c                         0x00000000   Number         0  defsig_stak_inner.o ABSOLUTE
    ../clib/signal.c                         0x00000000   Number         0  defsig_rtred_inner.o ABSOLUTE
    ../clib/signal.c                         0x00000000   Number         0  defsig_fpe_inner.o ABSOLUTE
    ../clib/signal.c                         0x00000000   Number         0  defsig_abrt_inner.o ABSOLUTE
    ../clib/signal.c                         0x00000000   Number         0  defsig_general.o ABSOLUTE
    ../clib/signal.c                         0x00000000   Number         0  defsig_rtmem_inner.o ABSOLUTE
    ../clib/signal.c                         0x00000000   Number         0  defsig_exit.o ABSOLUTE
    ../clib/signal.c                         0x00000000   Number         0  defsig_rtmem_formal.o ABSOLUTE
    ../clib/signal.c                         0x00000000   Number         0  defsig_rtmem_outer.o ABSOLUTE
    ../clib/signal.c                         0x00000000   Number         0  __raise.o ABSOLUTE
    ../clib/signal.c                         0x00000000   Number         0  defsig_other.o ABSOLUTE
    ../clib/signal.c                         0x00000000   Number         0  defsig_segv_inner.o ABSOLUTE
    ../clib/signal.s                         0x00000000   Number         0  defsig.o ABSOLUTE
    ../clib/stdlib.c                         0x00000000   Number         0  exit.o ABSOLUTE
    ../fplib/dretinf.s                       0x00000000   Number         0  dretinf.o ABSOLUTE
    ../fplib/f2d.s                           0x00000000   Number         0  f2d.o ABSOLUTE
    ../fplib/fnaninf.s                       0x00000000   Number         0  fnaninf.o ABSOLUTE
    ../fplib/fpinit.s                        0x00000000   Number         0  fpinit.o ABSOLUTE
    ../fplib/istatus.s                       0x00000000   Number         0  istatus.o ABSOLUTE
    ../fplib/printf1.s                       0x00000000   Number         0  printf1.o ABSOLUTE
    ../fplib/usenofp.s                       0x00000000   Number         0  usenofp.o ABSOLUTE
    ../mathlib/fpclassify.c                  0x00000000   Number         0  fpclassify.o ABSOLUTE
    C:\ti\TivaWare_C_Series-2.1.4.178\utils\uartstdio.c 0x00000000   Number         0  uartstdio.o ABSOLUTE
    Libraries\Timer0\timer0lib.c             0x00000000   Number         0  timer0lib.o ABSOLUTE
    Libraries\Timer1\timer1lib.c             0x00000000   Number         0  timer1lib.o ABSOLUTE
    Libraries\Timer2\timer2lib.c             0x00000000   Number         0  timer2lib.o ABSOLUTE
    Libraries\Uart\uartlib.c                 0x00000000   Number         0  uartlib.o ABSOLUTE
    Libraries\\pidlib\\pidlib.c              0x00000000   Number         0  pidlib.o ABSOLUTE
    Libraries\encoder\encoder.c              0x00000000   Number         0  encoder.o ABSOLUTE
    Libraries\motor\motor.c                  0x00000000   Number         0  motor.o ABSOLUTE
    Libraries\mpu6050\mpu6050.c              0x00000000   Number         0  mpu6050.o ABSOLUTE
    Libraries\pidlib\pidlib.c                0x00000000   Number         0  pidlib.o ABSOLUTE
    arm_pid_init_f32.c                       0x00000000   Number         0  arm_pid_init_f32.o ABSOLUTE
    arm_pid_reset_f32.c                      0x00000000   Number         0  arm_pid_reset_f32.o ABSOLUTE
    cpu.c                                    0x00000000   Number         0  cpu.o ABSOLUTE
    cpu.c                                    0x00000000   Number         0  cpu.o ABSOLUTE
    dc.s                                     0x00000000   Number         0  dc.o ABSOLUTE
    fpu.c                                    0x00000000   Number         0  fpu.o ABSOLUTE
    gpio.c                                   0x00000000   Number         0  gpio.o ABSOLUTE
    i2c.c                                    0x00000000   Number         0  i2c.o ABSOLUTE
    interrupt.c                              0x00000000   Number         0  interrupt.o ABSOLUTE
    main.c                                   0x00000000   Number         0  main.o ABSOLUTE
    pwm.c                                    0x00000000   Number         0  pwm.o ABSOLUTE
    qei.c                                    0x00000000   Number         0  qei.o ABSOLUTE
    startup_rvmdk.S                          0x00000000   Number         0  startup_rvmdk.o ABSOLUTE
    sysctl.c                                 0x00000000   Number         0  sysctl.o ABSOLUTE
    sysctl.c                                 0x00000000   Number         0  sysctl.o ABSOLUTE
    timer.c                                  0x00000000   Number         0  timer.o ABSOLUTE
    uart.c                                   0x00000000   Number         0  uart.o ABSOLUTE
    $v0                                      0x0000026c   Number         0  startup_rvmdk.o(RESET)
    NmiSR                                    0x00000281   Thumb Code     0  startup_rvmdk.o(RESET)
    FaultISR                                 0x00000283   Thumb Code     0  startup_rvmdk.o(RESET)
    IntDefaultHandler                        0x00000285   Thumb Code     0  startup_rvmdk.o(RESET)
    !!!main                                  0x00000288   Section        8  __main.o(!!!main)
    !!!scatter                               0x00000290   Section       52  __scatter.o(!!!scatter)
    !!handler_copy                           0x000002c4   Section       26  __scatter_copy.o(!!handler_copy)
    !!handler_zi                             0x000002e0   Section       28  __scatter_zi.o(!!handler_zi)
    .ARM.Collect$$_printf_percent$$00000000  0x000002fc   Section        0  _printf_percent.o(.ARM.Collect$$_printf_percent$$00000000)
    .ARM.Collect$$_printf_percent$$00000003  0x000002fc   Section        6  _printf_f.o(.ARM.Collect$$_printf_percent$$00000003)
    .ARM.Collect$$_printf_percent$$00000017  0x00000302   Section        4  _printf_percent_end.o(.ARM.Collect$$_printf_percent$$00000017)
    .ARM.Collect$$libinit$$00000000          0x00000306   Section        2  libinit.o(.ARM.Collect$$libinit$$00000000)
    .ARM.Collect$$libinit$$00000001          0x00000308   Section        4  libinit2.o(.ARM.Collect$$libinit$$00000001)
    .ARM.Collect$$libinit$$00000004          0x0000030c   Section        0  libinit2.o(.ARM.Collect$$libinit$$00000004)
    .ARM.Collect$$libinit$$0000000A          0x0000030c   Section        0  libinit2.o(.ARM.Collect$$libinit$$0000000A)
    .ARM.Collect$$libinit$$0000000C          0x0000030c   Section        0  libinit2.o(.ARM.Collect$$libinit$$0000000C)
    .ARM.Collect$$libinit$$0000000E          0x0000030c   Section        0  libinit2.o(.ARM.Collect$$libinit$$0000000E)
    .ARM.Collect$$libinit$$0000000F          0x0000030c   Section        6  libinit2.o(.ARM.Collect$$libinit$$0000000F)
    .ARM.Collect$$libinit$$00000011          0x00000312   Section        0  libinit2.o(.ARM.Collect$$libinit$$00000011)
    .ARM.Collect$$libinit$$00000013          0x00000312   Section        0  libinit2.o(.ARM.Collect$$libinit$$00000013)
    .ARM.Collect$$libinit$$00000015          0x00000312   Section        0  libinit2.o(.ARM.Collect$$libinit$$00000015)
    .ARM.Collect$$libinit$$00000016          0x00000312   Section       10  libinit2.o(.ARM.Collect$$libinit$$00000016)
    .ARM.Collect$$libinit$$00000017          0x0000031c   Section        0  libinit2.o(.ARM.Collect$$libinit$$00000017)
    .ARM.Collect$$libinit$$00000019          0x0000031c   Section        0  libinit2.o(.ARM.Collect$$libinit$$00000019)
    .ARM.Collect$$libinit$$0000001B          0x0000031c   Section        0  libinit2.o(.ARM.Collect$$libinit$$0000001B)
    .ARM.Collect$$libinit$$0000001D          0x0000031c   Section        0  libinit2.o(.ARM.Collect$$libinit$$0000001D)
    .ARM.Collect$$libinit$$0000001F          0x0000031c   Section        0  libinit2.o(.ARM.Collect$$libinit$$0000001F)
    .ARM.Collect$$libinit$$00000021          0x0000031c   Section        0  libinit2.o(.ARM.Collect$$libinit$$00000021)
    .ARM.Collect$$libinit$$00000023          0x0000031c   Section        0  libinit2.o(.ARM.Collect$$libinit$$00000023)
    .ARM.Collect$$libinit$$00000025          0x0000031c   Section        0  libinit2.o(.ARM.Collect$$libinit$$00000025)
    .ARM.Collect$$libinit$$0000002C          0x0000031c   Section        0  libinit2.o(.ARM.Collect$$libinit$$0000002C)
    .ARM.Collect$$libinit$$0000002E          0x0000031c   Section        0  libinit2.o(.ARM.Collect$$libinit$$0000002E)
    .ARM.Collect$$libinit$$00000030          0x0000031c   Section        0  libinit2.o(.ARM.Collect$$libinit$$00000030)
    .ARM.Collect$$libinit$$00000032          0x0000031c   Section        0  libinit2.o(.ARM.Collect$$libinit$$00000032)
    .ARM.Collect$$libinit$$00000033          0x0000031c   Section        2  libinit2.o(.ARM.Collect$$libinit$$00000033)
    .ARM.Collect$$libshutdown$$00000000      0x0000031e   Section        2  libshutdown.o(.ARM.Collect$$libshutdown$$00000000)
    .ARM.Collect$$libshutdown$$00000002      0x00000320   Section        0  libshutdown2.o(.ARM.Collect$$libshutdown$$00000002)
    .ARM.Collect$$libshutdown$$00000004      0x00000320   Section        0  libshutdown2.o(.ARM.Collect$$libshutdown$$00000004)
    .ARM.Collect$$libshutdown$$00000007      0x00000320   Section        0  libshutdown2.o(.ARM.Collect$$libshutdown$$00000007)
    .ARM.Collect$$libshutdown$$0000000A      0x00000320   Section        0  libshutdown2.o(.ARM.Collect$$libshutdown$$0000000A)
    .ARM.Collect$$libshutdown$$0000000C      0x00000320   Section        0  libshutdown2.o(.ARM.Collect$$libshutdown$$0000000C)
    .ARM.Collect$$libshutdown$$0000000F      0x00000320   Section        0  libshutdown2.o(.ARM.Collect$$libshutdown$$0000000F)
    .ARM.Collect$$libshutdown$$00000010      0x00000320   Section        2  libshutdown2.o(.ARM.Collect$$libshutdown$$00000010)
    .ARM.Collect$$rtentry$$00000000          0x00000322   Section        0  __rtentry.o(.ARM.Collect$$rtentry$$00000000)
    .ARM.Collect$$rtentry$$00000002          0x00000322   Section        0  __rtentry2.o(.ARM.Collect$$rtentry$$00000002)
    .ARM.Collect$$rtentry$$00000004          0x00000322   Section        6  __rtentry4.o(.ARM.Collect$$rtentry$$00000004)
    .ARM.Collect$$rtentry$$00000009          0x00000328   Section        0  __rtentry2.o(.ARM.Collect$$rtentry$$00000009)
    .ARM.Collect$$rtentry$$0000000A          0x00000328   Section        4  __rtentry2.o(.ARM.Collect$$rtentry$$0000000A)
    .ARM.Collect$$rtentry$$0000000C          0x0000032c   Section        0  __rtentry2.o(.ARM.Collect$$rtentry$$0000000C)
    .ARM.Collect$$rtentry$$0000000D          0x0000032c   Section        8  __rtentry2.o(.ARM.Collect$$rtentry$$0000000D)
    .ARM.Collect$$rtexit$$00000000           0x00000334   Section        2  rtexit.o(.ARM.Collect$$rtexit$$00000000)
    .ARM.Collect$$rtexit$$00000002           0x00000336   Section        0  rtexit2.o(.ARM.Collect$$rtexit$$00000002)
    .ARM.Collect$$rtexit$$00000003           0x00000336   Section        4  rtexit2.o(.ARM.Collect$$rtexit$$00000003)
    .ARM.Collect$$rtexit$$00000004           0x0000033a   Section        6  rtexit2.o(.ARM.Collect$$rtexit$$00000004)
    .emb_text                                0x00000340   Section        6  sysctl.o(.emb_text)
    $v0                                      0x00000340   Number         0  sysctl.o(.emb_text)
    .emb_text                                0x00000348   Section       38  cpu.o(.emb_text)
    $v0                                      0x00000348   Number         0  cpu.o(.emb_text)
    .text                                    0x00000370   Section       24  startup_rvmdk.o(.text)
    $v0                                      0x00000370   Number         0  startup_rvmdk.o(.text)
    .text                                    0x00000388   Section        0  noretval__2sprintf.o(.text)
    .text                                    0x000003b0   Section        0  _printf_pad.o(.text)
    .text                                    0x00000400   Section        0  __printf_flags_wp.o(.text)
    .text                                    0x00000538   Section        0  heapauxi.o(.text)
    .text                                    0x0000053e   Section        0  _printf_fp_dec.o(.text)
    _fp_digits                               0x00000541   Thumb Code   432  _printf_fp_dec.o(.text)
    .text                                    0x0000095c   Section        0  _printf_char_common.o(.text)
    _printf_input_char                       0x0000095d   Thumb Code    10  _printf_char_common.o(.text)
    .text                                    0x0000098c   Section        0  _sputc.o(.text)
    .text                                    0x00000998   Section        8  rt_locale_intlibspace.o(.text)
    .text                                    0x000009a0   Section      138  lludiv10.o(.text)
    .text                                    0x00000a2c   Section        0  _printf_fp_infnan.o(.text)
    .text                                    0x00000aac   Section        0  bigflt0.o(.text)
    .text                                    0x00000b90   Section        8  libspace.o(.text)
    .text                                    0x00000b98   Section       74  sys_stackheap_outer.o(.text)
    .text                                    0x00000be2   Section        0  exit.o(.text)
    .text                                    0x00000bf4   Section      128  strcmpv7m.o(.text)
    .text                                    0x00000c74   Section        0  sys_exit.o(.text)
    .text                                    0x00000c80   Section        2  use_no_semi.o(.text)
    [Anonymous Symbol]                       0x00000c82   Section        0  arm_pid_init_f32.o(.text.arm_pid_init_f32)
    .text                                    0x00000c82   Section        0  indicate_semi.o(.text)
    [Anonymous Symbol]                       0x00000cbc   Section        0  arm_pid_reset_f32.o(.text.arm_pid_reset_f32)
    CL$$btod_d2e                             0x00000cc6   Section       62  btod.o(CL$$btod_d2e)
    CL$$btod_d2e_denorm_low                  0x00000d04   Section       70  btod.o(CL$$btod_d2e_denorm_low)
    CL$$btod_d2e_norm_op1                    0x00000d4a   Section       96  btod.o(CL$$btod_d2e_norm_op1)
    CL$$btod_div_common                      0x00000daa   Section      824  btod.o(CL$$btod_div_common)
    CL$$btod_e2e                             0x000010e2   Section      220  btod.o(CL$$btod_e2e)
    CL$$btod_ediv                            0x000011be   Section       42  btod.o(CL$$btod_ediv)
    CL$$btod_emul                            0x000011e8   Section       42  btod.o(CL$$btod_emul)
    CL$$btod_mult_common                     0x00001212   Section      580  btod.o(CL$$btod_mult_common)
    i.FPUEnable                              0x00001458   Section        0  fpu.o(i.FPUEnable)
    i.FPULazyStackingEnable                  0x00001468   Section        0  fpu.o(i.FPULazyStackingEnable)
    i.GPIODirModeSet                         0x00001478   Section        0  gpio.o(i.GPIODirModeSet)
    i.GPIOPadConfigSet                       0x000014a0   Section        0  gpio.o(i.GPIOPadConfigSet)
    i.GPIOPinConfigure                       0x000015d8   Section        0  gpio.o(i.GPIOPinConfigure)
    i.GPIOPinTypeGPIOOutput                  0x0000161c   Section        0  gpio.o(i.GPIOPinTypeGPIOOutput)
    i.GPIOPinTypePWM                         0x00001638   Section        0  gpio.o(i.GPIOPinTypePWM)
    i.GPIOPinTypeQEI                         0x00001654   Section        0  gpio.o(i.GPIOPinTypeQEI)
    i.GPIOPinTypeUART                        0x00001670   Section        0  gpio.o(i.GPIOPinTypeUART)
    i.GPIOPinWrite                           0x0000168c   Section        0  gpio.o(i.GPIOPinWrite)
    i.IntEnable                              0x00001694   Section        0  interrupt.o(i.IntEnable)
    i.IntMasterEnable                        0x000016f8   Section        0  interrupt.o(i.IntMasterEnable)
    i.PWMGenConfigure                        0x00001706   Section        0  pwm.o(i.PWMGenConfigure)
    i.PWMGenEnable                           0x0000172c   Section        0  pwm.o(i.PWMGenEnable)
    i.PWMGenPeriodSet                        0x00001736   Section        0  pwm.o(i.PWMGenPeriodSet)
    i.PWMOutputState                         0x00001748   Section        0  pwm.o(i.PWMOutputState)
    i.PWMPulseWidthSet                       0x00001758   Section        0  pwm.o(i.PWMPulseWidthSet)
    i.QEIConfigure                           0x00001778   Section        0  qei.o(i.QEIConfigure)
    i.QEIDisable                             0x00001786   Section        0  qei.o(i.QEIDisable)
    i.QEIEnable                              0x00001790   Section        0  qei.o(i.QEIEnable)
    i.QEIFilterConfigure                     0x0000179a   Section        0  qei.o(i.QEIFilterConfigure)
    i.QEIFilterDisable                       0x000017a6   Section        0  qei.o(i.QEIFilterDisable)
    i.QEIFilterEnable                        0x000017b0   Section        0  qei.o(i.QEIFilterEnable)
    i.QEIIntDisable                          0x000017ba   Section        0  qei.o(i.QEIIntDisable)
    i.QEIPositionGet                         0x000017c4   Section        0  qei.o(i.QEIPositionGet)
    i.QEIPositionSet                         0x000017c8   Section        0  qei.o(i.QEIPositionSet)
    i.QEIVelocityConfigure                   0x000017cc   Section        0  qei.o(i.QEIVelocityConfigure)
    i.QEIVelocityDisable                     0x000017dc   Section        0  qei.o(i.QEIVelocityDisable)
    i.QEIVelocityEnable                      0x000017e6   Section        0  qei.o(i.QEIVelocityEnable)
    i.QEIVelocityGet                         0x000017f0   Section        0  qei.o(i.QEIVelocityGet)
    i.SysCtlClockGet                         0x000017f4   Section        0  sysctl.o(i.SysCtlClockGet)
    i.SysCtlClockSet                         0x00001948   Section        0  sysctl.o(i.SysCtlClockSet)
    i.SysCtlPWMClockSet                      0x00001a68   Section        0  sysctl.o(i.SysCtlPWMClockSet)
    i.SysCtlPeripheralEnable                 0x00001a7c   Section        0  sysctl.o(i.SysCtlPeripheralEnable)
    i.SysCtlPeripheralReady                  0x00001aa4   Section        0  sysctl.o(i.SysCtlPeripheralReady)
    i.TimerConfigure                         0x00001ad0   Section        0  timer.o(i.TimerConfigure)
    i.TimerEnable                            0x00001b30   Section        0  timer.o(i.TimerEnable)
    i.TimerIntClear                          0x00001b3e   Section        0  timer.o(i.TimerIntClear)
    i.TimerIntEnable                         0x00001b42   Section        0  timer.o(i.TimerIntEnable)
    i.TimerLoadSet                           0x00001b4a   Section        0  timer.o(i.TimerLoadSet)
    i.UARTCharsAvail                         0x00001b5c   Section        0  uart.o(i.UARTCharsAvail)
    i.UARTEnable                             0x00001b66   Section        0  uart.o(i.UARTEnable)
    i.UARTIntClear                           0x00001b7a   Section        0  uart.o(i.UARTIntClear)
    i.UARTIntEnable                          0x00001b7e   Section        0  uart.o(i.UARTIntEnable)
    i.UARTIntStatus                          0x00001b86   Section        0  uart.o(i.UARTIntStatus)
    i.UARTStdioConfig                        0x00001b90   Section        0  uartstdio.o(i.UARTStdioConfig)
    i.UARTgetc                               0x00001bfc   Section        0  uartstdio.o(i.UARTgetc)
    i.UARTprintf                             0x00001c14   Section        0  uartstdio.o(i.UARTprintf)
    i.UARTvprintf                            0x00001c30   Section        0  uartstdio.o(i.UARTvprintf)
    i.UARTwrite                              0x00001e80   Section        0  uartstdio.o(i.UARTwrite)
    i.__ARM_fpclassify                       0x00001ec0   Section        0  fpclassify.o(i.__ARM_fpclassify)
    i._is_digit                              0x00001ef0   Section        0  __printf_wp.o(i._is_digit)
    i.get_position_in_degrees                0x00001f00   Section        0  encoder.o(i.get_position_in_degrees)
    i.get_velocity_in_degrees                0x00001f44   Section        0  encoder.o(i.get_velocity_in_degrees)
    i.hardware_setup                         0x00001f8c   Section        0  main.o(i.hardware_setup)
    i.is_character_received                  0x0000204c   Section        0  uartlib.o(i.is_character_received)
    i.is_timer0_done                         0x00002058   Section        0  timer0lib.o(i.is_timer0_done)
    i.is_timer1_done                         0x00002064   Section        0  timer1lib.o(i.is_timer1_done)
    i.main                                   0x00002070   Section        0  main.o(i.main)
    i.motor1_configure                       0x0000231c   Section        0  motor.o(i.motor1_configure)
    i.motor1_velocity_write                  0x000023c8   Section        0  motor.o(i.motor1_velocity_write)
    i.motor2_configure                       0x00002464   Section        0  motor.o(i.motor2_configure)
    i.motor2_velocity_write                  0x00002510   Section        0  motor.o(i.motor2_velocity_write)
    i.pid_calc                               0x000025ac   Section        0  pidlib.o(i.pid_calc)
    i.pid_config                             0x00002608   Section        0  pidlib.o(i.pid_config)
    i.qei_module0_config                     0x0000264c   Section        0  encoder.o(i.qei_module0_config)
    i.qei_module1_config                     0x0000270c   Section        0  encoder.o(i.qei_module1_config)
    i.qei_velocity_configure                 0x000027ac   Section        0  encoder.o(i.qei_velocity_configure)
    i.reset_timer0                           0x000027d4   Section        0  timer0lib.o(i.reset_timer0)
    i.reset_timer1                           0x000027e0   Section        0  timer1lib.o(i.reset_timer1)
    i.timer0_isr                             0x000027ec   Section        0  timer0lib.o(i.timer0_isr)
    i.timer0configure                        0x0000283c   Section        0  timer0lib.o(i.timer0configure)
    i.timer1_isr                             0x00002880   Section        0  timer1lib.o(i.timer1_isr)
    i.timer1configure                        0x000028d0   Section        0  timer1lib.o(i.timer1configure)
    i.timer2_isr                             0x00002914   Section        0  timer2lib.o(i.timer2_isr)
    i.uart_clear                             0x00002964   Section        0  uartlib.o(i.uart_clear)
    i.uart_configure                         0x00002970   Section        0  uartlib.o(i.uart_configure)
    i.uart_isr                               0x000029b4   Section        0  uartlib.o(i.uart_isr)
    locale$$code                             0x000029e8   Section       44  lc_numeric_c.o(locale$$code)
    x$fpl$dretinf                            0x00002a14   Section       12  dretinf.o(x$fpl$dretinf)
    $v0                                      0x00002a14   Number         0  dretinf.o(x$fpl$dretinf)
    x$fpl$f2d                                0x00002a20   Section       86  f2d.o(x$fpl$f2d)
    $v0                                      0x00002a20   Number         0  f2d.o(x$fpl$f2d)
    x$fpl$fnaninf                            0x00002a76   Section      140  fnaninf.o(x$fpl$fnaninf)
    $v0                                      0x00002a76   Number         0  fnaninf.o(x$fpl$fnaninf)
    x$fpl$fpinit                             0x00002b02   Section       10  fpinit.o(x$fpl$fpinit)
    $v0                                      0x00002b02   Number         0  fpinit.o(x$fpl$fpinit)
    x$fpl$printf1                            0x00002b0c   Section        4  printf1.o(x$fpl$printf1)
    $v0                                      0x00002b0c   Number         0  printf1.o(x$fpl$printf1)
    .constdata                               0x00002b10   Section       28  uartstdio.o(.constdata)
    x$fpl$usenofp                            0x00002b10   Section        0  usenofp.o(x$fpl$usenofp)
    g_pcHex                                  0x00002b10   Data           4  uartstdio.o(.constdata)
    g_ui32UARTBase                           0x00002b14   Data          12  uartstdio.o(.constdata)
    g_ui32UARTPeriph                         0x00002b20   Data          12  uartstdio.o(.constdata)
    .constdata                               0x00002b2c   Section      552  gpio.o(.constdata)
    g_ppui32GPIOIntMapBlizzard               0x00002b2c   Data         192  gpio.o(.constdata)
    g_ppui32GPIOIntMapSnowflake              0x00002bec   Data         216  gpio.o(.constdata)
    g_pui32GPIOBaseAddrs                     0x00002cc4   Data         144  gpio.o(.constdata)
    .constdata                               0x00002d54   Section      268  interrupt.o(.constdata)
    g_pui32Priority                          0x00002d54   Data          32  interrupt.o(.constdata)
    g_pui32Regs                              0x00002d74   Data         156  interrupt.o(.constdata)
    g_pui32EnRegs                            0x00002e10   Data          20  interrupt.o(.constdata)
    g_pui32Dii16Regs                         0x00002e24   Data          20  interrupt.o(.constdata)
    g_pui32PendRegs                          0x00002e38   Data          20  interrupt.o(.constdata)
    g_pui32UnpendRegs                        0x00002e4c   Data          20  interrupt.o(.constdata)
    .constdata                               0x00002e60   Section      596  sysctl.o(.constdata)
    g_pui32VCOFrequencies                    0x00002e60   Data           8  sysctl.o(.constdata)
    g_pui32Xtals                             0x00002e68   Data         108  sysctl.o(.constdata)
    g_pppui32XTALtoVCO                       0x00002ed4   Data         432  sysctl.o(.constdata)
    g_sXTALtoMEMTIM                          0x00003084   Data          48  sysctl.o(.constdata)
    .constdata                               0x000030b4   Section       17  __printf_flags_wp.o(.constdata)
    maptable                                 0x000030b4   Data          17  __printf_flags_wp.o(.constdata)
    .constdata                               0x000030c8   Section      148  bigflt0.o(.constdata)
    tenpwrs_x                                0x000030c8   Data          60  bigflt0.o(.constdata)
    tenpwrs_i                                0x00003104   Data          64  bigflt0.o(.constdata)
    .conststring                             0x0000315c   Section       17  uartstdio.o(.conststring)
    locale$$data                             0x00003190   Section       28  lc_numeric_c.o(locale$$data)
    __lcnum_c_name                           0x00003194   Data           2  lc_numeric_c.o(locale$$data)
    __lcnum_c_start                          0x0000319c   Data           0  lc_numeric_c.o(locale$$data)
    __lcnum_c_point                          0x000031a8   Data           0  lc_numeric_c.o(locale$$data)
    __lcnum_c_thousands                      0x000031aa   Data           0  lc_numeric_c.o(locale$$data)
    __lcnum_c_grouping                       0x000031ab   Data           0  lc_numeric_c.o(locale$$data)
    __lcnum_c_end                            0x000031ac   Data           0  lc_numeric_c.o(locale$$data)
    .data                                    0x20000000   Section       56  main.o(.data)
    timer1_status                            0x20000004   Data           1  main.o(.data)
    KP_POS_0_0                               0x20000008   Data           4  main.o(.data)
    KI_POS_0_0                               0x2000000c   Data           4  main.o(.data)
    KD_POS_0_0                               0x20000010   Data           4  main.o(.data)
    KP_POS_0_1                               0x20000014   Data           4  main.o(.data)
    KI_POS_0_1                               0x20000018   Data           4  main.o(.data)
    KD_POS_0_1                               0x2000001c   Data           4  main.o(.data)
    KP_POS_1_0                               0x20000020   Data           4  main.o(.data)
    KI_POS_1_0                               0x20000024   Data           4  main.o(.data)
    KD_POS_1_0                               0x20000028   Data           4  main.o(.data)
    KP_POS_1_1                               0x2000002c   Data           4  main.o(.data)
    KI_POS_1_1                               0x20000030   Data           4  main.o(.data)
    KD_POS_1_1                               0x20000034   Data           4  main.o(.data)
    .data                                    0x20000038   Section        1  timer0lib.o(.data)
    timer0_status                            0x20000038   Data           1  timer0lib.o(.data)
    .data                                    0x20000039   Section        1  timer1lib.o(.data)
    timer1_status                            0x20000039   Data           1  timer1lib.o(.data)
    .data                                    0x2000003a   Section        1  uartlib.o(.data)
    character_received                       0x2000003a   Data           1  uartlib.o(.data)
    .data                                    0x2000003c   Section        5  uartstdio.o(.data)
    g_ui32Base                               0x2000003c   Data           4  uartstdio.o(.data)
    bLastWasCR                               0x20000040   Data           1  uartstdio.o(.data)
    .data                                    0x20000041   Section        1  timer2lib.o(.data)
    timer2_status                            0x20000041   Data           1  timer2lib.o(.data)
    .bss                                     0x20000044   Section       72  pidlib.o(.bss)
    PID_0                                    0x20000044   Data          36  pidlib.o(.bss)
    PID_1                                    0x20000068   Data          36  pidlib.o(.bss)
    .bss                                     0x2000008c   Section       96  libspace.o(.bss)
    HEAP                                     0x200000f0   Section        0  startup_rvmdk.o(HEAP)
    STACK                                    0x200000f0   Section     4096  startup_rvmdk.o(STACK)
    HeapMem                                  0x200000f0   Data           0  startup_rvmdk.o(HEAP)
    StackMem                                 0x200000f0   Data           0  startup_rvmdk.o(STACK)

    Global Symbols

    Symbol Name                              Value     Ov Type        Size  Object(Section)

    BuildAttributes$$THM_ISAv4$E$P$D$K$B$S$7EM$VFPi3$EXTD16$VFPS$VFMA$PE$A:L22UL41UL21$X:L11$S22US41US21$IEEE1$IW$USESV6$~STKCKD$USESV7$~SHL$OTIME$ROPI$IEEEJ$EBA8$UX$STANDARDLIB$REQ8$PRES8$EABIv2 0x00000000   Number         0  anon$$obj.o ABSOLUTE
    __ARM_use_no_argv                        0x00000000   Number         0  main.o ABSOLUTE
    __Vectors                                0x00000000   Data           0  startup_rvmdk.o(RESET)
    _printf_flags                            0x00000000   Number         0  printf_stubs.o ABSOLUTE
    _printf_return_value                     0x00000000   Number         0  printf_stubs.o ABSOLUTE
    _printf_sizespec                         0x00000000   Number         0  printf_stubs.o ABSOLUTE
    _printf_widthprec                        0x00000000   Number         0  printf_stubs.o ABSOLUTE
    __ARM_exceptions_init                     - Undefined Weak Reference
    __alloca_initialize                       - Undefined Weak Reference
    __arm_preinit_                            - Undefined Weak Reference
    __cpp_initialize__aeabi_                  - Undefined Weak Reference
    __cxa_finalize                            - Undefined Weak Reference
    __sigvec_lookup                           - Undefined Weak Reference
    _atexit_init                              - Undefined Weak Reference
    _call_atexit_fns                          - Undefined Weak Reference
    _clock_init                               - Undefined Weak Reference
    _fp_trap_init                             - Undefined Weak Reference
    _fp_trap_shutdown                         - Undefined Weak Reference
    _get_lc_collate                           - Undefined Weak Reference
    _get_lc_ctype                             - Undefined Weak Reference
    _get_lc_monetary                          - Undefined Weak Reference
    _get_lc_time                              - Undefined Weak Reference
    _getenv_init                              - Undefined Weak Reference
    _handle_redirection                       - Undefined Weak Reference
    _init_alloc                               - Undefined Weak Reference
    _init_user_alloc                          - Undefined Weak Reference
    _initio                                   - Undefined Weak Reference
    _rand_init                                - Undefined Weak Reference
    _signal_finish                            - Undefined Weak Reference
    _signal_init                              - Undefined Weak Reference
    _terminate_alloc                          - Undefined Weak Reference
    _terminate_user_alloc                     - Undefined Weak Reference
    _terminateio                              - Undefined Weak Reference
    Reset_Handler                            0x0000026d   Thumb Code     0  startup_rvmdk.o(RESET)
    __main                                   0x00000289   Thumb Code     8  __main.o(!!!main)
    __scatterload                            0x00000291   Thumb Code     0  __scatter.o(!!!scatter)
    __scatterload_rt2                        0x00000291   Thumb Code    44  __scatter.o(!!!scatter)
    __scatterload_rt2_thumb_only             0x00000291   Thumb Code     0  __scatter.o(!!!scatter)
    __scatterload_null                       0x0000029f   Thumb Code     0  __scatter.o(!!!scatter)
    __scatterload_copy                       0x000002c5   Thumb Code    26  __scatter_copy.o(!!handler_copy)
    __scatterload_zeroinit                   0x000002e1   Thumb Code    28  __scatter_zi.o(!!handler_zi)
    _printf_f                                0x000002fd   Thumb Code     0  _printf_f.o(.ARM.Collect$$_printf_percent$$00000003)
    _printf_percent                          0x000002fd   Thumb Code     0  _printf_percent.o(.ARM.Collect$$_printf_percent$$00000000)
    _printf_percent_end                      0x00000303   Thumb Code     0  _printf_percent_end.o(.ARM.Collect$$_printf_percent$$00000017)
    __rt_lib_init                            0x00000307   Thumb Code     0  libinit.o(.ARM.Collect$$libinit$$00000000)
    __rt_lib_init_fp_1                       0x00000309   Thumb Code     0  libinit2.o(.ARM.Collect$$libinit$$00000001)
    __rt_lib_init_heap_1                     0x0000030d   Thumb Code     0  libinit2.o(.ARM.Collect$$libinit$$0000000A)
    __rt_lib_init_lc_common                  0x0000030d   Thumb Code     0  libinit2.o(.ARM.Collect$$libinit$$0000000F)
    __rt_lib_init_preinit_1                  0x0000030d   Thumb Code     0  libinit2.o(.ARM.Collect$$libinit$$00000004)
    __rt_lib_init_rand_1                     0x0000030d   Thumb Code     0  libinit2.o(.ARM.Collect$$libinit$$0000000E)
    __rt_lib_init_user_alloc_1               0x0000030d   Thumb Code     0  libinit2.o(.ARM.Collect$$libinit$$0000000C)
    __rt_lib_init_lc_collate_1               0x00000313   Thumb Code     0  libinit2.o(.ARM.Collect$$libinit$$00000011)
    __rt_lib_init_lc_ctype_1                 0x00000313   Thumb Code     0  libinit2.o(.ARM.Collect$$libinit$$00000013)
    __rt_lib_init_lc_monetary_1              0x00000313   Thumb Code     0  libinit2.o(.ARM.Collect$$libinit$$00000015)
    __rt_lib_init_lc_numeric_2               0x00000313   Thumb Code     0  libinit2.o(.ARM.Collect$$libinit$$00000016)
    __rt_lib_init_alloca_1                   0x0000031d   Thumb Code     0  libinit2.o(.ARM.Collect$$libinit$$0000002E)
    __rt_lib_init_argv_1                     0x0000031d   Thumb Code     0  libinit2.o(.ARM.Collect$$libinit$$0000002C)
    __rt_lib_init_atexit_1                   0x0000031d   Thumb Code     0  libinit2.o(.ARM.Collect$$libinit$$0000001B)
    __rt_lib_init_clock_1                    0x0000031d   Thumb Code     0  libinit2.o(.ARM.Collect$$libinit$$00000021)
    __rt_lib_init_cpp_1                      0x0000031d   Thumb Code     0  libinit2.o(.ARM.Collect$$libinit$$00000032)
    __rt_lib_init_exceptions_1               0x0000031d   Thumb Code     0  libinit2.o(.ARM.Collect$$libinit$$00000030)
    __rt_lib_init_fp_trap_1                  0x0000031d   Thumb Code     0  libinit2.o(.ARM.Collect$$libinit$$0000001F)
    __rt_lib_init_getenv_1                   0x0000031d   Thumb Code     0  libinit2.o(.ARM.Collect$$libinit$$00000023)
    __rt_lib_init_lc_numeric_1               0x0000031d   Thumb Code     0  libinit2.o(.ARM.Collect$$libinit$$00000017)
    __rt_lib_init_lc_time_1                  0x0000031d   Thumb Code     0  libinit2.o(.ARM.Collect$$libinit$$00000019)
    __rt_lib_init_return                     0x0000031d   Thumb Code     0  libinit2.o(.ARM.Collect$$libinit$$00000033)
    __rt_lib_init_signal_1                   0x0000031d   Thumb Code     0  libinit2.o(.ARM.Collect$$libinit$$0000001D)
    __rt_lib_init_stdio_1                    0x0000031d   Thumb Code     0  libinit2.o(.ARM.Collect$$libinit$$00000025)
    __rt_lib_shutdown                        0x0000031f   Thumb Code     0  libshutdown.o(.ARM.Collect$$libshutdown$$00000000)
    __rt_lib_shutdown_cpp_1                  0x00000321   Thumb Code     0  libshutdown2.o(.ARM.Collect$$libshutdown$$00000002)
    __rt_lib_shutdown_fp_trap_1              0x00000321   Thumb Code     0  libshutdown2.o(.ARM.Collect$$libshutdown$$00000007)
    __rt_lib_shutdown_heap_1                 0x00000321   Thumb Code     0  libshutdown2.o(.ARM.Collect$$libshutdown$$0000000F)
    __rt_lib_shutdown_return                 0x00000321   Thumb Code     0  libshutdown2.o(.ARM.Collect$$libshutdown$$00000010)
    __rt_lib_shutdown_signal_1               0x00000321   Thumb Code     0  libshutdown2.o(.ARM.Collect$$libshutdown$$0000000A)
    __rt_lib_shutdown_stdio_1                0x00000321   Thumb Code     0  libshutdown2.o(.ARM.Collect$$libshutdown$$00000004)
    __rt_lib_shutdown_user_alloc_1           0x00000321   Thumb Code     0  libshutdown2.o(.ARM.Collect$$libshutdown$$0000000C)
    __rt_entry                               0x00000323   Thumb Code     0  __rtentry.o(.ARM.Collect$$rtentry$$00000000)
    __rt_entry_presh_1                       0x00000323   Thumb Code     0  __rtentry2.o(.ARM.Collect$$rtentry$$00000002)
    __rt_entry_sh                            0x00000323   Thumb Code     0  __rtentry4.o(.ARM.Collect$$rtentry$$00000004)
    __rt_entry_li                            0x00000329   Thumb Code     0  __rtentry2.o(.ARM.Collect$$rtentry$$0000000A)
    __rt_entry_postsh_1                      0x00000329   Thumb Code     0  __rtentry2.o(.ARM.Collect$$rtentry$$00000009)
    __rt_entry_main                          0x0000032d   Thumb Code     0  __rtentry2.o(.ARM.Collect$$rtentry$$0000000D)
    __rt_entry_postli_1                      0x0000032d   Thumb Code     0  __rtentry2.o(.ARM.Collect$$rtentry$$0000000C)
    __rt_exit                                0x00000335   Thumb Code     0  rtexit.o(.ARM.Collect$$rtexit$$00000000)
    __rt_exit_ls                             0x00000337   Thumb Code     0  rtexit2.o(.ARM.Collect$$rtexit$$00000003)
    __rt_exit_prels_1                        0x00000337   Thumb Code     0  rtexit2.o(.ARM.Collect$$rtexit$$00000002)
    __rt_exit_exit                           0x0000033b   Thumb Code     0  rtexit2.o(.ARM.Collect$$rtexit$$00000004)
    SysCtlDelay                              0x00000341   Thumb Code     6  sysctl.o(.emb_text)
    CPUcpsid                                 0x00000349   Thumb Code     8  cpu.o(.emb_text)
    CPUprimask                               0x00000351   Thumb Code     6  cpu.o(.emb_text)
    CPUcpsie                                 0x00000357   Thumb Code     8  cpu.o(.emb_text)
    CPUwfi                                   0x0000035f   Thumb Code     4  cpu.o(.emb_text)
    CPUbasepriSet                            0x00000363   Thumb Code     6  cpu.o(.emb_text)
    CPUbasepriGet                            0x00000369   Thumb Code     6  cpu.o(.emb_text)
    __user_initial_stackheap                 0x00000371   Thumb Code     0  startup_rvmdk.o(.text)
    __2sprintf                               0x00000389   Thumb Code    34  noretval__2sprintf.o(.text)
    _printf_pre_padding                      0x000003b1   Thumb Code    44  _printf_pad.o(.text)
    _printf_post_padding                     0x000003dd   Thumb Code    34  _printf_pad.o(.text)
    __printf                                 0x00000401   Thumb Code   308  __printf_flags_wp.o(.text)
    __use_two_region_memory                  0x00000539   Thumb Code     2  heapauxi.o(.text)
    __rt_heap_escrow$2region                 0x0000053b   Thumb Code     2  heapauxi.o(.text)
    __rt_heap_expand$2region                 0x0000053d   Thumb Code     2  heapauxi.o(.text)
    __lib_sel_fp_printf                      0x0000053f   Thumb Code     2  _printf_fp_dec.o(.text)
    _printf_fp_dec_real                      0x000006f1   Thumb Code   620  _printf_fp_dec.o(.text)
    _printf_char_common                      0x00000967   Thumb Code    32  _printf_char_common.o(.text)
    _sputc                                   0x0000098d   Thumb Code    10  _sputc.o(.text)
    __rt_locale                              0x00000999   Thumb Code     8  rt_locale_intlibspace.o(.text)
    _ll_udiv10                               0x000009a1   Thumb Code   138  lludiv10.o(.text)
    _printf_fp_infnan                        0x00000a2d   Thumb Code   112  _printf_fp_infnan.o(.text)
    _btod_etento                             0x00000aad   Thumb Code   224  bigflt0.o(.text)
    __user_libspace                          0x00000b91   Thumb Code     8  libspace.o(.text)
    __user_perproc_libspace                  0x00000b91   Thumb Code     0  libspace.o(.text)
    __user_perthread_libspace                0x00000b91   Thumb Code     0  libspace.o(.text)
    __user_setup_stackheap                   0x00000b99   Thumb Code    74  sys_stackheap_outer.o(.text)
    exit                                     0x00000be3   Thumb Code    18  exit.o(.text)
    strcmp                                   0x00000bf5   Thumb Code   128  strcmpv7m.o(.text)
    _sys_exit                                0x00000c75   Thumb Code     8  sys_exit.o(.text)
    __I$use$semihosting                      0x00000c81   Thumb Code     0  use_no_semi.o(.text)
    __use_no_semihosting_swi                 0x00000c81   Thumb Code     2  use_no_semi.o(.text)
    __semihosting_library_function           0x00000c83   Thumb Code     0  indicate_semi.o(.text)
    arm_pid_init_f32                         0x00000c83   Thumb Code    58  arm_pid_init_f32.o(.text.arm_pid_init_f32)
    arm_pid_reset_f32                        0x00000cbd   Thumb Code    10  arm_pid_reset_f32.o(.text.arm_pid_reset_f32)
    _btod_d2e                                0x00000cc7   Thumb Code    62  btod.o(CL$$btod_d2e)
    _d2e_denorm_low                          0x00000d05   Thumb Code    70  btod.o(CL$$btod_d2e_denorm_low)
    _d2e_norm_op1                            0x00000d4b   Thumb Code    96  btod.o(CL$$btod_d2e_norm_op1)
    __btod_div_common                        0x00000dab   Thumb Code   696  btod.o(CL$$btod_div_common)
    _e2e                                     0x000010e3   Thumb Code   220  btod.o(CL$$btod_e2e)
    _btod_ediv                               0x000011bf   Thumb Code    42  btod.o(CL$$btod_ediv)
    _btod_emul                               0x000011e9   Thumb Code    42  btod.o(CL$$btod_emul)
    __btod_mult_common                       0x00001213   Thumb Code   580  btod.o(CL$$btod_mult_common)
    FPUEnable                                0x00001459   Thumb Code    12  fpu.o(i.FPUEnable)
    FPULazyStackingEnable                    0x00001469   Thumb Code    12  fpu.o(i.FPULazyStackingEnable)
    GPIODirModeSet                           0x00001479   Thumb Code    40  gpio.o(i.GPIODirModeSet)
    GPIOPadConfigSet                         0x000014a1   Thumb Code   312  gpio.o(i.GPIOPadConfigSet)
    GPIOPinConfigure                         0x000015d9   Thumb Code    60  gpio.o(i.GPIOPinConfigure)
    GPIOPinTypeGPIOOutput                    0x0000161d   Thumb Code    28  gpio.o(i.GPIOPinTypeGPIOOutput)
    GPIOPinTypePWM                           0x00001639   Thumb Code    28  gpio.o(i.GPIOPinTypePWM)
    GPIOPinTypeQEI                           0x00001655   Thumb Code    28  gpio.o(i.GPIOPinTypeQEI)
    GPIOPinTypeUART                          0x00001671   Thumb Code    28  gpio.o(i.GPIOPinTypeUART)
    GPIOPinWrite                             0x0000168d   Thumb Code     6  gpio.o(i.GPIOPinWrite)
    IntEnable                                0x00001695   Thumb Code    92  interrupt.o(i.IntEnable)
    IntMasterEnable                          0x000016f9   Thumb Code    14  interrupt.o(i.IntMasterEnable)
    PWMGenConfigure                          0x00001707   Thumb Code    38  pwm.o(i.PWMGenConfigure)
    PWMGenEnable                             0x0000172d   Thumb Code    10  pwm.o(i.PWMGenEnable)
    PWMGenPeriodSet                          0x00001737   Thumb Code    18  pwm.o(i.PWMGenPeriodSet)
    PWMOutputState                           0x00001749   Thumb Code    16  pwm.o(i.PWMOutputState)
    PWMPulseWidthSet                         0x00001759   Thumb Code    32  pwm.o(i.PWMPulseWidthSet)
    QEIConfigure                             0x00001779   Thumb Code    14  qei.o(i.QEIConfigure)
    QEIDisable                               0x00001787   Thumb Code    10  qei.o(i.QEIDisable)
    QEIEnable                                0x00001791   Thumb Code    10  qei.o(i.QEIEnable)
    QEIFilterConfigure                       0x0000179b   Thumb Code    12  qei.o(i.QEIFilterConfigure)
    QEIFilterDisable                         0x000017a7   Thumb Code    10  qei.o(i.QEIFilterDisable)
    QEIFilterEnable                          0x000017b1   Thumb Code    10  qei.o(i.QEIFilterEnable)
    QEIIntDisable                            0x000017bb   Thumb Code    10  qei.o(i.QEIIntDisable)
    QEIPositionGet                           0x000017c5   Thumb Code     4  qei.o(i.QEIPositionGet)
    QEIPositionSet                           0x000017c9   Thumb Code     4  qei.o(i.QEIPositionSet)
    QEIVelocityConfigure                     0x000017cd   Thumb Code    16  qei.o(i.QEIVelocityConfigure)
    QEIVelocityDisable                       0x000017dd   Thumb Code    10  qei.o(i.QEIVelocityDisable)
    QEIVelocityEnable                        0x000017e7   Thumb Code    10  qei.o(i.QEIVelocityEnable)
    QEIVelocityGet                           0x000017f1   Thumb Code     4  qei.o(i.QEIVelocityGet)
    SysCtlClockGet                           0x000017f5   Thumb Code   304  sysctl.o(i.SysCtlClockGet)
    SysCtlClockSet                           0x00001949   Thumb Code   270  sysctl.o(i.SysCtlClockSet)
    SysCtlPWMClockSet                        0x00001a69   Thumb Code    14  sysctl.o(i.SysCtlPWMClockSet)
    SysCtlPeripheralEnable                   0x00001a7d   Thumb Code    36  sysctl.o(i.SysCtlPeripheralEnable)
    SysCtlPeripheralReady                    0x00001aa5   Thumb Code    40  sysctl.o(i.SysCtlPeripheralReady)
    TimerConfigure                           0x00001ad1   Thumb Code    88  timer.o(i.TimerConfigure)
    TimerEnable                              0x00001b31   Thumb Code    14  timer.o(i.TimerEnable)
    TimerIntClear                            0x00001b3f   Thumb Code     4  timer.o(i.TimerIntClear)
    TimerIntEnable                           0x00001b43   Thumb Code     8  timer.o(i.TimerIntEnable)
    TimerLoadSet                             0x00001b4b   Thumb Code    18  timer.o(i.TimerLoadSet)
    UARTCharsAvail                           0x00001b5d   Thumb Code    10  uart.o(i.UARTCharsAvail)
    UARTEnable                               0x00001b67   Thumb Code    20  uart.o(i.UARTEnable)
    UARTIntClear                             0x00001b7b   Thumb Code     4  uart.o(i.UARTIntClear)
    UARTIntEnable                            0x00001b7f   Thumb Code     8  uart.o(i.UARTIntEnable)
    UARTIntStatus                            0x00001b87   Thumb Code    10  uart.o(i.UARTIntStatus)
    UARTStdioConfig                          0x00001b91   Thumb Code    96  uartstdio.o(i.UARTStdioConfig)
    UARTgetc                                 0x00001bfd   Thumb Code    20  uartstdio.o(i.UARTgetc)
    UARTprintf                               0x00001c15   Thumb Code    26  uartstdio.o(i.UARTprintf)
    UARTvprintf                              0x00001c31   Thumb Code   574  uartstdio.o(i.UARTvprintf)
    UARTwrite                                0x00001e81   Thumb Code    58  uartstdio.o(i.UARTwrite)
    __ARM_fpclassify                         0x00001ec1   Thumb Code    48  fpclassify.o(i.__ARM_fpclassify)
    _is_digit                                0x00001ef1   Thumb Code    14  __printf_wp.o(i._is_digit)
    get_position_in_degrees                  0x00001f01   Thumb Code    64  encoder.o(i.get_position_in_degrees)
    get_velocity_in_degrees                  0x00001f45   Thumb Code    68  encoder.o(i.get_velocity_in_degrees)
    hardware_setup                           0x00001f8d   Thumb Code   152  main.o(i.hardware_setup)
    is_character_received                    0x0000204d   Thumb Code     6  uartlib.o(i.is_character_received)
    is_timer0_done                           0x00002059   Thumb Code     6  timer0lib.o(i.is_timer0_done)
    is_timer1_done                           0x00002065   Thumb Code     6  timer1lib.o(i.is_timer1_done)
    main                                     0x00002071   Thumb Code   510  main.o(i.main)
    motor1_configure                         0x0000231d   Thumb Code   148  motor.o(i.motor1_configure)
    motor1_velocity_write                    0x000023c9   Thumb Code   150  motor.o(i.motor1_velocity_write)
    motor2_configure                         0x00002465   Thumb Code   148  motor.o(i.motor2_configure)
    motor2_velocity_write                    0x00002511   Thumb Code   150  motor.o(i.motor2_velocity_write)
    pid_calc                                 0x000025ad   Thumb Code    84  pidlib.o(i.pid_calc)
    pid_config                               0x00002609   Thumb Code    60  pidlib.o(i.pid_config)
    qei_module0_config                       0x0000264d   Thumb Code   158  encoder.o(i.qei_module0_config)
    qei_module1_config                       0x0000270d   Thumb Code   134  encoder.o(i.qei_module1_config)
    qei_velocity_configure                   0x000027ad   Thumb Code    38  encoder.o(i.qei_velocity_configure)
    reset_timer0                             0x000027d5   Thumb Code     8  timer0lib.o(i.reset_timer0)
    reset_timer1                             0x000027e1   Thumb Code     8  timer1lib.o(i.reset_timer1)
    timer0_isr                               0x000027ed   Thumb Code    70  timer0lib.o(i.timer0_isr)
    timer0configure                          0x0000283d   Thumb Code    60  timer0lib.o(i.timer0configure)
    timer1_isr                               0x00002881   Thumb Code    70  timer1lib.o(i.timer1_isr)
    timer1configure                          0x000028d1   Thumb Code    60  timer1lib.o(i.timer1configure)
    timer2_isr                               0x00002915   Thumb Code    70  timer2lib.o(i.timer2_isr)
    uart_clear                               0x00002965   Thumb Code     8  uartlib.o(i.uart_clear)
    uart_configure                           0x00002971   Thumb Code    58  uartlib.o(i.uart_configure)
    uart_isr                                 0x000029b5   Thumb Code    44  uartlib.o(i.uart_isr)
    _get_lc_numeric                          0x000029e9   Thumb Code    44  lc_numeric_c.o(locale$$code)
    __fpl_dretinf                            0x00002a15   Thumb Code    12  dretinf.o(x$fpl$dretinf)
    __aeabi_f2d                              0x00002a21   Thumb Code     0  f2d.o(x$fpl$f2d)
    _f2d                                     0x00002a21   Thumb Code    86  f2d.o(x$fpl$f2d)
    __fpl_fnaninf                            0x00002a77   Thumb Code   140  fnaninf.o(x$fpl$fnaninf)
    _fp_init                                 0x00002b03   Thumb Code    10  fpinit.o(x$fpl$fpinit)
    __fplib_config_fpu_vfp                   0x00002b0b   Thumb Code     0  fpinit.o(x$fpl$fpinit)
    __fplib_config_pureend_doubles           0x00002b0b   Thumb Code     0  fpinit.o(x$fpl$fpinit)
    _printf_fp_dec                           0x00002b0d   Thumb Code     4  printf1.o(x$fpl$printf1)
    __I$use$fp                               0x00002b10   Number         0  usenofp.o(x$fpl$usenofp)
    Region$$Table$$Base                      0x00003170   Number         0  anon$$obj.o(Region$$Table)
    Region$$Table$$Limit                     0x00003190   Number         0  anon$$obj.o(Region$$Table)
    g_ui32Flags                              0x20000000   Data           4  main.o(.data)
    __libspace_start                         0x2000008c   Data          96  libspace.o(.bss)
    __temporary_stack_top$libspace           0x200000ec   Data           0  libspace.o(.bss)



==============================================================================

Memory Map of the image

  Image Entry point : 0x0000026d

  Load Region LR_IROM1 (Base: 0x00000000, Size: 0x000031f0, Max: 0x00040000, ABSOLUTE)

    Execution Region ER_IROM1 (Exec base: 0x00000000, Load base: 0x00000000, Size: 0x000031ac, Max: 0x00040000, ABSOLUTE)

    Exec Addr    Load Addr    Size         Type   Attr      Idx    E Section Name        Object

    0x00000000   0x00000000   0x00000288   Code   RO           91  * RESET               startup_rvmdk.o
    0x00000288   0x00000288   0x00000008   Code   RO         2641  * !!!main             c_w.l(__main.o)
    0x00000290   0x00000290   0x00000034   Code   RO         2859    !!!scatter          c_w.l(__scatter.o)
    0x000002c4   0x000002c4   0x0000001a   Code   RO         2861    !!handler_copy      c_w.l(__scatter_copy.o)
    0x000002de   0x000002de   0x00000002   PAD
    0x000002e0   0x000002e0   0x0000001c   Code   RO         2863    !!handler_zi        c_w.l(__scatter_zi.o)
    0x000002fc   0x000002fc   0x00000000   Code   RO         2638    .ARM.Collect$$_printf_percent$$00000000  c_w.l(_printf_percent.o)
    0x000002fc   0x000002fc   0x00000006   Code   RO         2637    .ARM.Collect$$_printf_percent$$00000003  c_w.l(_printf_f.o)
    0x00000302   0x00000302   0x00000004   Code   RO         2654    .ARM.Collect$$_printf_percent$$00000017  c_w.l(_printf_percent_end.o)
    0x00000306   0x00000306   0x00000002   Code   RO         2732    .ARM.Collect$$libinit$$00000000  c_w.l(libinit.o)
    0x00000308   0x00000308   0x00000004   Code   RO         2733    .ARM.Collect$$libinit$$00000001  c_w.l(libinit2.o)
    0x0000030c   0x0000030c   0x00000000   Code   RO         2736    .ARM.Collect$$libinit$$00000004  c_w.l(libinit2.o)
    0x0000030c   0x0000030c   0x00000000   Code   RO         2739    .ARM.Collect$$libinit$$0000000A  c_w.l(libinit2.o)
    0x0000030c   0x0000030c   0x00000000   Code   RO         2741    .ARM.Collect$$libinit$$0000000C  c_w.l(libinit2.o)
    0x0000030c   0x0000030c   0x00000000   Code   RO         2743    .ARM.Collect$$libinit$$0000000E  c_w.l(libinit2.o)
    0x0000030c   0x0000030c   0x00000006   Code   RO         2744    .ARM.Collect$$libinit$$0000000F  c_w.l(libinit2.o)
    0x00000312   0x00000312   0x00000000   Code   RO         2746    .ARM.Collect$$libinit$$00000011  c_w.l(libinit2.o)
    0x00000312   0x00000312   0x00000000   Code   RO         2748    .ARM.Collect$$libinit$$00000013  c_w.l(libinit2.o)
    0x00000312   0x00000312   0x00000000   Code   RO         2750    .ARM.Collect$$libinit$$00000015  c_w.l(libinit2.o)
    0x00000312   0x00000312   0x0000000a   Code   RO         2751    .ARM.Collect$$libinit$$00000016  c_w.l(libinit2.o)
    0x0000031c   0x0000031c   0x00000000   Code   RO         2752    .ARM.Collect$$libinit$$00000017  c_w.l(libinit2.o)
    0x0000031c   0x0000031c   0x00000000   Code   RO         2754    .ARM.Collect$$libinit$$00000019  c_w.l(libinit2.o)
    0x0000031c   0x0000031c   0x00000000   Code   RO         2756    .ARM.Collect$$libinit$$0000001B  c_w.l(libinit2.o)
    0x0000031c   0x0000031c   0x00000000   Code   RO         2758    .ARM.Collect$$libinit$$0000001D  c_w.l(libinit2.o)
    0x0000031c   0x0000031c   0x00000000   Code   RO         2760    .ARM.Collect$$libinit$$0000001F  c_w.l(libinit2.o)
    0x0000031c   0x0000031c   0x00000000   Code   RO         2762    .ARM.Collect$$libinit$$00000021  c_w.l(libinit2.o)
    0x0000031c   0x0000031c   0x00000000   Code   RO         2764    .ARM.Collect$$libinit$$00000023  c_w.l(libinit2.o)
    0x0000031c   0x0000031c   0x00000000   Code   RO         2766    .ARM.Collect$$libinit$$00000025  c_w.l(libinit2.o)
    0x0000031c   0x0000031c   0x00000000   Code   RO         2770    .ARM.Collect$$libinit$$0000002C  c_w.l(libinit2.o)
    0x0000031c   0x0000031c   0x00000000   Code   RO         2772    .ARM.Collect$$libinit$$0000002E  c_w.l(libinit2.o)
    0x0000031c   0x0000031c   0x00000000   Code   RO         2774    .ARM.Collect$$libinit$$00000030  c_w.l(libinit2.o)
    0x0000031c   0x0000031c   0x00000000   Code   RO         2776    .ARM.Collect$$libinit$$00000032  c_w.l(libinit2.o)
    0x0000031c   0x0000031c   0x00000002   Code   RO         2777    .ARM.Collect$$libinit$$00000033  c_w.l(libinit2.o)
    0x0000031e   0x0000031e   0x00000002   Code   RO         2807    .ARM.Collect$$libshutdown$$00000000  c_w.l(libshutdown.o)
    0x00000320   0x00000320   0x00000000   Code   RO         2818    .ARM.Collect$$libshutdown$$00000002  c_w.l(libshutdown2.o)
    0x00000320   0x00000320   0x00000000   Code   RO         2820    .ARM.Collect$$libshutdown$$00000004  c_w.l(libshutdown2.o)
    0x00000320   0x00000320   0x00000000   Code   RO         2823    .ARM.Collect$$libshutdown$$00000007  c_w.l(libshutdown2.o)
    0x00000320   0x00000320   0x00000000   Code   RO         2826    .ARM.Collect$$libshutdown$$0000000A  c_w.l(libshutdown2.o)
    0x00000320   0x00000320   0x00000000   Code   RO         2828    .ARM.Collect$$libshutdown$$0000000C  c_w.l(libshutdown2.o)
    0x00000320   0x00000320   0x00000000   Code   RO         2831    .ARM.Collect$$libshutdown$$0000000F  c_w.l(libshutdown2.o)
    0x00000320   0x00000320   0x00000002   Code   RO         2832    .ARM.Collect$$libshutdown$$00000010  c_w.l(libshutdown2.o)
    0x00000322   0x00000322   0x00000000   Code   RO         2647    .ARM.Collect$$rtentry$$00000000  c_w.l(__rtentry.o)
    0x00000322   0x00000322   0x00000000   Code   RO         2661    .ARM.Collect$$rtentry$$00000002  c_w.l(__rtentry2.o)
    0x00000322   0x00000322   0x00000006   Code   RO         2673    .ARM.Collect$$rtentry$$00000004  c_w.l(__rtentry4.o)
    0x00000328   0x00000328   0x00000000   Code   RO         2663    .ARM.Collect$$rtentry$$00000009  c_w.l(__rtentry2.o)
    0x00000328   0x00000328   0x00000004   Code   RO         2664    .ARM.Collect$$rtentry$$0000000A  c_w.l(__rtentry2.o)
    0x0000032c   0x0000032c   0x00000000   Code   RO         2666    .ARM.Collect$$rtentry$$0000000C  c_w.l(__rtentry2.o)
    0x0000032c   0x0000032c   0x00000008   Code   RO         2667    .ARM.Collect$$rtentry$$0000000D  c_w.l(__rtentry2.o)
    0x00000334   0x00000334   0x00000002   Code   RO         2778    .ARM.Collect$$rtexit$$00000000  c_w.l(rtexit.o)
    0x00000336   0x00000336   0x00000000   Code   RO         2785    .ARM.Collect$$rtexit$$00000002  c_w.l(rtexit2.o)
    0x00000336   0x00000336   0x00000004   Code   RO         2786    .ARM.Collect$$rtexit$$00000003  c_w.l(rtexit2.o)
    0x0000033a   0x0000033a   0x00000006   Code   RO         2787    .ARM.Collect$$rtexit$$00000004  c_w.l(rtexit2.o)
    0x00000340   0x00000340   0x00000006   Code   RO         1693    .emb_text           driverlib.lib(sysctl.o)
    0x00000346   0x00000346   0x00000002   PAD
    0x00000348   0x00000348   0x00000026   Code   RO         2597    .emb_text           driverlib.lib(cpu.o)
    0x0000036e   0x0000036e   0x00000002   PAD
    0x00000370   0x00000370   0x00000018   Code   RO           92    .text               startup_rvmdk.o
    0x00000388   0x00000388   0x00000028   Code   RO         2611    .text               c_w.l(noretval__2sprintf.o)
    0x000003b0   0x000003b0   0x0000004e   Code   RO         2615    .text               c_w.l(_printf_pad.o)
    0x000003fe   0x000003fe   0x00000002   PAD
    0x00000400   0x00000400   0x00000138   Code   RO         2629    .text               c_w.l(__printf_flags_wp.o)
    0x00000538   0x00000538   0x00000006   Code   RO         2639    .text               c_w.l(heapauxi.o)
    0x0000053e   0x0000053e   0x0000041e   Code   RO         2648    .text               c_w.l(_printf_fp_dec.o)
    0x0000095c   0x0000095c   0x00000030   Code   RO         2650    .text               c_w.l(_printf_char_common.o)
    0x0000098c   0x0000098c   0x0000000a   Code   RO         2652    .text               c_w.l(_sputc.o)
    0x00000996   0x00000996   0x00000002   PAD
    0x00000998   0x00000998   0x00000008   Code   RO         2678    .text               c_w.l(rt_locale_intlibspace.o)
    0x000009a0   0x000009a0   0x0000008a   Code   RO         2680    .text               c_w.l(lludiv10.o)
    0x00000a2a   0x00000a2a   0x00000002   PAD
    0x00000a2c   0x00000a2c   0x00000080   Code   RO         2682    .text               c_w.l(_printf_fp_infnan.o)
    0x00000aac   0x00000aac   0x000000e4   Code   RO         2686    .text               c_w.l(bigflt0.o)
    0x00000b90   0x00000b90   0x00000008   Code   RO         2718    .text               c_w.l(libspace.o)
    0x00000b98   0x00000b98   0x0000004a   Code   RO         2721    .text               c_w.l(sys_stackheap_outer.o)
    0x00000be2   0x00000be2   0x00000012   Code   RO         2723    .text               c_w.l(exit.o)
    0x00000bf4   0x00000bf4   0x00000080   Code   RO         2725    .text               c_w.l(strcmpv7m.o)
    0x00000c74   0x00000c74   0x0000000c   Code   RO         2797    .text               c_w.l(sys_exit.o)
    0x00000c80   0x00000c80   0x00000002   Code   RO         2808    .text               c_w.l(use_no_semi.o)
    0x00000c82   0x00000c82   0x00000000   Code   RO         2810    .text               c_w.l(indicate_semi.o)
    0x00000c82   0x00000c82   0x0000003a   Code   RO         2579    .text.arm_pid_init_f32  arm_cortexM4lf_math.lib(arm_pid_init_f32.o)
    0x00000cbc   0x00000cbc   0x0000000a   Code   RO         2589    .text.arm_pid_reset_f32  arm_cortexM4lf_math.lib(arm_pid_reset_f32.o)
    0x00000cc6   0x00000cc6   0x0000003e   Code   RO         2689    CL$$btod_d2e        c_w.l(btod.o)
    0x00000d04   0x00000d04   0x00000046   Code   RO         2691    CL$$btod_d2e_denorm_low  c_w.l(btod.o)
    0x00000d4a   0x00000d4a   0x00000060   Code   RO         2690    CL$$btod_d2e_norm_op1  c_w.l(btod.o)
    0x00000daa   0x00000daa   0x00000338   Code   RO         2699    CL$$btod_div_common  c_w.l(btod.o)
    0x000010e2   0x000010e2   0x000000dc   Code   RO         2696    CL$$btod_e2e        c_w.l(btod.o)
    0x000011be   0x000011be   0x0000002a   Code   RO         2693    CL$$btod_ediv       c_w.l(btod.o)
    0x000011e8   0x000011e8   0x0000002a   Code   RO         2692    CL$$btod_emul       c_w.l(btod.o)
    0x00001212   0x00001212   0x00000244   Code   RO         2698    CL$$btod_mult_common  c_w.l(btod.o)
    0x00001456   0x00001456   0x00000002   PAD
    0x00001458   0x00001458   0x00000010   Code   RO          482    i.FPUEnable         driverlib.lib(fpu.o)
    0x00001468   0x00001468   0x00000010   Code   RO          485    i.FPULazyStackingEnable  driverlib.lib(fpu.o)
    0x00001478   0x00001478   0x00000028   Code   RO          558    i.GPIODirModeSet    driverlib.lib(gpio.o)
    0x000014a0   0x000014a0   0x00000138   Code   RO          570    i.GPIOPadConfigSet  driverlib.lib(gpio.o)
    0x000015d8   0x000015d8   0x00000044   Code   RO          571    i.GPIOPinConfigure  driverlib.lib(gpio.o)
    0x0000161c   0x0000161c   0x0000001c   Code   RO          582    i.GPIOPinTypeGPIOOutput  driverlib.lib(gpio.o)
    0x00001638   0x00001638   0x0000001c   Code   RO          589    i.GPIOPinTypePWM    driverlib.lib(gpio.o)
    0x00001654   0x00001654   0x0000001c   Code   RO          590    i.GPIOPinTypeQEI    driverlib.lib(gpio.o)
    0x00001670   0x00001670   0x0000001c   Code   RO          594    i.GPIOPinTypeUART   driverlib.lib(gpio.o)
    0x0000168c   0x0000168c   0x00000006   Code   RO          600    i.GPIOPinWrite      driverlib.lib(gpio.o)
    0x00001692   0x00001692   0x00000002   PAD
    0x00001694   0x00001694   0x00000064   Code   RO         1216    i.IntEnable         driverlib.lib(interrupt.o)
    0x000016f8   0x000016f8   0x0000000e   Code   RO         1219    i.IntMasterEnable   driverlib.lib(interrupt.o)
    0x00001706   0x00001706   0x00000026   Code   RO         1336    i.PWMGenConfigure   driverlib.lib(pwm.o)
    0x0000172c   0x0000172c   0x0000000a   Code   RO         1338    i.PWMGenEnable      driverlib.lib(pwm.o)
    0x00001736   0x00001736   0x00000012   Code   RO         1351    i.PWMGenPeriodSet   driverlib.lib(pwm.o)
    0x00001748   0x00001748   0x00000010   Code   RO         1358    i.PWMOutputState    driverlib.lib(pwm.o)
    0x00001758   0x00001758   0x00000020   Code   RO         1361    i.PWMPulseWidthSet  driverlib.lib(pwm.o)
    0x00001778   0x00001778   0x0000000e   Code   RO         1561    i.QEIConfigure      driverlib.lib(qei.o)
    0x00001786   0x00001786   0x0000000a   Code   RO         1563    i.QEIDisable        driverlib.lib(qei.o)
    0x00001790   0x00001790   0x0000000a   Code   RO         1564    i.QEIEnable         driverlib.lib(qei.o)
    0x0000179a   0x0000179a   0x0000000c   Code   RO         1566    i.QEIFilterConfigure  driverlib.lib(qei.o)
    0x000017a6   0x000017a6   0x0000000a   Code   RO         1567    i.QEIFilterDisable  driverlib.lib(qei.o)
    0x000017b0   0x000017b0   0x0000000a   Code   RO         1568    i.QEIFilterEnable   driverlib.lib(qei.o)
    0x000017ba   0x000017ba   0x0000000a   Code   RO         1570    i.QEIIntDisable     driverlib.lib(qei.o)
    0x000017c4   0x000017c4   0x00000004   Code   RO         1575    i.QEIPositionGet    driverlib.lib(qei.o)
    0x000017c8   0x000017c8   0x00000004   Code   RO         1576    i.QEIPositionSet    driverlib.lib(qei.o)
    0x000017cc   0x000017cc   0x00000010   Code   RO         1577    i.QEIVelocityConfigure  driverlib.lib(qei.o)
    0x000017dc   0x000017dc   0x0000000a   Code   RO         1578    i.QEIVelocityDisable  driverlib.lib(qei.o)
    0x000017e6   0x000017e6   0x0000000a   Code   RO         1579    i.QEIVelocityEnable  driverlib.lib(qei.o)
    0x000017f0   0x000017f0   0x00000004   Code   RO         1580    i.QEIVelocityGet    driverlib.lib(qei.o)
    0x000017f4   0x000017f4   0x00000154   Code   RO         1696    i.SysCtlClockGet    driverlib.lib(sysctl.o)
    0x00001948   0x00001948   0x00000120   Code   RO         1698    i.SysCtlClockSet    driverlib.lib(sysctl.o)
    0x00001a68   0x00001a68   0x00000014   Code   RO         1722    i.SysCtlPWMClockSet  driverlib.lib(sysctl.o)
    0x00001a7c   0x00001a7c   0x00000028   Code   RO         1727    i.SysCtlPeripheralEnable  driverlib.lib(sysctl.o)
    0x00001aa4   0x00001aa4   0x0000002c   Code   RO         1731    i.SysCtlPeripheralReady  driverlib.lib(sysctl.o)
    0x00001ad0   0x00001ad0   0x00000060   Code   RO         2045    i.TimerConfigure    driverlib.lib(timer.o)
    0x00001b30   0x00001b30   0x0000000e   Code   RO         2054    i.TimerEnable       driverlib.lib(timer.o)
    0x00001b3e   0x00001b3e   0x00000004   Code   RO         2055    i.TimerIntClear     driverlib.lib(timer.o)
    0x00001b42   0x00001b42   0x00000008   Code   RO         2057    i.TimerIntEnable    driverlib.lib(timer.o)
    0x00001b4a   0x00001b4a   0x00000012   Code   RO         2063    i.TimerLoadSet      driverlib.lib(timer.o)
    0x00001b5c   0x00001b5c   0x0000000a   Code   RO         2293    i.UARTCharsAvail    driverlib.lib(uart.o)
    0x00001b66   0x00001b66   0x00000014   Code   RO         2302    i.UARTEnable        driverlib.lib(uart.o)
    0x00001b7a   0x00001b7a   0x00000004   Code   RO         2310    i.UARTIntClear      driverlib.lib(uart.o)
    0x00001b7e   0x00001b7e   0x00000008   Code   RO         2312    i.UARTIntEnable     driverlib.lib(uart.o)
    0x00001b86   0x00001b86   0x0000000a   Code   RO         2314    i.UARTIntStatus     driverlib.lib(uart.o)
    0x00001b90   0x00001b90   0x0000006c   Code   RO          352    i.UARTStdioConfig   uartstdio.o
    0x00001bfc   0x00001bfc   0x00000018   Code   RO          353    i.UARTgetc          uartstdio.o
    0x00001c14   0x00001c14   0x0000001a   Code   RO          355    i.UARTprintf        uartstdio.o
    0x00001c2e   0x00001c2e   0x00000002   PAD
    0x00001c30   0x00001c30   0x00000250   Code   RO          356    i.UARTvprintf       uartstdio.o
    0x00001e80   0x00001e80   0x00000040   Code   RO          357    i.UARTwrite         uartstdio.o
    0x00001ec0   0x00001ec0   0x00000030   Code   RO         2716    i.__ARM_fpclassify  m_wm.l(fpclassify.o)
    0x00001ef0   0x00001ef0   0x0000000e   Code   RO         2627    i._is_digit         c_w.l(__printf_wp.o)
    0x00001efe   0x00001efe   0x00000002   PAD
    0x00001f00   0x00001f00   0x00000044   Code   RO          257    i.get_position_in_degrees  encoder.o
    0x00001f44   0x00001f44   0x00000048   Code   RO          258    i.get_velocity_in_degrees  encoder.o
    0x00001f8c   0x00001f8c   0x000000c0   Code   RO            2    i.hardware_setup    main.o
    0x0000204c   0x0000204c   0x0000000c   Code   RO          180    i.is_character_received  uartlib.o
    0x00002058   0x00002058   0x0000000c   Code   RO           98    i.is_timer0_done    timer0lib.o
    0x00002064   0x00002064   0x0000000c   Code   RO          145    i.is_timer1_done    timer1lib.o
    0x00002070   0x00002070   0x000002ac   Code   RO            3    i.main              main.o
    0x0000231c   0x0000231c   0x000000ac   Code   RO          221    i.motor1_configure  motor.o
    0x000023c8   0x000023c8   0x0000009c   Code   RO          222    i.motor1_velocity_write  motor.o
    0x00002464   0x00002464   0x000000ac   Code   RO          223    i.motor2_configure  motor.o
    0x00002510   0x00002510   0x0000009c   Code   RO          224    i.motor2_velocity_write  motor.o
    0x000025ac   0x000025ac   0x0000005c   Code   RO          305    i.pid_calc          pidlib.o
    0x00002608   0x00002608   0x00000044   Code   RO          306    i.pid_config        pidlib.o
    0x0000264c   0x0000264c   0x000000c0   Code   RO          259    i.qei_module0_config  encoder.o
    0x0000270c   0x0000270c   0x000000a0   Code   RO          260    i.qei_module1_config  encoder.o
    0x000027ac   0x000027ac   0x00000026   Code   RO          261    i.qei_velocity_configure  encoder.o
    0x000027d2   0x000027d2   0x00000002   PAD
    0x000027d4   0x000027d4   0x0000000c   Code   RO           99    i.reset_timer0      timer0lib.o
    0x000027e0   0x000027e0   0x0000000c   Code   RO          146    i.reset_timer1      timer1lib.o
    0x000027ec   0x000027ec   0x00000050   Code   RO          100    i.timer0_isr        timer0lib.o
    0x0000283c   0x0000283c   0x00000044   Code   RO          101    i.timer0configure   timer0lib.o
    0x00002880   0x00002880   0x00000050   Code   RO          147    i.timer1_isr        timer1lib.o
    0x000028d0   0x000028d0   0x00000044   Code   RO          148    i.timer1configure   timer1lib.o
    0x00002914   0x00002914   0x00000050   Code   RO          448    i.timer2_isr        timer2lib.o
    0x00002964   0x00002964   0x0000000c   Code   RO          181    i.uart_clear        uartlib.o
    0x00002970   0x00002970   0x00000044   Code   RO          182    i.uart_configure    uartlib.o
    0x000029b4   0x000029b4   0x00000034   Code   RO          183    i.uart_isr          uartlib.o
    0x000029e8   0x000029e8   0x0000002c   Code   RO         2712    locale$$code        c_w.l(lc_numeric_c.o)
    0x00002a14   0x00002a14   0x0000000c   Code   RO         2655    x$fpl$dretinf       fz_wm.l(dretinf.o)
    0x00002a20   0x00002a20   0x00000056   Code   RO         2643    x$fpl$f2d           fz_wm.l(f2d.o)
    0x00002a76   0x00002a76   0x0000008c   Code   RO         2657    x$fpl$fnaninf       fz_wm.l(fnaninf.o)
    0x00002b02   0x00002b02   0x0000000a   Code   RO         2782    x$fpl$fpinit        fz_wm.l(fpinit.o)
    0x00002b0c   0x00002b0c   0x00000004   Code   RO         2645    x$fpl$printf1       fz_wm.l(printf1.o)
    0x00002b10   0x00002b10   0x00000000   Code   RO         2659    x$fpl$usenofp       fz_wm.l(usenofp.o)
    0x00002b10   0x00002b10   0x0000001c   Data   RO          358    .constdata          uartstdio.o
    0x00002b2c   0x00002b2c   0x00000228   Data   RO          602    .constdata          driverlib.lib(gpio.o)
    0x00002d54   0x00002d54   0x0000010c   Data   RO         1232    .constdata          driverlib.lib(interrupt.o)
    0x00002e60   0x00002e60   0x00000254   Data   RO         1749    .constdata          driverlib.lib(sysctl.o)
    0x000030b4   0x000030b4   0x00000011   Data   RO         2630    .constdata          c_w.l(__printf_flags_wp.o)
    0x000030c5   0x000030c5   0x00000003   PAD
    0x000030c8   0x000030c8   0x00000094   Data   RO         2687    .constdata          c_w.l(bigflt0.o)
    0x0000315c   0x0000315c   0x00000011   Data   RO          359    .conststring        uartstdio.o
    0x0000316d   0x0000316d   0x00000003   PAD
    0x00003170   0x00003170   0x00000020   Data   RO         2857    Region$$Table       anon$$obj.o
    0x00003190   0x00003190   0x0000001c   Data   RO         2711    locale$$data        c_w.l(lc_numeric_c.o)


    Execution Region RW_IRAM1 (Exec base: 0x20000000, Load base: 0x000031ac, Size: 0x000010f0, Max: 0x00008000, ABSOLUTE)

    Exec Addr    Load Addr    Size         Type   Attr      Idx    E Section Name        Object

    0x20000000   0x000031ac   0x00000038   Data   RW            4    .data               main.o
    0x20000038   0x000031e4   0x00000001   Data   RW          102    .data               timer0lib.o
    0x20000039   0x000031e5   0x00000001   Data   RW          149    .data               timer1lib.o
    0x2000003a   0x000031e6   0x00000001   Data   RW          184    .data               uartlib.o
    0x2000003b   0x000031e7   0x00000001   PAD
    0x2000003c   0x000031e8   0x00000005   Data   RW          360    .data               uartstdio.o
    0x20000041   0x000031ed   0x00000001   Data   RW          450    .data               timer2lib.o
    0x20000042   0x000031ee   0x00000002   PAD
    0x20000044        -       0x00000048   Zero   RW          307    .bss                pidlib.o
    0x2000008c        -       0x00000060   Zero   RW         2719    .bss                c_w.l(libspace.o)
    0x200000ec   0x000031ee   0x00000004   PAD
    0x200000f0        -       0x00000000   Zero   RW           90    HEAP                startup_rvmdk.o
    0x200000f0        -       0x00001000   Zero   RW           89    STACK               startup_rvmdk.o


==============================================================================

Image component sizes


      Code (inc. data)   RO Data    RW Data    ZI Data      Debug   Object Name

       530         68          0          0          0       4275   encoder.o
       876        214          0         56          0       8398   main.o
       656         60          0          0          0       3374   motor.o
       160         16          0          0         72      15892   pidlib.o
       672        636          0          0       4096        676   startup_rvmdk.o
       172         28          0          1          0       2719   timer0lib.o
       172         28          0          1          0       2719   timer1lib.o
        80         10          0          1          0        901   timer2lib.o
       144         28          0          1          0       2645   uartlib.o
       814         40         45          5          0       5463   uartstdio.o

    ----------------------------------------------------------------------
      4280       1128         80         68       4168      47062   Object Totals
         0          0         32          0          0          0   (incl. Generated)
         4          0          3          3          0          0   (incl. Padding)

    ----------------------------------------------------------------------

      Code (inc. data)   RO Data    RW Data    ZI Data      Debug   Library Member Name

        58          0          0          0          0       1004   arm_pid_init_f32.o
        10          0          0          0          0        799   arm_pid_reset_f32.o
         8          0          0          0          0         68   __main.o
       312          4         17          0          0         92   __printf_flags_wp.o
        14          0          0          0          0         68   __printf_wp.o
         0          0          0          0          0          0   __rtentry.o
        12          0          0          0          0          0   __rtentry2.o
         6          0          0          0          0          0   __rtentry4.o
        52          8          0          0          0          0   __scatter.o
        26          0          0          0          0          0   __scatter_copy.o
        28          0          0          0          0          0   __scatter_zi.o
        48          6          0          0          0         96   _printf_char_common.o
         6          0          0          0          0          0   _printf_f.o
      1054          0          0          0          0        216   _printf_fp_dec.o
       128         16          0          0          0         84   _printf_fp_infnan.o
        78          0          0          0          0        108   _printf_pad.o
         0          0          0          0          0          0   _printf_percent.o
         4          0          0          0          0          0   _printf_percent_end.o
        10          0          0          0          0         68   _sputc.o
       228          4        148          0          0         96   bigflt0.o
      1936        128          0          0          0        672   btod.o
        18          0          0          0          0         80   exit.o
         6          0          0          0          0        152   heapauxi.o
         0          0          0          0          0          0   indicate_semi.o
        44         10         28          0          0         76   lc_numeric_c.o
         2          0          0          0          0          0   libinit.o
        22          0          0          0          0          0   libinit2.o
         2          0          0          0          0          0   libshutdown.o
         2          0          0          0          0          0   libshutdown2.o
         8          4          0          0         96         68   libspace.o
       138          0          0          0          0         80   lludiv10.o
        40          6          0          0          0         84   noretval__2sprintf.o
         8          4          0          0          0         68   rt_locale_intlibspace.o
         2          0          0          0          0          0   rtexit.o
        10          0          0          0          0          0   rtexit2.o
       128          0          0          0          0         68   strcmpv7m.o
        12          4          0          0          0         68   sys_exit.o
        74          0          0          0          0         80   sys_stackheap_outer.o
         2          0          0          0          0         68   use_no_semi.o
        38          0          0          0          0        572   cpu.o
        32          8          0          0          0       3956   fpu.o
       538          8        552          0          0       5690   gpio.o
       114          8        268          0          0       2042   interrupt.o
       114          0          0          0          0       2639   pwm.o
       124          0          0          0          0       6293   qei.o
       738         68        596          0          0       5403   sysctl.o
       140          8          0          0          0       2591   timer.o
        52          0          0          0          0       3297   uart.o
        12          0          0          0          0        116   dretinf.o
        86          4          0          0          0        132   f2d.o
       140          4          0          0          0        132   fnaninf.o
        10          0          0          0          0        116   fpinit.o
         4          0          0          0          0        116   printf1.o
         0          0          0          0          0          0   usenofp.o
        48          0          0          0          0        124   fpclassify.o

    ----------------------------------------------------------------------
      6744        302       1612          0        100      37482   Library Totals
        18          0          3          0          4          0   (incl. Padding)

    ----------------------------------------------------------------------

      Code (inc. data)   RO Data    RW Data    ZI Data      Debug   Library Name

        68          0          0          0          0       1803   arm_cortexM4lf_math.lib
      4468        194        193          0         96       2460   c_w.l
      1890        100       1416          0          0      32483   driverlib.lib
       252          8          0          0          0        612   fz_wm.l
        48          0          0          0          0        124   m_wm.l

    ----------------------------------------------------------------------
      6744        302       1612          0        100      37482   Library Totals

    ----------------------------------------------------------------------

==============================================================================


      Code (inc. data)   RO Data    RW Data    ZI Data      Debug   

     11024       1430       1692         68       4268      75928   Grand Totals
     11024       1430       1692         68       4268      75928   ELF Image Totals
     11024       1430       1692         68          0          0   ROM Totals

==============================================================================

    Total RO  Size (Code + RO Data)                12716 (  12.42kB)
    Total RW  Size (RW Data + ZI Data)              4336 (   4.23kB)
    Total ROM Size (Code + RO Data + RW Data)      12784 (  12.48kB)

==============================================================================

